Component: ARM Compiler 5.06 update 6 (build 750) Tool: armlink [4d35ed]

==============================================================================

Section Cross References

    main.o(i.MainTask) refers to cpu_core.o(i.CPU_Init) for CPU_Init
    main.o(i.MainTask) refers to os_stat.o(i.OSStatTaskCPUUsageInit) for OSStatTaskCPUUsageInit
    main.o(i.MainTask) refers to wled.o(i.wLed_IdInit) for wLed_IdInit
    main.o(i.MainTask) refers to wserial.o(i.wSerial_Init) for wSerial_Init
    main.o(i.MainTask) refers to wserial.o(i.wSerial_Receive) for wSerial_Receive
    main.o(i.MainTask) refers to wserial.o(i.wSerial_Printf) for wSerial_Printf
    main.o(i.MainTask) refers to wserial.o(i.wSerial_Transmit) for wSerial_Transmit
    main.o(i.MainTask) refers to main.o(.bss) for data
    main.o(i.main) refers to wsys.o(i.wSys_ClockConfig) for wSys_ClockConfig
    main.o(i.main) refers to wsys.o(i.wSys_GetClkFreq) for wSys_GetClkFreq
    main.o(i.main) refers to os_cpu_c.o(i.OS_CPU_SysTickInit) for OS_CPU_SysTickInit
    main.o(i.main) refers to os_core.o(i.OSInit) for OSInit
    main.o(i.main) refers to os_task.o(i.OSTaskCreate) for OSTaskCreate
    main.o(i.main) refers to os_core.o(i.OSStart) for OSStart
    main.o(i.main) refers to startup_stm32f405xx.o(RESET) for __Vectors
    main.o(i.main) refers to main.o(.bss) for Main_TaskStk
    main.o(i.main) refers to main.o(i.MainTask) for MainTask
    wled.o(i.wLed_IdInit) refers to os_tmr.o(i.OSTmrCreate) for OSTmrCreate
    wled.o(i.wLed_IdInit) refers to wgpio.o(i.wGpio_putInit) for wGpio_putInit
    wled.o(i.wLed_IdInit) refers to wled.o(i.wLed_SetIdStatus) for wLed_SetIdStatus
    wled.o(i.wLed_IdInit) refers to wled.o(.bss) for led
    wled.o(i.wLed_IdInit) refers to wled.o(i.wLed_TmrOn) for wLed_TmrOn
    wled.o(i.wLed_IdInit) refers to wled.o(i.wLed_TmrOff) for wLed_TmrOff
    wled.o(i.wLed_Init) refers to os_tmr.o(i.OSTmrCreate) for OSTmrCreate
    wled.o(i.wLed_Init) refers to wgpio.o(i.wGpio_putInit) for wGpio_putInit
    wled.o(i.wLed_Init) refers to wled.o(i.wLed_SetStatus) for wLed_SetStatus
    wled.o(i.wLed_Init) refers to wled.o(i.wLed_TmrOn) for wLed_TmrOn
    wled.o(i.wLed_Init) refers to wled.o(i.wLed_TmrOff) for wLed_TmrOff
    wled.o(i.wLed_SetIdStatus) refers to wled.o(i.wLed_TmrOn) for wLed_TmrOn
    wled.o(i.wLed_SetIdStatus) refers to wled.o(.bss) for led
    wled.o(i.wLed_SetStatus) refers to wled.o(i.wLed_TmrOn) for wLed_TmrOn
    wled.o(i.wLed_TmrOff) refers to wgpio.o(i.wGpio_putWrite) for wGpio_putWrite
    wled.o(i.wLed_TmrOff) refers to os_tmr.o(i.OSTmrSet) for OSTmrSet
    wled.o(i.wLed_TmrOff) refers to os_tmr.o(i.OSTmrStart) for OSTmrStart
    wled.o(i.wLed_TmrOff) refers to wled.o(i.wLed_TmrOn) for wLed_TmrOn
    wled.o(i.wLed_TmrOn) refers to wgpio.o(i.wGpio_putWrite) for wGpio_putWrite
    wled.o(i.wLed_TmrOn) refers to os_tmr.o(i.OSTmrSet) for OSTmrSet
    wled.o(i.wLed_TmrOn) refers to os_tmr.o(i.OSTmrStart) for OSTmrStart
    wled.o(i.wLed_TmrOn) refers to wled.o(i.wLed_TmrOff) for wLed_TmrOff
    wserial.o(i.wSerial_CSSInit) refers to wuart.o(i.wUart_CSSInit) for wUart_CSSInit
    wserial.o(i.wSerial_CSSInit) refers to wserial.o(.bss) for Serial
    wserial.o(i.wSerial_Init) refers to os_sem.o(i.OSSemCreate) for OSSemCreate
    wserial.o(i.wSerial_Init) refers to wuart.o(i.wUart_DMAInit) for wUart_DMAInit
    wserial.o(i.wSerial_Init) refers to wuart.o(i.wUart_SetCallback) for wUart_SetCallback
    wserial.o(i.wSerial_Init) refers to wserial.o(.bss) for Serial
    wserial.o(i.wSerial_Init) refers to wserial.o(i.wSerial_RxIdleIRQHandler) for wSerial_RxIdleIRQHandler
    wserial.o(i.wSerial_Init) refers to wserial.o(i.wSerial_TxIRQHandler) for wSerial_TxIRQHandler
    wserial.o(i.wSerial_Printf) refers to h1_alloc.o(.text) for malloc
    wserial.o(i.wSerial_Printf) refers to wsprintf.o(i.wvsprintf) for wvsprintf
    wserial.o(i.wSerial_Printf) refers to wserial.o(i.wSerial_Transmit) for wSerial_Transmit
    wserial.o(i.wSerial_Printf) refers to h1_free.o(.text) for free
    wserial.o(i.wSerial_PrintfHex) refers to h1_alloc.o(.text) for malloc
    wserial.o(i.wSerial_PrintfHex) refers to wsprintf.o(i.wsprintf) for wsprintf
    wserial.o(i.wSerial_PrintfHex) refers to wserial.o(i.wSerial_Transmit) for wSerial_Transmit
    wserial.o(i.wSerial_PrintfHex) refers to h1_free.o(.text) for free
    wserial.o(i.wSerial_Receive) refers to os_sem.o(i.OSSemSet) for OSSemSet
    wserial.o(i.wSerial_Receive) refers to wuart.o(i.wUart_DMAReceive) for wUart_DMAReceive
    wserial.o(i.wSerial_Receive) refers to os_sem.o(i.OSSemPend) for OSSemPend
    wserial.o(i.wSerial_Receive) refers to wuart.o(i.wUart_AbortReceive) for wUart_AbortReceive
    wserial.o(i.wSerial_Receive) refers to wserial.o(.bss) for Serial
    wserial.o(i.wSerial_RxIdleIRQHandler) refers to os_sem.o(i.OSSemPost) for OSSemPost
[...]
    RTC_Alarm_IRQHandler                     0x0800027b   Thumb Code     0  startup_stm32f405xx.o(.text)
    RTC_WKUP_IRQHandler                      0x0800027b   Thumb Code     0  startup_stm32f405xx.o(.text)
    SDIO_IRQHandler                          0x0800027b   Thumb Code     0  startup_stm32f405xx.o(.text)
    SPI1_IRQHandler                          0x0800027b   Thumb Code     0  startup_stm32f405xx.o(.text)
    SPI2_IRQHandler                          0x0800027b   Thumb Code     0  startup_stm32f405xx.o(.text)
    SPI3_IRQHandler                          0x0800027b   Thumb Code     0  startup_stm32f405xx.o(.text)
    TAMP_STAMP_IRQHandler                    0x0800027b   Thumb Code     0  startup_stm32f405xx.o(.text)
    TIM1_BRK_TIM9_IRQHandler                 0x0800027b   Thumb Code     0  startup_stm32f405xx.o(.text)
    TIM1_CC_IRQHandler                       0x0800027b   Thumb Code     0  startup_stm32f405xx.o(.text)
    TIM1_TRG_COM_TIM11_IRQHandler            0x0800027b   Thumb Code     0  startup_stm32f405xx.o(.text)
    TIM1_UP_TIM10_IRQHandler                 0x0800027b   Thumb Code     0  startup_stm32f405xx.o(.text)
    TIM2_IRQHandler                          0x0800027b   Thumb Code     0  startup_stm32f405xx.o(.text)
    TIM3_IRQHandler                          0x0800027b   Thumb Code     0  startup_stm32f405xx.o(.text)
    TIM4_IRQHandler                          0x0800027b   Thumb Code     0  startup_stm32f405xx.o(.text)
    TIM5_IRQHandler                          0x0800027b   Thumb Code     0  startup_stm32f405xx.o(.text)
    TIM6_DAC_IRQHandler                      0x0800027b   Thumb Code     0  startup_stm32f405xx.o(.text)
    TIM7_IRQHandler                          0x0800027b   Thumb Code     0  startup_stm32f405xx.o(.text)
    TIM8_BRK_TIM12_IRQHandler                0x0800027b   Thumb Code     0  startup_stm32f405xx.o(.text)
    TIM8_CC_IRQHandler                       0x0800027b   Thumb Code     0  startup_stm32f405xx.o(.text)
    TIM8_TRG_COM_TIM14_IRQHandler            0x0800027b   Thumb Code     0  startup_stm32f405xx.o(.text)
    TIM8_UP_TIM13_IRQHandler                 0x0800027b   Thumb Code     0  startup_stm32f405xx.o(.text)
    WWDG_IRQHandler                          0x0800027b   Thumb Code     0  startup_stm32f405xx.o(.text)
    __user_initial_stackheap                 0x0800027d   Thumb Code     0  startup_stm32f405xx.o(.text)
    malloc                                   0x080002a1   Thumb Code    94  h1_alloc.o(.text)
    free                                     0x080002ff   Thumb Code    78  h1_free.o(.text)
    __aeabi_uldivmod                         0x0800034d   Thumb Code     0  lludivv7m.o(.text)
    _ll_udiv                                 0x0800034d   Thumb Code   238  lludivv7m.o(.text)
    __aeabi_memclr4                          0x0800043b   Thumb Code     0  rt_memclr_w.o(.text)
    __aeabi_memclr8                          0x0800043b   Thumb Code     0  rt_memclr_w.o(.text)
    __rt_memclr_w                            0x0800043b   Thumb Code    78  rt_memclr_w.o(.text)
    _memset_w                                0x0800043f   Thumb Code     0  rt_memclr_w.o(.text)
    __use_two_region_memory                  0x08000489   Thumb Code     2  heapauxi.o(.text)
    __rt_heap_escrow                         0x0800048b   Thumb Code     2  heapauxi.o(.text)
    __rt_heap_expand                         0x0800048d   Thumb Code     2  heapauxi.o(.text)
    __rt_heap_descriptor                     0x08000491   Thumb Code     8  rt_heap_descriptor_intlibspace.o(.text)
    __use_no_heap                            0x08000499   Thumb Code     2  hguard.o(.text)
    __heap$guard                             0x0800049b   Thumb Code     2  hguard.o(.text)
    _terminate_user_alloc                    0x0800049d   Thumb Code     2  init_alloc.o(.text)
    _init_user_alloc                         0x0800049f   Thumb Code     2  init_alloc.o(.text)
    __Heap_Full                              0x080004a1   Thumb Code    34  init_alloc.o(.text)
    __Heap_Broken                            0x080004c3   Thumb Code     6  init_alloc.o(.text)
    _init_alloc                              0x080004c9   Thumb Code    94  init_alloc.o(.text)
    __Heap_Initialize                        0x08000527   Thumb Code    10  h1_init.o(.text)
    __Heap_DescSize                          0x08000531   Thumb Code     4  h1_init.o(.text)
    __user_libspace                          0x08000535   Thumb Code     8  libspace.o(.text)
    __user_perproc_libspace                  0x08000535   Thumb Code     0  libspace.o(.text)
    __user_perthread_libspace                0x08000535   Thumb Code     0  libspace.o(.text)
    __Heap_ProvideMemory                     0x0800053d   Thumb Code    52  h1_extend.o(.text)
    __rt_SIGRTMEM                            0x08000571   Thumb Code    14  defsig_rtmem_outer.o(.text)
    __I$use$semihosting                      0x0800057f   Thumb Code     0  use_no_semi.o(.text)
    __use_no_semihosting_swi                 0x0800057f   Thumb Code     2  use_no_semi.o(.text)
    __semihosting_library_function           0x08000581   Thumb Code     0  indicate_semi.o(.text)
    __user_setup_stackheap                   0x08000581   Thumb Code    74  sys_stackheap_outer.o(.text)
    exit                                     0x080005cb   Thumb Code    18  exit.o(.text)
    __sig_exit                               0x080005dd   Thumb Code    10  defsig_exit.o(.text)
    __rt_SIGRTMEM_inner                      0x080005e9   Thumb Code    22  defsig_rtmem_inner.o(.text)
    _sys_exit                                0x08000639   Thumb Code     8  sys_exit.o(.text)
    __default_signal_display                 0x08000645   Thumb Code    50  defsig_general.o(.text)
    _ttywrch                                 0x08000677   Thumb Code    14  sys_wrch.o(.text)
    OSStartHighRdy                           0x08000685   Thumb Code     0  os_cpu_a.o(CODE)
    OSCtxSw                                  0x080006ff   Thumb Code     0  os_cpu_a.o(CODE)
    OSIntCtxSw                               0x080006ff   Thumb Code     0  os_cpu_a.o(CODE)
    PendSV_Handler                           0x08000709   Thumb Code     0  os_cpu_a.o(CODE)
    BusFault_Handler                         0x0800077d   Thumb Code     4  wit.o(i.BusFault_Handler)
    CPU_Init                                 0x08000781   Thumb Code     8  cpu_core.o(i.CPU_Init)
    CPU_TS_TmrFreqSet                        0x0800079d   Thumb Code     6  cpu_core.o(i.CPU_TS_TmrFreqSet)
    CPU_TS_TmrInit                           0x080007a9   Thumb Code    44  os_bsp.o(i.CPU_TS_TmrInit)
    CPU_TS_TmrRd                             0x080007dd   Thumb Code     6  os_bsp.o(i.CPU_TS_TmrRd)
    DMA1_Stream0_IRQHandler                  0x080007e9   Thumb Code    34  wdma.o(i.DMA1_Stream0_IRQHandler)
    DMA1_Stream1_IRQHandler                  0x08000811   Thumb Code    34  wdma.o(i.DMA1_Stream1_IRQHandler)
    DMA1_Stream2_IRQHandler                  0x08000839   Thumb Code    34  wdma.o(i.DMA1_Stream2_IRQHandler)
    DMA1_Stream3_IRQHandler                  0x08000861   Thumb Code    34  wdma.o(i.DMA1_Stream3_IRQHandler)
    DMA1_Stream4_IRQHandler                  0x08000889   Thumb Code    34  wdma.o(i.DMA1_Stream4_IRQHandler)
    DMA1_Stream5_IRQHandler                  0x080008b1   Thumb Code    34  wdma.o(i.DMA1_Stream5_IRQHandler)
    DMA1_Stream6_IRQHandler                  0x080008d9   Thumb Code    34  wdma.o(i.DMA1_Stream6_IRQHandler)
    DMA1_Stream7_IRQHandler                  0x08000901   Thumb Code    34  wdma.o(i.DMA1_Stream7_IRQHandler)
    DMA2_Stream0_IRQHandler                  0x08000929   Thumb Code    34  wdma.o(i.DMA2_Stream0_IRQHandler)
    DMA2_Stream1_IRQHandler                  0x08000951   Thumb Code    34  wdma.o(i.DMA2_Stream1_IRQHandler)
    DMA2_Stream2_IRQHandler                  0x08000979   Thumb Code    34  wdma.o(i.DMA2_Stream2_IRQHandler)
    DMA2_Stream3_IRQHandler                  0x080009a1   Thumb Code    34  wdma.o(i.DMA2_Stream3_IRQHandler)
    DMA2_Stream4_IRQHandler                  0x080009c9   Thumb Code    34  wdma.o(i.DMA2_Stream4_IRQHandler)
    DMA2_Stream5_IRQHandler                  0x080009f1   Thumb Code    34  wdma.o(i.DMA2_Stream5_IRQHandler)
    DMA2_Stream6_IRQHandler                  0x08000a19   Thumb Code    34  wdma.o(i.DMA2_Stream6_IRQHandler)
    DMA2_Stream7_IRQHandler                  0x08000a41   Thumb Code    34  wdma.o(i.DMA2_Stream7_IRQHandler)
    DebugMon_Handler                         0x08000b73   Thumb Code     2  wit.o(i.DebugMon_Handler)
    EXTI0_IRQHandler                         0x08000b75   Thumb Code    24  wgpio.o(i.EXTI0_IRQHandler)
    EXTI15_10_IRQHandler                     0x08000b8d   Thumb Code    66  wgpio.o(i.EXTI15_10_IRQHandler)
    EXTI1_IRQHandler                         0x08000bcf   Thumb Code    24  wgpio.o(i.EXTI1_IRQHandler)
    EXTI2_IRQHandler                         0x08000be7   Thumb Code    24  wgpio.o(i.EXTI2_IRQHandler)
    EXTI3_IRQHandler                         0x08000bff   Thumb Code    24  wgpio.o(i.EXTI3_IRQHandler)
    EXTI4_IRQHandler                         0x08000c17   Thumb Code    24  wgpio.o(i.EXTI4_IRQHandler)
    EXTI9_5_IRQHandler                       0x08000c2f   Thumb Code    52  wgpio.o(i.EXTI9_5_IRQHandler)
    HAL_DMA_Abort_IT                         0x08000c63   Thumb Code    40  stm32f4xx_hal_dma.o(i.HAL_DMA_Abort_IT)
    HAL_DMA_IRQHandler                       0x08000c8d   Thumb Code   570  stm32f4xx_hal_dma.o(i.HAL_DMA_IRQHandler)
    HAL_DMA_Init                             0x08000ecd   Thumb Code   232  stm32f4xx_hal_dma.o(i.HAL_DMA_Init)
    HAL_DMA_Start_IT                         0x08000fb9   Thumb Code   158  stm32f4xx_hal_dma.o(i.HAL_DMA_Start_IT)
    HAL_GPIO_EXTI_Callback                   0x08001059   Thumb Code   184  wgpio.o(i.HAL_GPIO_EXTI_Callback)
    HAL_GPIO_EXTI_IRQHandler                 0x08001115   Thumb Code    24  stm32f4xx_hal_gpio.o(i.HAL_GPIO_EXTI_IRQHandler)
    HAL_GPIO_Init                            0x08001131   Thumb Code   466  stm32f4xx_hal_gpio.o(i.HAL_GPIO_Init)
    HAL_GPIO_TogglePin                       0x08001331   Thumb Code    18  stm32f4xx_hal_gpio.o(i.HAL_GPIO_TogglePin)
    HAL_GPIO_WritePin                        0x08001343   Thumb Code    12  stm32f4xx_hal_gpio.o(i.HAL_GPIO_WritePin)
    HAL_GetREVID                             0x08001351   Thumb Code     8  stm32f4xx_hal.o(i.HAL_GetREVID)
    HAL_GetTick                              0x0800135d   Thumb Code     6  stm32f4xx_hal.o(i.HAL_GetTick)
    HAL_IncTick                              0x08001369   Thumb Code    16  stm32f4xx_hal.o(i.HAL_IncTick)
    HAL_Init                                 0x08001381   Thumb Code    54  stm32f4xx_hal.o(i.HAL_Init)
    HAL_InitTick                             0x080013bd   Thumb Code    64  stm32f4xx_hal.o(i.HAL_InitTick)
    HAL_MspInit                              0x08001409   Thumb Code   182  wsys.o(i.HAL_MspInit)
    HAL_NVIC_ClearPendingIRQ                 0x080014d5   Thumb Code    30  stm32f4xx_hal_cortex.o(i.HAL_NVIC_ClearPendingIRQ)
    HAL_NVIC_EnableIRQ                       0x080014f9   Thumb Code    32  stm32f4xx_hal_cortex.o(i.HAL_NVIC_EnableIRQ)
    HAL_NVIC_SetPriority                     0x08001519   Thumb Code   124  stm32f4xx_hal_cortex.o(i.HAL_NVIC_SetPriority)
    HAL_NVIC_SetPriorityGrouping             0x08001595   Thumb Code    32  stm32f4xx_hal_cortex.o(i.HAL_NVIC_SetPriorityGrouping)
    HAL_NVIC_SystemReset                     0x080015bd   Thumb Code    60  stm32f4xx_hal_cortex.o(i.HAL_NVIC_SystemReset)
    HAL_RCC_ClockConfig                      0x08001601   Thumb Code   366  stm32f4xx_hal_rcc.o(i.HAL_RCC_ClockConfig)
    HAL_RCC_DeInit                           0x08001781   Thumb Code   356  stm32f4xx_hal_rcc_ex.o(i.HAL_RCC_DeInit)
    HAL_RCC_EnableCSS                        0x080018f9   Thumb Code     8  stm32f4xx_hal_rcc.o(i.HAL_RCC_EnableCSS)
    HAL_RCC_GetHCLKFreq                      0x08001905   Thumb Code     6  stm32f4xx_hal_rcc.o(i.HAL_RCC_GetHCLKFreq)
    HAL_RCC_GetPCLK1Freq                     0x08001911   Thumb Code    22  stm32f4xx_hal_rcc.o(i.HAL_RCC_GetPCLK1Freq)
    HAL_RCC_GetPCLK2Freq                     0x08001931   Thumb Code    22  stm32f4xx_hal_rcc.o(i.HAL_RCC_GetPCLK2Freq)
    HAL_RCC_GetSysClockFreq                  0x08001951   Thumb Code   162  stm32f4xx_hal_rcc.o(i.HAL_RCC_GetSysClockFreq)
    HAL_RCC_OscConfig                        0x08001a01   Thumb Code  1086  stm32f4xx_hal_rcc.o(i.HAL_RCC_OscConfig)
    HAL_SYSTICK_CLKSourceConfig              0x08001e49   Thumb Code    40  stm32f4xx_hal_cortex.o(i.HAL_SYSTICK_CLKSourceConfig)
    HAL_SYSTICK_Config                       0x08001e71   Thumb Code    52  stm32f4xx_hal_cortex.o(i.HAL_SYSTICK_Config)
    HAL_UART_AbortReceiveCpltCallback        0x08001ea5   Thumb Code     2  stm32f4xx_hal_uart.o(i.HAL_UART_AbortReceiveCpltCallback)
    HAL_UART_AbortReceive_IT                 0x08001ea9   Thumb Code   116  stm32f4xx_hal_uart.o(i.HAL_UART_AbortReceive_IT)
    HAL_UART_ErrorCallback                   0x08001f21   Thumb Code     2  stm32f4xx_hal_uart.o(i.HAL_UART_ErrorCallback)
    HAL_UART_IRQHandler                      0x08001f25   Thumb Code   328  stm32f4xx_hal_uart.o(i.HAL_UART_IRQHandler)
    HAL_UART_Init                            0x08002071   Thumb Code   114  stm32f4xx_hal_uart.o(i.HAL_UART_Init)
    HAL_UART_MspInit                         0x080020e3   Thumb Code     2  stm32f4xx_hal_uart.o(i.HAL_UART_MspInit)
    HAL_UART_Receive_DMA                     0x080020e5   Thumb Code   182  stm32f4xx_hal_uart.o(i.HAL_UART_Receive_DMA)
    HAL_UART_RxCpltCallback                  0x080021a9   Thumb Code     2  stm32f4xx_hal_uart.o(i.HAL_UART_RxCpltCallback)
    HAL_UART_RxCpltCallback_Idle             0x080021ad   Thumb Code    72  wuart.o(i.HAL_UART_RxCpltCallback_Idle)
    HAL_UART_RxHalfCpltCallback              0x080021f9   Thumb Code     2  stm32f4xx_hal_uart.o(i.HAL_UART_RxHalfCpltCallback)
    HAL_UART_Transmit_DMA                    0x080021fd   Thumb Code   142  stm32f4xx_hal_uart.o(i.HAL_UART_Transmit_DMA)
    HAL_UART_TxCpltCallback                  0x08002299   Thumb Code    56  wuart.o(i.HAL_UART_TxCpltCallback)
    HAL_UART_TxHalfCpltCallback              0x080022d9   Thumb Code     2  stm32f4xx_hal_uart.o(i.HAL_UART_TxHalfCpltCallback)
    HardFault_Handler                        0x080022db   Thumb Code     4  wit.o(i.HardFault_Handler)
    MemManage_Handler                        0x08002371   Thumb Code     4  wit.o(i.MemManage_Handler)
    NMI_Handler                              0x08002375   Thumb Code     2  wit.o(i.NMI_Handler)
    OSCfg_Init                               0x08002377   Thumb Code     2  os_cfg_app.o(i.OSCfg_Init)
    OSInit                                   0x08002379   Thumb Code   214  os_core.o(i.OSInit)
    OSInitHook                               0x0800249d   Thumb Code    34  os_cpu_c.o(i.OSInitHook)
    OSIntEnter                               0x080024d1   Thumb Code    34  os_core.o(i.OSIntEnter)
    OSIntExit                                0x080024fd   Thumb Code   180  os_core.o(i.OSIntExit)
    OSMutexCreate                            0x080025d1   Thumb Code   122  os_mutex.o(i.OSMutexCreate)
    OSMutexPend                              0x08002655   Thumb Code   430  os_mutex.o(i.OSMutexPend)
    OSMutexPost                              0x0800280d   Thumb Code   326  os_mutex.o(i.OSMutexPost)
    OSSched                                  0x0800295d   Thumb Code   126  os_core.o(i.OSSched)
    OSSemCreate                              0x080029f9   Thumb Code   120  os_sem.o(i.OSSemCreate)
    OSSemPend                                0x08002a79   Thumb Code   330  os_sem.o(i.OSSemPend)
    OSSemPost                                0x08002bcd   Thumb Code   186  os_sem.o(i.OSSemPost)
    OSSemSet                                 0x08002c87   Thumb Code    76  os_sem.o(i.OSSemSet)
    OSStart                                  0x08002cd5   Thumb Code   120  os_core.o(i.OSStart)
    OSStatReset                              0x08002d6d   Thumb Code   244  os_stat.o(i.OSStatReset)
    OSStatTaskCPUUsageInit                   0x08002e85   Thumb Code   216  os_stat.o(i.OSStatTaskCPUUsageInit)
    OSStatTaskHook                           0x08002f79   Thumb Code     2  os_cpu_c.o(i.OSStatTaskHook)
    OSTaskCreate                             0x08002f7d   Thumb Code   312  os_task.o(i.OSTaskCreate)
    OSTaskCreateHook                         0x080030c1   Thumb Code     2  os_cpu_c.o(i.OSTaskCreateHook)
    OSTaskDel                                0x080030c5   Thumb Code   368  os_task.o(i.OSTaskDel)
    OSTaskDelHook                            0x08003241   Thumb Code     2  os_cpu_c.o(i.OSTaskDelHook)
    OSTaskResume                             0x08003243   Thumb Code   256  os_task.o(i.OSTaskResume)
    OSTaskReturnHook                         0x08003343   Thumb Code     2  os_cpu_c.o(i.OSTaskReturnHook)
    OSTaskStkChk                             0x08003345   Thumb Code   174  os_task.o(i.OSTaskStkChk)
    OSTaskStkInit                            0x080033f9   Thumb Code   204  os_cpu_c.o(i.OSTaskStkInit)
    OSTaskSuspend                            0x080034c9   Thumb Code   352  os_task.o(i.OSTaskSuspend)
    OSTaskSwHook                             0x08003639   Thumb Code    70  os_cpu_c.o(i.OSTaskSwHook)
    OSTimeDly                                0x08003689   Thumb Code   140  os_time.o(i.OSTimeDly)
    OSTimeTick                               0x0800371d   Thumb Code    26  os_time.o(i.OSTimeTick)
    OSTimeTickHook                           0x0800373d   Thumb Code     2  os_cpu_c.o(i.OSTimeTickHook)
    OSTmrCreate                              0x08003741   Thumb Code   156  os_tmr.o(i.OSTmrCreate)
    OSTmrSet                                 0x080037ed   Thumb Code    56  os_tmr.o(i.OSTmrSet)
    OSTmrStart                               0x08003829   Thumb Code   198  os_tmr.o(i.OSTmrStart)
    OS_CPU_SysTickHandler                    0x08003901   Thumb Code    46  os_cpu_c.o(i.OS_CPU_SysTickHandler)
    OS_CPU_SysTickInit                       0x08003931   Thumb Code    50  os_cpu_c.o(i.OS_CPU_SysTickInit)
    OS_Dbg_Init                              0x08003969   Thumb Code   284  os_dbg.o(i.OS_Dbg_Init)
    OS_IdleTask                              0x08003b91   Thumb Code    52  os_core.o(i.OS_IdleTask)
    OS_IdleTaskInit                          0x08003bcd   Thumb Code    66  os_core.o(i.OS_IdleTaskInit)
    OS_MemInit                               0x08003c3d   Thumb Code    14  os_mem.o(i.OS_MemInit)
    OS_MsgPoolInit                           0x08003c55   Thumb Code    80  os_msg.o(i.OS_MsgPoolInit)
    OS_MutexDbgListAdd                       0x08003cb1   Thumb Code    38  os_mutex.o(i.OS_MutexDbgListAdd)
    OS_MutexGrpAdd                           0x08003ce1   Thumb Code     8  os_mutex.o(i.OS_MutexGrpAdd)
    OS_MutexGrpPostAll                       0x08003ce9   Thumb Code    94  os_mutex.o(i.OS_MutexGrpPostAll)
    OS_MutexGrpPrioFindHighest               0x08003d47   Thumb Code    42  os_mutex.o(i.OS_MutexGrpPrioFindHighest)
    OS_MutexGrpRemove                        0x08003d71   Thumb Code    28  os_mutex.o(i.OS_MutexGrpRemove)
    OS_Pend                                  0x08003d8d   Thumb Code    64  os_core.o(i.OS_Pend)
    OS_PendDbgNameAdd                        0x08003dcd   Thumb Code    64  os_core.o(i.OS_PendDbgNameAdd)
    OS_PendDbgNameRemove                     0x08003e25   Thumb Code    32  os_core.o(i.OS_PendDbgNameRemove)
    OS_PendListChangePrio                    0x08003e49   Thumb Code    34  os_core.o(i.OS_PendListChangePrio)
    OS_PendListInit                          0x08003e6b   Thumb Code    10  os_core.o(i.OS_PendListInit)
    OS_PendListInsertPrio                    0x08003e75   Thumb Code   102  os_core.o(i.OS_PendListInsertPrio)
    OS_PendListRemove                        0x08003edb   Thumb Code    78  os_core.o(i.OS_PendListRemove)
    OS_Post                                  0x08003f29   Thumb Code   172  os_core.o(i.OS_Post)
    OS_PrioGetHighest                        0x08003fd5   Thumb Code    34  os_prio.o(i.OS_PrioGetHighest)
    OS_PrioInit                              0x08003ffd   Thumb Code    20  os_prio.o(i.OS_PrioInit)
    OS_PrioInsert                            0x08004015   Thumb Code    48  os_prio.o(i.OS_PrioInsert)
    OS_PrioRemove                            0x08004049   Thumb Code    48  os_prio.o(i.OS_PrioRemove)
    OS_RdyListInit                           0x0800407d   Thumb Code    30  os_core.o(i.OS_RdyListInit)
    OS_RdyListInsert                         0x080040a1   Thumb Code    40  os_core.o(i.OS_RdyListInsert)
    OS_RdyListInsertHead                     0x080040cd   Thumb Code    58  os_core.o(i.OS_RdyListInsertHead)
    OS_RdyListInsertTail                     0x0800410d   Thumb Code    56  os_core.o(i.OS_RdyListInsertTail)
    OS_RdyListRemove                         0x08004149   Thumb Code    86  os_core.o(i.OS_RdyListRemove)
    OS_SemDbgListAdd                         0x080041a5   Thumb Code    38  os_sem.o(i.OS_SemDbgListAdd)
    OS_StatTask                              0x080041d5   Thumb Code   750  os_stat.o(i.OS_StatTask)
    OS_StatTaskInit                          0x08004515   Thumb Code   144  os_stat.o(i.OS_StatTaskInit)
    OS_TaskBlock                             0x080045f1   Thumb Code    44  os_core.o(i.OS_TaskBlock)
    OS_TaskChangePrio                        0x08004621   Thumb Code   228  os_task.o(i.OS_TaskChangePrio)
    OS_TaskDbgListAdd                        0x08004709   Thumb Code    42  os_task.o(i.OS_TaskDbgListAdd)
    OS_TaskDbgListRemove                     0x08004739   Thumb Code    64  os_task.o(i.OS_TaskDbgListRemove)
    OS_TaskInit                              0x0800477d   Thumb Code    18  os_task.o(i.OS_TaskInit)
    OS_TaskInitTCB                           0x0800479d   Thumb Code   152  os_task.o(i.OS_TaskInitTCB)
    OS_TaskReturn                            0x08004841   Thumb Code    20  os_task.o(i.OS_TaskReturn)
    OS_TickInit                              0x08004859   Thumb Code    18  os_tick.o(i.OS_TickInit)
    OS_TickListInsert                        0x08004875   Thumb Code   162  os_tick.o(i.OS_TickListInsert)
    OS_TickListInsertDly                     0x08004921   Thumb Code   134  os_tick.o(i.OS_TickListInsertDly)
    OS_TickListRemove                        0x080049ad   Thumb Code    82  os_tick.o(i.OS_TickListRemove)
    OS_TickUpdate                            0x08004b41   Thumb Code    86  os_tick.o(i.OS_TickUpdate)
    OS_TmrDbgListAdd                         0x08004d71   Thumb Code    34  os_tmr.o(i.OS_TmrDbgListAdd)
    OS_TmrInit                               0x08004d99   Thumb Code   178  os_tmr.o(i.OS_TmrInit)
    OS_TmrLink                               0x08004eb9   Thumb Code   172  os_tmr.o(i.OS_TmrLink)
    OS_TmrTask                               0x08004f89   Thumb Code   254  os_tmr.o(i.OS_TmrTask)
    OS_TmrUnlink                             0x0800509d   Thumb Code   190  os_tmr.o(i.OS_TmrUnlink)
    SVC_Handler                              0x0800517d   Thumb Code     2  wit.o(i.SVC_Handler)
    SysTick_Handler                          0x0800517f   Thumb Code    12  wit.o(i.SysTick_Handler)
    SystemInit                               0x0800518d   Thumb Code    68  system_stm32f4xx.o(i.SystemInit)
    UART4_IRQHandler                         0x080051e1   Thumb Code    42  wuart.o(i.UART4_IRQHandler)
    UART5_IRQHandler                         0x08005211   Thumb Code    42  wuart.o(i.UART5_IRQHandler)
    USART1_IRQHandler                        0x08005821   Thumb Code    42  wuart.o(i.USART1_IRQHandler)
    USART2_IRQHandler                        0x08005851   Thumb Code    42  wuart.o(i.USART2_IRQHandler)
    USART3_IRQHandler                        0x08005881   Thumb Code    42  wuart.o(i.USART3_IRQHandler)
    USART6_IRQHandler                        0x080058b1   Thumb Code    42  wuart.o(i.USART6_IRQHandler)
    UsageFault_Handler                       0x080058e1   Thumb Code     4  wit.o(i.UsageFault_Handler)
    main                                     0x080064c1   Thumb Code   104  main.o(i.main)
    wDma_Init                                0x080066d1   Thumb Code   446  wdma.o(i.wDma_Init)
    wGpio_Init                               0x080068a5   Thumb Code   806  wgpio.o(i.wGpio_Init)
    wGpio_putInit                            0x08006bf5   Thumb Code   136  wgpio.o(i.wGpio_putInit)
    wGpio_putWrite                           0x08006ca1   Thumb Code    88  wgpio.o(i.wGpio_putWrite)
    wLed_IdInit                              0x08006cf9   Thumb Code   142  wled.o(i.wLed_IdInit)
    wLed_SetIdStatus                         0x08006dad   Thumb Code    66  wled.o(i.wLed_SetIdStatus)
    wSerial_Init                             0x08006f75   Thumb Code   108  wserial.o(i.wSerial_Init)
    wSerial_Printf                           0x0800700d   Thumb Code    82  wserial.o(i.wSerial_Printf)
    wSerial_Receive                          0x08007061   Thumb Code   132  wserial.o(i.wSerial_Receive)
    wSerial_RxIdleIRQHandler                 0x080070e9   Thumb Code    62  wserial.o(i.wSerial_RxIdleIRQHandler)
    wSerial_Transmit                         0x0800712d   Thumb Code    84  wserial.o(i.wSerial_Transmit)
    wSerial_TxIRQHandler                     0x08007185   Thumb Code    56  wserial.o(i.wSerial_TxIRQHandler)
    wStr_Atoi                                0x080071c1   Thumb Code   130  wstr.o(i.wStr_Atoi)
    wStr_Chr                                 0x08007243   Thumb Code    30  wstr.o(i.wStr_Chr)
    wStr_Cmp                                 0x08007261   Thumb Code    46  wstr.o(i.wStr_Cmp)
    wStr_Itoa                                0x0800728f   Thumb Code    84  wstr.o(i.wStr_Itoa)
    wStr_Len                                 0x080072e3   Thumb Code    22  wstr.o(i.wStr_Len)
    wStr_MeSet                               0x080072f9   Thumb Code    32  wstr.o(i.wStr_MeSet)
    wStr_MemCpy                              0x08007319   Thumb Code    52  wstr.o(i.wStr_MemCpy)
    wStr_nContain                            0x0800734d   Thumb Code    44  wstr.o(i.wStr_nContain)
    wStr_nLen                                0x08007379   Thumb Code    28  wstr.o(i.wStr_nLen)
    wSys_ClockConfig                         0x08007395   Thumb Code   270  wsys.o(i.wSys_ClockConfig)
    wSys_GetClkFreq                          0x080074b1   Thumb Code     8  wsys.o(i.wSys_GetClkFreq)
    wUart_AbortReceive                       0x080074cd   Thumb Code    52  wuart.o(i.wUart_AbortReceive)
    wUart_DMAInit                            0x0800754d   Thumb Code   432  wuart.o(i.wUart_DMAInit)
    wUart_DMAReceive                         0x08007715   Thumb Code    80  wuart.o(i.wUart_DMAReceive)
    wUart_DMATransmit                        0x08007769   Thumb Code    28  wuart.o(i.wUart_DMATransmit)
    wUart_Init                               0x08007785   Thumb Code   790  wuart.o(i.wUart_Init)
    wUart_SetCallback                        0x08007af9   Thumb Code    12  wuart.o(i.wUart_SetCallback)
    wvsprintf                                0x08007b05   Thumb Code  1026  wsprintf.o(i.wvsprintf)
    __aeabi_dadd                             0x08007f11   Thumb Code     0  daddsub_clz.o(x$fpl$dadd)
    _dadd                                    0x08007f11   Thumb Code   332  daddsub_clz.o(x$fpl$dadd)
    __fpl_dcmp_Inf                           0x08008061   Thumb Code    24  dcmpi.o(x$fpl$dcmpinf)
    __aeabi_cdcmpeq                          0x08008079   Thumb Code     0  deqf.o(x$fpl$deqf)
    _dcmpeq                                  0x08008079   Thumb Code   120  deqf.o(x$fpl$deqf)
    __aeabi_d2iz                             0x080080f1   Thumb Code     0  dfix.o(x$fpl$dfix)
    _dfix                                    0x080080f1   Thumb Code    94  dfix.o(x$fpl$dfix)
    __aeabi_i2d                              0x0800814f   Thumb Code     0  dflt_clz.o(x$fpl$dflt)
    _dflt                                    0x0800814f   Thumb Code    46  dflt_clz.o(x$fpl$dflt)
    __aeabi_cdcmple                          0x0800817d   Thumb Code     0  dleqf.o(x$fpl$dleqf)
    _dcmple                                  0x0800817d   Thumb Code   120  dleqf.o(x$fpl$dleqf)
    __fpl_dcmple_InfNaN                      0x080081df   Thumb Code     0  dleqf.o(x$fpl$dleqf)
    __aeabi_dmul                             0x080081f5   Thumb Code     0  dmul.o(x$fpl$dmul)
    _dmul                                    0x080081f5   Thumb Code   332  dmul.o(x$fpl$dmul)
    __fpl_dnaninf                            0x08008349   Thumb Code   156  dnaninf.o(x$fpl$dnaninf)
    __fpl_dretinf                            0x080083e5   Thumb Code    12  dretinf.o(x$fpl$dretinf)
    __aeabi_cdrcmple                         0x080083f1   Thumb Code     0  drleqf.o(x$fpl$drleqf)
    _drcmple                                 0x080083f1   Thumb Code   108  drleqf.o(x$fpl$drleqf)
    __aeabi_drsub                            0x0800845d   Thumb Code     0  daddsub_clz.o(x$fpl$drsb)
    _drsb                                    0x0800845d   Thumb Code    22  daddsub_clz.o(x$fpl$drsb)
    __aeabi_dsub                             0x08008475   Thumb Code     0  daddsub_clz.o(x$fpl$dsub)
    _dsub                                    0x08008475   Thumb Code   464  daddsub_clz.o(x$fpl$dsub)
    OSCfg_IdleTaskStkBasePtr                 0x08008648   Data           4  os_cfg_app.o(.constdata)
    __I$use$fp                               0x08008648   Number         0  usenofp.o(x$fpl$usenofp)
    OSCfg_IdleTaskStkLimit                   0x0800864c   Data           4  os_cfg_app.o(.constdata)
    OSCfg_IdleTaskStkSize                    0x08008650   Data           4  os_cfg_app.o(.constdata)
    OSCfg_IdleTaskStkSizeRAM                 0x08008654   Data           4  os_cfg_app.o(.constdata)
    OSCfg_ISRStkBasePtr                      0x08008658   Data           4  os_cfg_app.o(.constdata)
    OSCfg_ISRStkSize                         0x0800865c   Data           4  os_cfg_app.o(.constdata)
    OSCfg_ISRStkSizeRAM                      0x08008660   Data           4  os_cfg_app.o(.constdata)
    OSCfg_MsgPoolSize                        0x08008664   Data           2  os_cfg_app.o(.constdata)
    OSCfg_MsgPoolSizeRAM                     0x08008668   Data           4  os_cfg_app.o(.constdata)
    OSCfg_MsgPoolBasePtr                     0x0800866c   Data           4  os_cfg_app.o(.constdata)
    OSCfg_StatTaskPrio                       0x08008670   Data           1  os_cfg_app.o(.constdata)
    OSCfg_StatTaskRate_Hz                    0x08008674   Data           4  os_cfg_app.o(.constdata)
    OSCfg_StatTaskStkBasePtr                 0x08008678   Data           4  os_cfg_app.o(.constdata)
    OSCfg_StatTaskStkLimit                   0x0800867c   Data           4  os_cfg_app.o(.constdata)
    OSCfg_StatTaskStkSize                    0x08008680   Data           4  os_cfg_app.o(.constdata)
    OSCfg_StatTaskStkSizeRAM                 0x08008684   Data           4  os_cfg_app.o(.constdata)
    OSCfg_StkSizeMin                         0x08008688   Data           4  os_cfg_app.o(.constdata)
    OSCfg_TickRate_Hz                        0x0800868c   Data           4  os_cfg_app.o(.constdata)
    OSCfg_TmrTaskPrio                        0x08008690   Data           1  os_cfg_app.o(.constdata)
    OSCfg_TmrTaskRate_Hz                     0x08008694   Data           4  os_cfg_app.o(.constdata)
    OSCfg_TmrTaskStkBasePtr                  0x08008698   Data           4  os_cfg_app.o(.constdata)
    OSCfg_TmrTaskStkLimit                    0x0800869c   Data           4  os_cfg_app.o(.constdata)
    OSCfg_TmrTaskStkSize                     0x080086a0   Data           4  os_cfg_app.o(.constdata)
    OSCfg_TmrTaskStkSizeRAM                  0x080086a4   Data           4  os_cfg_app.o(.constdata)
    OSCfg_DataSizeRAM                        0x080086a8   Data           4  os_cfg_app.o(.constdata)
    OSDbg_DbgEn                              0x080086ac   Data           1  os_dbg.o(.constdata)
    OSDbg_ArgChkEn                           0x080086ad   Data           1  os_dbg.o(.constdata)
    OSDbg_AppHooksEn                         0x080086ae   Data           1  os_dbg.o(.constdata)
    OSDbg_EndiannessTest                     0x080086b0   Data           4  os_dbg.o(.constdata)
    OSDbg_CalledFromISRChkEn                 0x080086b4   Data           1  os_dbg.o(.constdata)
    OSDbg_FlagEn                             0x080086b5   Data           1  os_dbg.o(.constdata)
    OSDbg_FlagGrp                            0x080086b8   Data          40  os_dbg.o(.constdata)
    OSDbg_FlagDelEn                          0x080086e0   Data           1  os_dbg.o(.constdata)
    OSDbg_FlagModeClrEn                      0x080086e1   Data           1  os_dbg.o(.constdata)
    OSDbg_FlagPendAbortEn                    0x080086e2   Data           1  os_dbg.o(.constdata)
    OSDbg_FlagGrpSize                        0x080086e4   Data           2  os_dbg.o(.constdata)
    OSDbg_FlagWidth                          0x080086e6   Data           2  os_dbg.o(.constdata)
    OSDbg_Mem                                0x080086e8   Data          32  os_dbg.o(.constdata)
    OSDbg_MemEn                              0x08008708   Data           1  os_dbg.o(.constdata)
    OSDbg_MemSize                            0x0800870a   Data           2  os_dbg.o(.constdata)
    OSDbg_MsgEn                              0x0800870c   Data           1  os_dbg.o(.constdata)
    OSDbg_MsgSize                            0x0800870e   Data           2  os_dbg.o(.constdata)
    OSDbg_MsgPoolSize                        0x08008710   Data           2  os_dbg.o(.constdata)
    OSDbg_MsgQSize                           0x08008712   Data           2  os_dbg.o(.constdata)
    OSDbg_Mutex                              0x08008714   Data          48  os_dbg.o(.constdata)
    OSDbg_MutexEn                            0x08008744   Data           1  os_dbg.o(.constdata)
    OSDbg_MutexDelEn                         0x08008745   Data           1  os_dbg.o(.constdata)
    OSDbg_MutexPendAbortEn                   0x08008746   Data           1  os_dbg.o(.constdata)
    OSDbg_MutexSize                          0x08008748   Data           2  os_dbg.o(.constdata)
    OSDbg_ObjTypeChkEn                       0x0800874a   Data           1  os_dbg.o(.constdata)
    OSDbg_PendListSize                       0x0800874c   Data           2  os_dbg.o(.constdata)
    OSDbg_PendObjSize                        0x0800874e   Data           2  os_dbg.o(.constdata)
    OSDbg_PrioMax                            0x08008750   Data           2  os_dbg.o(.constdata)
    OSDbg_PrioTblSize                        0x08008752   Data           2  os_dbg.o(.constdata)
    OSDbg_PtrSize                            0x08008754   Data           2  os_dbg.o(.constdata)
    OSDbg_Q                                  0x08008758   Data          48  os_dbg.o(.constdata)
    OSDbg_QEn                                0x08008788   Data           1  os_dbg.o(.constdata)
    OSDbg_QDelEn                             0x08008789   Data           1  os_dbg.o(.constdata)
    OSDbg_QFlushEn                           0x0800878a   Data           1  os_dbg.o(.constdata)
    OSDbg_QPendAbortEn                       0x0800878b   Data           1  os_dbg.o(.constdata)
    OSDbg_QSize                              0x0800878c   Data           2  os_dbg.o(.constdata)
    OSDbg_SchedRoundRobinEn                  0x0800878e   Data           1  os_dbg.o(.constdata)
    OSDbg_Sem                                0x08008790   Data          40  os_dbg.o(.constdata)
    OSDbg_SemEn                              0x080087b8   Data           1  os_dbg.o(.constdata)
    OSDbg_SemDelEn                           0x080087b9   Data           1  os_dbg.o(.constdata)
    OSDbg_SemPendAbortEn                     0x080087ba   Data           1  os_dbg.o(.constdata)
    OSDbg_SemSetEn                           0x080087bb   Data           1  os_dbg.o(.constdata)
    OSDbg_SemSize                            0x080087bc   Data           2  os_dbg.o(.constdata)
    OSDbg_RdyList                            0x080087be   Data           2  os_dbg.o(.constdata)
    OSDbg_RdyListSize                        0x080087c0   Data           4  os_dbg.o(.constdata)
    OSDbg_StkWidth                           0x080087c4   Data           1  os_dbg.o(.constdata)
    OSDbg_StatTaskEn                         0x080087c5   Data           1  os_dbg.o(.constdata)
    OSDbg_StatTaskStkChkEn                   0x080087c6   Data           1  os_dbg.o(.constdata)
    OSDbg_TaskChangePrioEn                   0x080087c7   Data           1  os_dbg.o(.constdata)
    OSDbg_TaskDelEn                          0x080087c8   Data           1  os_dbg.o(.constdata)
    OSDbg_TaskQEn                            0x080087c9   Data           1  os_dbg.o(.constdata)
    OSDbg_TaskQPendAbortEn                   0x080087ca   Data           1  os_dbg.o(.constdata)
    OSDbg_TaskProfileEn                      0x080087cb   Data           1  os_dbg.o(.constdata)
    OSDbg_TaskRegTblSize                     0x080087cc   Data           2  os_dbg.o(.constdata)
    OSDbg_TaskSemPendAbortEn                 0x080087ce   Data           1  os_dbg.o(.constdata)
    OSDbg_TaskSuspendEn                      0x080087cf   Data           1  os_dbg.o(.constdata)
    OSDbg_TCBSize                            0x080087d0   Data           2  os_dbg.o(.constdata)
    OSDbg_TickListSize                       0x080087d2   Data           2  os_dbg.o(.constdata)
    OSDbg_TimeDlyHMSMEn                      0x080087d4   Data           1  os_dbg.o(.constdata)
    OSDbg_TimeDlyResumeEn                    0x080087d5   Data           1  os_dbg.o(.constdata)
    OSDbg_TLS_TblSize                        0x080087d6   Data           2  os_dbg.o(.constdata)
    OSDbg_Tmr                                0x080087d8   Data          48  os_dbg.o(.constdata)
    OSDbg_TmrEn                              0x08008808   Data           1  os_dbg.o(.constdata)
    OSDbg_TmrDelEn                           0x08008809   Data           1  os_dbg.o(.constdata)
    OSDbg_TmrSize                            0x0800880a   Data           2  os_dbg.o(.constdata)
    OSDbg_VersionNbr                         0x0800880c   Data           2  os_dbg.o(.constdata)
    OSDbg_DataSize                           0x08008810   Data           4  os_dbg.o(.constdata)
    AHBPrescTable                            0x08008814   Data          16  system_stm32f4xx.o(.constdata)
    APBPrescTable                            0x08008824   Data           8  system_stm32f4xx.o(.constdata)
    Region$$Table$$Base                      0x08008884   Number         0  anon$$obj.o(Region$$Table)
    Region$$Table$$Limit                     0x080088a4   Number         0  anon$$obj.o(Region$$Table)
    wUart_ListPtr                            0x20000000   Data           4  wuart.o(.data)
    CPU_TS_TmrFreq_Hz                        0x20000020   Data           4  cpu_core.o(.data)
    OSIdleTaskCtr                            0x20000024   Data           4  os_var.o(.data)
    OSIntNestingCtr                          0x20000028   Data           1  os_var.o(.data)
    OSRunning                                0x20000029   Data           1  os_var.o(.data)
    OSInitialized                            0x2000002a   Data           1  os_var.o(.data)
    OSISRStkFree                             0x2000002c   Data           4  os_var.o(.data)
    OSISRStkUsed                             0x20000030   Data           4  os_var.o(.data)
    OSFlagDbgListPtr                         0x20000034   Data           4  os_var.o(.data)
    OSFlagQty                                0x20000038   Data           2  os_var.o(.data)
    OSMemDbgListPtr                          0x2000003c   Data           4  os_var.o(.data)
    OSMemQty                                 0x20000040   Data           2  os_var.o(.data)
    OSMutexDbgListPtr                        0x20000044   Data           4  os_var.o(.data)
    OSMutexQty                               0x20000048   Data           2  os_var.o(.data)
    OSPrioCur                                0x2000004a   Data           1  os_var.o(.data)
    OSPrioHighRdy                            0x2000004b   Data           1  os_var.o(.data)
    OSPrioTbl                                0x2000004c   Data           8  os_var.o(.data)
    OSQDbgListPtr                            0x20000054   Data           4  os_var.o(.data)
    OSQQty                                   0x20000058   Data           2  os_var.o(.data)
    OSSchedLockNestingCtr                    0x2000005a   Data           1  os_var.o(.data)
    OSSemDbgListPtr                          0x2000005c   Data           4  os_var.o(.data)
    OSSemQty                                 0x20000060   Data           2  os_var.o(.data)
    OSStatResetFlag                          0x20000062   Data           1  os_var.o(.data)
    OSStatTaskCPUUsage                       0x20000064   Data           2  os_var.o(.data)
    OSStatTaskCPUUsageMax                    0x20000066   Data           2  os_var.o(.data)
    OSStatTaskCtr                            0x20000068   Data           4  os_var.o(.data)
    OSStatTaskCtrMax                         0x2000006c   Data           4  os_var.o(.data)
    OSStatTaskCtrRun                         0x20000070   Data           4  os_var.o(.data)
    OSStatTaskRdy                            0x20000074   Data           1  os_var.o(.data)
    OSStatTaskTime                           0x20000078   Data           4  os_var.o(.data)
    OSStatTaskTimeMax                        0x2000007c   Data           4  os_var.o(.data)
    OSTaskCtxSwCtr                           0x20000080   Data           4  os_var.o(.data)
    OSTaskDbgListPtr                         0x20000084   Data           4  os_var.o(.data)
    OSTaskQty                                0x20000088   Data           2  os_var.o(.data)
    OSTaskRegNextAvailID                     0x2000008a   Data           1  os_var.o(.data)
    OSTickCtr                                0x2000008c   Data           4  os_var.o(.data)
    OSTickList                               0x20000090   Data           8  os_var.o(.data)
    OSTickTime                               0x20000098   Data           4  os_var.o(.data)
    OSTickTimeMax                            0x2000009c   Data           4  os_var.o(.data)
    OSTmrDbgListPtr                          0x200000a0   Data           4  os_var.o(.data)
    OSTmrListEntries                         0x200000a4   Data           2  os_var.o(.data)
    OSTmrListPtr                             0x200000a8   Data           4  os_var.o(.data)
    OSTmrQty                                 0x200000ac   Data           2  os_var.o(.data)
    OSTmrTaskTime                            0x200000b0   Data           4  os_var.o(.data)
    OSTmrTaskTimeMax                         0x200000b4   Data           4  os_var.o(.data)
    OSTmrTaskTickBase                        0x200000b8   Data           4  os_var.o(.data)
    OSTmrToTicksMult                         0x200000bc   Data           4  os_var.o(.data)
    OSTCBCurPtr                              0x200000c0   Data           4  os_var.o(.data)
    OSTCBHighRdyPtr                          0x200000c4   Data           4  os_var.o(.data)
    OS_CPU_ExceptStkBase                     0x200000c8   Data           4  os_cpu_c.o(.data)
    OS_KA_BASEPRI_Boundary                   0x200000cc   Data           4  os_cpu_c.o(.data)
    SystemCoreClock                          0x200000d0   Data           4  system_stm32f4xx.o(.data)
    uwTick                                   0x200000d4   Data           4  stm32f4xx_hal.o(.data)
    uwTickPrio                               0x200000d8   Data           4  stm32f4xx_hal.o(.data)
    uwTickFreq                               0x200000dc   Data           1  stm32f4xx_hal.o(.data)
    data                                     0x20000588   Data         500  main.o(.bss)
    Tmr_Sys                                  0x20000ccc   Data          48  wsys.o(.bss)
    Int_huart                                0x20000cfc   Data          28  wuart.o(.bss)
    Int_hdma1                                0x20000d18   Data          32  wdma.o(.bss)
    Int_hdma2                                0x20000d38   Data          32  wdma.o(.bss)
    OSCfg_IdleTaskStk                        0x20000d58   Data        1024  os_cfg_app.o(.bss)
    OSCfg_ISRStk                             0x20001158   Data        1024  os_cfg_app.o(.bss)
    OSCfg_MsgPool                            0x20001558   Data         512  os_cfg_app.o(.bss)
    OSCfg_StatTaskStk                        0x20001758   Data        1024  os_cfg_app.o(.bss)
    OSCfg_TmrTaskStk                         0x20001b58   Data        1024  os_cfg_app.o(.bss)
    OSIdleTaskTCB                            0x20001f58   Data         168  os_var.o(.bss)
    OSMsgPool                                0x20002000   Data          12  os_var.o(.bss)
    OSRdyList                                0x2000200c   Data         768  os_var.o(.bss)
    OSStatTaskTCB                            0x2000230c   Data         168  os_var.o(.bss)
    OSTmrCond                                0x200023b4   Data          36  os_var.o(.bss)
    OSTmrMutex                               0x200023d8   Data          48  os_var.o(.bss)
    OSTmrTaskTCB                             0x20002408   Data         168  os_var.o(.bss)
    __libspace_start                         0x200024b0   Data          96  libspace.o(.bss)
    __temporary_stack_top$libspace           0x20002510   Data           0  libspace.o(.bss)



==============================================================================

Memory Map of the image

  Image Entry point : 0x08000189

  Load Region LR_IROM1 (Base: 0x08000000, Size: 0x00008984, Max: 0x00100000, ABSOLUTE)

    Execution Region ER_IROM1 (Exec base: 0x08000000, Load base: 0x08000000, Size: 0x000088a4, Max: 0x00100000, ABSOLUTE)

    Exec Addr    Load Addr    Size         Type   Attr      Idx    E Section Name        Object

    0x08000000   0x08000000   0x00000188   Data   RO         2401    RESET               startup_stm32f405xx.o
    0x08000188   0x08000188   0x00000008   Code   RO         3619  * !!!main             c_w.l(__main.o)
    0x08000190   0x08000190   0x00000034   Code   RO         3867    !!!scatter          c_w.l(__scatter.o)
    0x080001c4   0x080001c4   0x0000001a   Code   RO         3869    !!handler_copy      c_w.l(__scatter_copy.o)
    0x080001de   0x080001de   0x00000002   PAD
    0x080001e0   0x080001e0   0x0000001c   Code   RO         3871    !!handler_zi        c_w.l(__scatter_zi.o)
    0x080001fc   0x080001fc   0x00000002   Code   RO         3806    .ARM.Collect$$libinit$$00000000  c_w.l(libinit.o)
    0x080001fe   0x080001fe   0x00000000   Code   RO         3686    .ARM.Collect$$libinit$$00000002  c_w.l(libinit2.o)
    0x080001fe   0x080001fe   0x00000000   Code   RO         3688    .ARM.Collect$$libinit$$00000004  c_w.l(libinit2.o)
    0x080001fe   0x080001fe   0x00000008   Code   RO         3689    .ARM.Collect$$libinit$$00000005  c_w.l(libinit2.o)
    0x08000206   0x08000206   0x00000000   Code   RO         3691    .ARM.Collect$$libinit$$0000000A  c_w.l(libinit2.o)
    0x08000206   0x08000206   0x00000000   Code   RO         3693    .ARM.Collect$$libinit$$0000000C  c_w.l(libinit2.o)
    0x08000206   0x08000206   0x00000000   Code   RO         3695    .ARM.Collect$$libinit$$0000000E  c_w.l(libinit2.o)
    0x08000206   0x08000206   0x00000000   Code   RO         3698    .ARM.Collect$$libinit$$00000011  c_w.l(libinit2.o)
    0x08000206   0x08000206   0x00000000   Code   RO         3700    .ARM.Collect$$libinit$$00000013  c_w.l(libinit2.o)
    0x08000206   0x08000206   0x00000000   Code   RO         3702    .ARM.Collect$$libinit$$00000015  c_w.l(libinit2.o)
    0x08000206   0x08000206   0x00000000   Code   RO         3704    .ARM.Collect$$libinit$$00000017  c_w.l(libinit2.o)
    0x08000206   0x08000206   0x00000000   Code   RO         3706    .ARM.Collect$$libinit$$00000019  c_w.l(libinit2.o)
    0x08000206   0x08000206   0x00000000   Code   RO         3708    .ARM.Collect$$libinit$$0000001B  c_w.l(libinit2.o)
    0x08000206   0x08000206   0x00000000   Code   RO         3710    .ARM.Collect$$libinit$$0000001D  c_w.l(libinit2.o)
    0x08000206   0x08000206   0x00000000   Code   RO         3712    .ARM.Collect$$libinit$$0000001F  c_w.l(libinit2.o)
    0x08000206   0x08000206   0x00000000   Code   RO         3714    .ARM.Collect$$libinit$$00000021  c_w.l(libinit2.o)
    0x08000206   0x08000206   0x00000000   Code   RO         3716    .ARM.Collect$$libinit$$00000023  c_w.l(libinit2.o)
    0x08000206   0x08000206   0x00000000   Code   RO         3718    .ARM.Collect$$libinit$$00000025  c_w.l(libinit2.o)
    0x08000206   0x08000206   0x00000000   Code   RO         3722    .ARM.Collect$$libinit$$0000002C  c_w.l(libinit2.o)
    0x08000206   0x08000206   0x00000000   Code   RO         3724    .ARM.Collect$$libinit$$0000002E  c_w.l(libinit2.o)
    0x08000206   0x08000206   0x00000000   Code   RO         3726    .ARM.Collect$$libinit$$00000030  c_w.l(libinit2.o)
    0x08000206   0x08000206   0x00000000   Code   RO         3728    .ARM.Collect$$libinit$$00000032  c_w.l(libinit2.o)
    0x08000206   0x08000206   0x00000002   Code   RO         3729    .ARM.Collect$$libinit$$00000033  c_w.l(libinit2.o)
    0x08000208   0x08000208   0x00000002   Code   RO         3864    .ARM.Collect$$libshutdown$$00000000  c_w.l(libshutdown.o)
    0x0800020a   0x0800020a   0x00000000   Code   RO         3822    .ARM.Collect$$libshutdown$$00000002  c_w.l(libshutdown2.o)
    0x0800020a   0x0800020a   0x00000000   Code   RO         3824    .ARM.Collect$$libshutdown$$00000004  c_w.l(libshutdown2.o)
    0x0800020a   0x0800020a   0x00000000   Code   RO         3827    .ARM.Collect$$libshutdown$$00000007  c_w.l(libshutdown2.o)
    0x0800020a   0x0800020a   0x00000000   Code   RO         3830    .ARM.Collect$$libshutdown$$0000000A  c_w.l(libshutdown2.o)
    0x0800020a   0x0800020a   0x00000000   Code   RO         3832    .ARM.Collect$$libshutdown$$0000000C  c_w.l(libshutdown2.o)
    0x0800020a   0x0800020a   0x00000000   Code   RO         3835    .ARM.Collect$$libshutdown$$0000000F  c_w.l(libshutdown2.o)
    0x0800020a   0x0800020a   0x00000002   Code   RO         3836    .ARM.Collect$$libshutdown$$00000010  c_w.l(libshutdown2.o)
    0x0800020c   0x0800020c   0x00000000   Code   RO         3651    .ARM.Collect$$rtentry$$00000000  c_w.l(__rtentry.o)
    0x0800020c   0x0800020c   0x00000000   Code   RO         3743    .ARM.Collect$$rtentry$$00000002  c_w.l(__rtentry2.o)
    0x0800020c   0x0800020c   0x00000006   Code   RO         3755    .ARM.Collect$$rtentry$$00000004  c_w.l(__rtentry4.o)
    0x08000212   0x08000212   0x00000000   Code   RO         3745    .ARM.Collect$$rtentry$$00000009  c_w.l(__rtentry2.o)
    0x08000212   0x08000212   0x00000004   Code   RO         3746    .ARM.Collect$$rtentry$$0000000A  c_w.l(__rtentry2.o)
    0x08000216   0x08000216   0x00000000   Code   RO         3748    .ARM.Collect$$rtentry$$0000000C  c_w.l(__rtentry2.o)
    0x08000216   0x08000216   0x00000008   Code   RO         3749    .ARM.Collect$$rtentry$$0000000D  c_w.l(__rtentry2.o)
    0x0800021e   0x0800021e   0x00000002   Code   RO         3809    .ARM.Collect$$rtexit$$00000000  c_w.l(rtexit.o)
    0x08000220   0x08000220   0x00000000   Code   RO         3840    .ARM.Collect$$rtexit$$00000002  c_w.l(rtexit2.o)
    0x08000220   0x08000220   0x00000004   Code   RO         3841    .ARM.Collect$$rtexit$$00000003  c_w.l(rtexit2.o)
    0x08000224   0x08000224   0x00000006   Code   RO         3842    .ARM.Collect$$rtexit$$00000004  c_w.l(rtexit2.o)
    0x0800022a   0x0800022a   0x00000002   PAD
    0x0800022c   0x0800022c   0x00000000   Code   RO         3761    .emb_text           c_w.l(maybetermalloc1.o)
    0x0800022c   0x0800022c   0x00000034   Code   RO         1379    .text               cpu_a.o
    0x08000260   0x08000260   0x00000040   Code   RO         2402    .text               startup_stm32f405xx.o
    0x080002a0   0x080002a0   0x0000005e   Code   RO         3555    .text               c_w.l(h1_alloc.o)
    0x080002fe   0x080002fe   0x0000004e   Code   RO         3557    .text               c_w.l(h1_free.o)
    0x0800034c   0x0800034c   0x000000ee   Code   RO         3613    .text               c_w.l(lludivv7m.o)
    0x0800043a   0x0800043a   0x0000004e   Code   RO         3615    .text               c_w.l(rt_memclr_w.o)
    0x08000488   0x08000488   0x00000006   Code   RO         3617    .text               c_w.l(heapauxi.o)
    0x0800048e   0x0800048e   0x00000002   PAD
    0x08000490   0x08000490   0x00000008   Code   RO         3659    .text               c_w.l(rt_heap_descriptor_intlibspace.o)
    0x08000498   0x08000498   0x00000004   Code   RO         3661    .text               c_w.l(hguard.o)
    0x0800049c   0x0800049c   0x0000008a   Code   RO         3663    .text               c_w.l(init_alloc.o)
    0x08000526   0x08000526   0x0000000e   Code   RO         3667    .text               c_w.l(h1_init.o)
    0x08000534   0x08000534   0x00000008   Code   RO         3739    .text               c_w.l(libspace.o)
    0x0800053c   0x0800053c   0x00000034   Code   RO         3763    .text               c_w.l(h1_extend.o)
    0x08000570   0x08000570   0x0000000e   Code   RO         3767    .text               c_w.l(defsig_rtmem_outer.o)
    0x0800057e   0x0800057e   0x00000002   Code   RO         3778    .text               c_w.l(use_no_semi.o)
    0x08000580   0x08000580   0x00000000   Code   RO         3780    .text               c_w.l(indicate_semi.o)
    0x08000580   0x08000580   0x0000004a   Code   RO         3781    .text               c_w.l(sys_stackheap_outer.o)
    0x080005ca   0x080005ca   0x00000012   Code   RO         3787    .text               c_w.l(exit.o)
    0x080005dc   0x080005dc   0x0000000a   Code   RO         3789    .text               c_w.l(defsig_exit.o)
    0x080005e6   0x080005e6   0x00000002   PAD
    0x080005e8   0x080005e8   0x00000050   Code   RO         3795    .text               c_w.l(defsig_rtmem_inner.o)
    0x08000638   0x08000638   0x0000000c   Code   RO         3807    .text               c_w.l(sys_exit.o)
    0x08000644   0x08000644   0x00000032   Code   RO         3817    .text               c_w.l(defsig_general.o)
    0x08000676   0x08000676   0x0000000e   Code   RO         3837    .text               c_w.l(sys_wrch.o)
    0x08000684   0x08000684   0x000000f8   Code   RO         2359    CODE                os_cpu_a.o
    0x0800077c   0x0800077c   0x00000004   Code   RO          490    i.BusFault_Handler  wit.o
    0x08000780   0x08000780   0x00000008   Code   RO         1218    i.CPU_Init          cpu_core.o
    0x08000788   0x08000788   0x00000014   Code   RO         1223    i.CPU_TS_Init       cpu_core.o
    0x0800079c   0x0800079c   0x0000000c   Code   RO         1225    i.CPU_TS_TmrFreqSet  cpu_core.o
    0x080007a8   0x080007a8   0x00000034   Code   RO         1178    i.CPU_TS_TmrInit    os_bsp.o
    0x080007dc   0x080007dc   0x0000000c   Code   RO         1179    i.CPU_TS_TmrRd      os_bsp.o
    0x080007e8   0x080007e8   0x00000028   Code   RO          764    i.DMA1_Stream0_IRQHandler  wdma.o
    0x08000810   0x08000810   0x00000028   Code   RO          765    i.DMA1_Stream1_IRQHandler  wdma.o
    0x08000838   0x08000838   0x00000028   Code   RO          766    i.DMA1_Stream2_IRQHandler  wdma.o
    0x08000860   0x08000860   0x00000028   Code   RO          767    i.DMA1_Stream3_IRQHandler  wdma.o
    0x08000888   0x08000888   0x00000028   Code   RO          768    i.DMA1_Stream4_IRQHandler  wdma.o
    0x080008b0   0x080008b0   0x00000028   Code   RO          769    i.DMA1_Stream5_IRQHandler  wdma.o
    0x080008d8   0x080008d8   0x00000028   Code   RO          770    i.DMA1_Stream6_IRQHandler  wdma.o
    0x08000900   0x08000900   0x00000028   Code   RO          771    i.DMA1_Stream7_IRQHandler  wdma.o
    0x08000928   0x08000928   0x00000028   Code   RO          772    i.DMA2_Stream0_IRQHandler  wdma.o
    0x08000950   0x08000950   0x00000028   Code   RO          773    i.DMA2_Stream1_IRQHandler  wdma.o
    0x08000978   0x08000978   0x00000028   Code   RO          774    i.DMA2_Stream2_IRQHandler  wdma.o
    0x080009a0   0x080009a0   0x00000028   Code   RO          775    i.DMA2_Stream3_IRQHandler  wdma.o
    0x080009c8   0x080009c8   0x00000028   Code   RO          776    i.DMA2_Stream4_IRQHandler  wdma.o
    0x080009f0   0x080009f0   0x00000028   Code   RO          777    i.DMA2_Stream5_IRQHandler  wdma.o
    0x08000a18   0x08000a18   0x00000028   Code   RO          778    i.DMA2_Stream6_IRQHandler  wdma.o
    0x08000a40   0x08000a40   0x00000028   Code   RO          779    i.DMA2_Stream7_IRQHandler  wdma.o
    0x08000a68   0x08000a68   0x00000034   Code   RO         3074    i.DMA_CalcBaseAndBitshift  stm32f4xx_hal_dma.o
    0x08000a9c   0x08000a9c   0x000000aa   Code   RO         3075    i.DMA_CheckFifoParam  stm32f4xx_hal_dma.o
    0x08000b46   0x08000b46   0x0000002c   Code   RO         3076    i.DMA_SetConfig     stm32f4xx_hal_dma.o
    0x08000b72   0x08000b72   0x00000002   Code   RO          491    i.DebugMon_Handler  wit.o
    0x08000b74   0x08000b74   0x00000018   Code   RO          386    i.EXTI0_IRQHandler  wgpio.o
    0x08000b8c   0x08000b8c   0x00000042   Code   RO          387    i.EXTI15_10_IRQHandler  wgpio.o
    0x08000bce   0x08000bce   0x00000018   Code   RO          388    i.EXTI1_IRQHandler  wgpio.o
    0x08000be6   0x08000be6   0x00000018   Code   RO          389    i.EXTI2_IRQHandler  wgpio.o
    0x08000bfe   0x08000bfe   0x00000018   Code   RO          390    i.EXTI3_IRQHandler  wgpio.o
    0x08000c16   0x08000c16   0x00000018   Code   RO          391    i.EXTI4_IRQHandler  wgpio.o
    0x08000c2e   0x08000c2e   0x00000034   Code   RO          392    i.EXTI9_5_IRQHandler  wgpio.o
    0x08000c62   0x08000c62   0x00000028   Code   RO         3078    i.HAL_DMA_Abort_IT  stm32f4xx_hal_dma.o
    0x08000c8a   0x08000c8a   0x00000002   PAD
    0x08000c8c   0x08000c8c   0x00000240   Code   RO         3082    i.HAL_DMA_IRQHandler  stm32f4xx_hal_dma.o
    0x08000ecc   0x08000ecc   0x000000ec   Code   RO         3083    i.HAL_DMA_Init      stm32f4xx_hal_dma.o
    0x08000fb8   0x08000fb8   0x0000009e   Code   RO         3087    i.HAL_DMA_Start_IT  stm32f4xx_hal_dma.o
    0x08001056   0x08001056   0x00000002   PAD
    0x08001058   0x08001058   0x000000bc   Code   RO          393    i.HAL_GPIO_EXTI_Callback  wgpio.o
    0x08001114   0x08001114   0x0000001c   Code   RO         2594    i.HAL_GPIO_EXTI_IRQHandler  stm32f4xx_hal_gpio.o
    0x08001130   0x08001130   0x00000200   Code   RO         2595    i.HAL_GPIO_Init     stm32f4xx_hal_gpio.o
    0x08001330   0x08001330   0x00000012   Code   RO         2598    i.HAL_GPIO_TogglePin  stm32f4xx_hal_gpio.o
    0x08001342   0x08001342   0x0000000c   Code   RO         2599    i.HAL_GPIO_WritePin  stm32f4xx_hal_gpio.o
    0x0800134e   0x0800134e   0x00000002   PAD
    0x08001350   0x08001350   0x0000000c   Code   RO         2421    i.HAL_GetREVID      stm32f4xx_hal.o
    0x0800135c   0x0800135c   0x0000000c   Code   RO         2422    i.HAL_GetTick       stm32f4xx_hal.o
    0x08001368   0x08001368   0x00000018   Code   RO         2428    i.HAL_IncTick       stm32f4xx_hal.o
    0x08001380   0x08001380   0x0000003c   Code   RO         2429    i.HAL_Init          stm32f4xx_hal.o
    0x080013bc   0x080013bc   0x0000004c   Code   RO         2430    i.HAL_InitTick      stm32f4xx_hal.o
    0x08001408   0x08001408   0x000000cc   Code   RO          556    i.HAL_MspInit       wsys.o
    0x080014d4   0x080014d4   0x00000024   Code   RO         2937    i.HAL_NVIC_ClearPendingIRQ  stm32f4xx_hal_cortex.o
    0x080014f8   0x080014f8   0x00000020   Code   RO         2939    i.HAL_NVIC_EnableIRQ  stm32f4xx_hal_cortex.o
    0x08001518   0x08001518   0x0000007c   Code   RO         2945    i.HAL_NVIC_SetPriority  stm32f4xx_hal_cortex.o
    0x08001594   0x08001594   0x00000028   Code   RO         2946    i.HAL_NVIC_SetPriorityGrouping  stm32f4xx_hal_cortex.o
    0x080015bc   0x080015bc   0x00000044   Code   RO         2947    i.HAL_NVIC_SystemReset  stm32f4xx_hal_cortex.o
    0x08001600   0x08001600   0x00000180   Code   RO         2779    i.HAL_RCC_ClockConfig  stm32f4xx_hal_rcc.o
    0x08001780   0x08001780   0x00000178   Code   RO         2885    i.HAL_RCC_DeInit    stm32f4xx_hal_rcc_ex.o
    0x080018f8   0x080018f8   0x0000000c   Code   RO         2782    i.HAL_RCC_EnableCSS  stm32f4xx_hal_rcc.o
    0x08001904   0x08001904   0x0000000c   Code   RO         2784    i.HAL_RCC_GetHCLKFreq  stm32f4xx_hal_rcc.o
    0x08001910   0x08001910   0x00000020   Code   RO         2786    i.HAL_RCC_GetPCLK1Freq  stm32f4xx_hal_rcc.o
    0x08001930   0x08001930   0x00000020   Code   RO         2787    i.HAL_RCC_GetPCLK2Freq  stm32f4xx_hal_rcc.o
    0x08001950   0x08001950   0x000000b0   Code   RO         2788    i.HAL_RCC_GetSysClockFreq  stm32f4xx_hal_rcc.o
    0x08001a00   0x08001a00   0x00000448   Code   RO         2791    i.HAL_RCC_OscConfig  stm32f4xx_hal_rcc.o
    0x08001e48   0x08001e48   0x00000028   Code   RO         2948    i.HAL_SYSTICK_CLKSourceConfig  stm32f4xx_hal_cortex.o
    0x08001e70   0x08001e70   0x00000034   Code   RO         2950    i.HAL_SYSTICK_Config  stm32f4xx_hal_cortex.o
    0x08001ea4   0x08001ea4   0x00000002   Code   RO         3232    i.HAL_UART_AbortReceiveCpltCallback  stm32f4xx_hal_uart.o
    0x08001ea6   0x08001ea6   0x00000002   PAD
    0x08001ea8   0x08001ea8   0x00000078   Code   RO         3233    i.HAL_UART_AbortReceive_IT  stm32f4xx_hal_uart.o
    0x08001f20   0x08001f20   0x00000002   Code   RO         3242    i.HAL_UART_ErrorCallback  stm32f4xx_hal_uart.o
    0x08001f22   0x08001f22   0x00000002   PAD
    0x08001f24   0x08001f24   0x0000014c   Code   RO         3245    i.HAL_UART_IRQHandler  stm32f4xx_hal_uart.o
    0x08002070   0x08002070   0x00000072   Code   RO         3246    i.HAL_UART_Init     stm32f4xx_hal_uart.o
    0x080020e2   0x080020e2   0x00000002   Code   RO         3248    i.HAL_UART_MspInit  stm32f4xx_hal_uart.o
    0x080020e4   0x080020e4   0x000000c4   Code   RO         3250    i.HAL_UART_Receive_DMA  stm32f4xx_hal_uart.o
    0x080021a8   0x080021a8   0x00000002   Code   RO         3252    i.HAL_UART_RxCpltCallback  stm32f4xx_hal_uart.o
    0x080021aa   0x080021aa   0x00000002   PAD
    0x080021ac   0x080021ac   0x0000004c   Code   RO          622    i.HAL_UART_RxCpltCallback_Idle  wuart.o
    0x080021f8   0x080021f8   0x00000002   Code   RO         3253    i.HAL_UART_RxHalfCpltCallback  stm32f4xx_hal_uart.o
    0x080021fa   0x080021fa   0x00000002   PAD
    0x080021fc   0x080021fc   0x0000009c   Code   RO         3255    i.HAL_UART_Transmit_DMA  stm32f4xx_hal_uart.o
    0x08002298   0x08002298   0x00000040   Code   RO          623    i.HAL_UART_TxCpltCallback  wuart.o
    0x080022d8   0x080022d8   0x00000002   Code   RO         3258    i.HAL_UART_TxHalfCpltCallback  stm32f4xx_hal_uart.o
    0x080022da   0x080022da   0x00000004   Code   RO          492    i.HardFault_Handler  wit.o
    0x080022de   0x080022de   0x00000002   PAD
    0x080022e0   0x080022e0   0x00000090   Code   RO            4    i.MainTask          main.o
    0x08002370   0x08002370   0x00000004   Code   RO          493    i.MemManage_Handler  wit.o
    0x08002374   0x08002374   0x00000002   Code   RO          494    i.NMI_Handler       wit.o
    0x08002376   0x08002376   0x00000002   Code   RO         1382    i.OSCfg_Init        os_cfg_app.o
    0x08002378   0x08002378   0x00000124   Code   RO         1402    i.OSInit            os_core.o
    0x0800249c   0x0800249c   0x00000034   Code   RO         2266    i.OSInitHook        os_cpu_c.o
    0x080024d0   0x080024d0   0x0000002c   Code   RO         1403    i.OSIntEnter        os_core.o
    0x080024fc   0x080024fc   0x000000d4   Code   RO         1404    i.OSIntExit         os_core.o
    0x080025d0   0x080025d0   0x00000084   Code   RO         1717    i.OSMutexCreate     os_mutex.o
    0x08002654   0x08002654   0x000001b8   Code   RO         1719    i.OSMutexPend       os_mutex.o
    0x0800280c   0x0800280c   0x00000150   Code   RO         1720    i.OSMutexPost       os_mutex.o
    0x0800295c   0x0800295c   0x0000009c   Code   RO         1405    i.OSSched           os_core.o
    0x080029f8   0x080029f8   0x00000080   Code   RO         1873    i.OSSemCreate       os_sem.o
    0x08002a78   0x08002a78   0x00000154   Code   RO         1875    i.OSSemPend         os_sem.o
    0x08002bcc   0x08002bcc   0x000000ba   Code   RO         1876    i.OSSemPost         os_sem.o
    0x08002c86   0x08002c86   0x0000004c   Code   RO         1877    i.OSSemSet          os_sem.o
    0x08002cd2   0x08002cd2   0x00000002   PAD
    0x08002cd4   0x08002cd4   0x00000098   Code   RO         1408    i.OSStart           os_core.o
    0x08002d6c   0x08002d6c   0x00000118   Code   RO         1927    i.OSStatReset       os_stat.o
    0x08002e84   0x08002e84   0x000000f4   Code   RO         1928    i.OSStatTaskCPUUsageInit  os_stat.o
    0x08002f78   0x08002f78   0x00000002   Code   RO         2267    i.OSStatTaskHook    os_cpu_c.o
    0x08002f7a   0x08002f7a   0x00000002   PAD
    0x08002f7c   0x08002f7c   0x00000144   Code   RO         1958    i.OSTaskCreate      os_task.o
    0x080030c0   0x080030c0   0x00000002   Code   RO         2268    i.OSTaskCreateHook  os_cpu_c.o
    0x080030c2   0x080030c2   0x00000002   PAD
    0x080030c4   0x080030c4   0x0000017c   Code   RO         1959    i.OSTaskDel         os_task.o
    0x08003240   0x08003240   0x00000002   Code   RO         2269    i.OSTaskDelHook     os_cpu_c.o
    0x08003242   0x08003242   0x00000100   Code   RO         1963    i.OSTaskResume      os_task.o
    0x08003342   0x08003342   0x00000002   Code   RO         2270    i.OSTaskReturnHook  os_cpu_c.o
    0x08003344   0x08003344   0x000000b4   Code   RO         1967    i.OSTaskStkChk      os_task.o
    0x080033f8   0x080033f8   0x000000d0   Code   RO         2271    i.OSTaskStkInit     os_cpu_c.o
    0x080034c8   0x080034c8   0x00000170   Code   RO         1968    i.OSTaskSuspend     os_task.o
    0x08003638   0x08003638   0x00000050   Code   RO         2272    i.OSTaskSwHook      os_cpu_c.o
    0x08003688   0x08003688   0x00000094   Code   RO         2112    i.OSTimeDly         os_time.o
    0x0800371c   0x0800371c   0x00000020   Code   RO         2115    i.OSTimeTick        os_time.o
    0x0800373c   0x0800373c   0x00000002   Code   RO         2273    i.OSTimeTickHook    os_cpu_c.o
    0x0800373e   0x0800373e   0x00000002   PAD
    0x08003740   0x08003740   0x000000ac   Code   RO         2142    i.OSTmrCreate       os_tmr.o
    0x080037ec   0x080037ec   0x0000003c   Code   RO         2144    i.OSTmrSet          os_tmr.o
    0x08003828   0x08003828   0x000000d8   Code   RO         2145    i.OSTmrStart        os_tmr.o
    0x08003900   0x08003900   0x0000002e   Code   RO         2274    i.OS_CPU_SysTickHandler  os_cpu_c.o
    0x0800392e   0x0800392e   0x00000002   PAD
    0x08003930   0x08003930   0x00000038   Code   RO         2275    i.OS_CPU_SysTickInit  os_cpu_c.o
    0x08003968   0x08003968   0x00000228   Code   RO         1564    i.OS_Dbg_Init       os_dbg.o
    0x08003b90   0x08003b90   0x0000003c   Code   RO         1410    i.OS_IdleTask       os_core.o
    0x08003bcc   0x08003bcc   0x00000070   Code   RO         1411    i.OS_IdleTaskInit   os_core.o
    0x08003c3c   0x08003c3c   0x00000018   Code   RO         1649    i.OS_MemInit        os_mem.o
    0x08003c54   0x08003c54   0x0000005c   Code   RO         1681    i.OS_MsgPoolInit    os_msg.o
    0x08003cb0   0x08003cb0   0x00000030   Code   RO         1722    i.OS_MutexDbgListAdd  os_mutex.o
    0x08003ce0   0x08003ce0   0x00000008   Code   RO         1724    i.OS_MutexGrpAdd    os_mutex.o
    0x08003ce8   0x08003ce8   0x0000005e   Code   RO         1725    i.OS_MutexGrpPostAll  os_mutex.o
    0x08003d46   0x08003d46   0x0000002a   Code   RO         1726    i.OS_MutexGrpPrioFindHighest  os_mutex.o
    0x08003d70   0x08003d70   0x0000001c   Code   RO         1727    i.OS_MutexGrpRemove  os_mutex.o
    0x08003d8c   0x08003d8c   0x00000040   Code   RO         1412    i.OS_Pend           os_core.o
    0x08003dcc   0x08003dcc   0x00000058   Code   RO         1414    i.OS_PendDbgNameAdd  os_core.o
    0x08003e24   0x08003e24   0x00000024   Code   RO         1415    i.OS_PendDbgNameRemove  os_core.o
    0x08003e48   0x08003e48   0x00000022   Code   RO         1416    i.OS_PendListChangePrio  os_core.o
    0x08003e6a   0x08003e6a   0x0000000a   Code   RO         1417    i.OS_PendListInit   os_core.o
    0x08003e74   0x08003e74   0x00000066   Code   RO         1418    i.OS_PendListInsertPrio  os_core.o
    0x08003eda   0x08003eda   0x0000004e   Code   RO         1419    i.OS_PendListRemove  os_core.o
    0x08003f28   0x08003f28   0x000000ac   Code   RO         1420    i.OS_Post           os_core.o
    0x08003fd4   0x08003fd4   0x00000028   Code   RO         1789    i.OS_PrioGetHighest  os_prio.o
    0x08003ffc   0x08003ffc   0x00000018   Code   RO         1790    i.OS_PrioInit       os_prio.o
    0x08004014   0x08004014   0x00000034   Code   RO         1791    i.OS_PrioInsert     os_prio.o
    0x08004048   0x08004048   0x00000034   Code   RO         1792    i.OS_PrioRemove     os_prio.o
    0x0800407c   0x0800407c   0x00000024   Code   RO         1421    i.OS_RdyListInit    os_core.o
    0x080040a0   0x080040a0   0x0000002c   Code   RO         1422    i.OS_RdyListInsert  os_core.o
    0x080040cc   0x080040cc   0x00000040   Code   RO         1423    i.OS_RdyListInsertHead  os_core.o
    0x0800410c   0x0800410c   0x0000003c   Code   RO         1424    i.OS_RdyListInsertTail  os_core.o
    0x08004148   0x08004148   0x0000005c   Code   RO         1426    i.OS_RdyListRemove  os_core.o
    0x080041a4   0x080041a4   0x00000030   Code   RO         1879    i.OS_SemDbgListAdd  os_sem.o
    0x080041d4   0x080041d4   0x00000340   Code   RO         1929    i.OS_StatTask       os_stat.o
    0x08004514   0x08004514   0x000000dc   Code   RO         1930    i.OS_StatTaskInit   os_stat.o
    0x080045f0   0x080045f0   0x00000030   Code   RO         1427    i.OS_TaskBlock      os_core.o
    0x08004620   0x08004620   0x000000e8   Code   RO         1969    i.OS_TaskChangePrio  os_task.o
    0x08004708   0x08004708   0x00000030   Code   RO         1970    i.OS_TaskDbgListAdd  os_task.o
    0x08004738   0x08004738   0x00000044   Code   RO         1971    i.OS_TaskDbgListRemove  os_task.o
    0x0800477c   0x0800477c   0x00000020   Code   RO         1972    i.OS_TaskInit       os_task.o
    0x0800479c   0x0800479c   0x000000a4   Code   RO         1973    i.OS_TaskInitTCB    os_task.o
    0x08004840   0x08004840   0x00000018   Code   RO         1974    i.OS_TaskReturn     os_task.o
    0x08004858   0x08004858   0x0000001c   Code   RO         2071    i.OS_TickInit       os_tick.o
    0x08004874   0x08004874   0x000000ac   Code   RO         2072    i.OS_TickListInsert  os_tick.o
    0x08004920   0x08004920   0x0000008c   Code   RO         2073    i.OS_TickListInsertDly  os_tick.o
    0x080049ac   0x080049ac   0x00000058   Code   RO         2074    i.OS_TickListRemove  os_tick.o
    0x08004a04   0x08004a04   0x0000013c   Code   RO         2075    i.OS_TickListUpdate  os_tick.o
    0x08004b40   0x08004b40   0x00000064   Code   RO         2076    i.OS_TickUpdate     os_tick.o
    0x08004ba4   0x08004ba4   0x00000040   Code   RO         2149    i.OS_TmrCondCreate  os_tmr.o
    0x08004be4   0x08004be4   0x00000060   Code   RO         2150    i.OS_TmrCondSignal  os_tmr.o
    0x08004c44   0x08004c44   0x0000012c   Code   RO         2151    i.OS_TmrCondWait    os_tmr.o
    0x08004d70   0x08004d70   0x00000028   Code   RO         2152    i.OS_TmrDbgListAdd  os_tmr.o
    0x08004d98   0x08004d98   0x00000120   Code   RO         2154    i.OS_TmrInit        os_tmr.o
    0x08004eb8   0x08004eb8   0x000000b8   Code   RO         2155    i.OS_TmrLink        os_tmr.o
    0x08004f70   0x08004f70   0x00000018   Code   RO         2156    i.OS_TmrLock        os_tmr.o
    0x08004f88   0x08004f88   0x00000114   Code   RO         2157    i.OS_TmrTask        os_tmr.o
    0x0800509c   0x0800509c   0x000000cc   Code   RO         2158    i.OS_TmrUnlink      os_tmr.o
    0x08005168   0x08005168   0x00000014   Code   RO         2159    i.OS_TmrUnlock      os_tmr.o
    0x0800517c   0x0800517c   0x00000002   Code   RO          495    i.SVC_Handler       wit.o
    0x0800517e   0x0800517e   0x0000000c   Code   RO          496    i.SysTick_Handler   wit.o
    0x0800518a   0x0800518a   0x00000002   PAD
    0x0800518c   0x0800518c   0x00000054   Code   RO         2366    i.SystemInit        system_stm32f4xx.o
    0x080051e0   0x080051e0   0x00000030   Code   RO          624    i.UART4_IRQHandler  wuart.o
    0x08005210   0x08005210   0x00000030   Code   RO          625    i.UART5_IRQHandler  wuart.o
    0x08005240   0x08005240   0x00000014   Code   RO         3259    i.UART_DMAAbortOnError  stm32f4xx_hal_uart.o
    0x08005254   0x08005254   0x00000050   Code   RO         3260    i.UART_DMAError     stm32f4xx_hal_uart.o
    0x080052a4   0x080052a4   0x00000046   Code   RO         3261    i.UART_DMAReceiveCplt  stm32f4xx_hal_uart.o
    0x080052ea   0x080052ea   0x0000000e   Code   RO         3263    i.UART_DMARxHalfCplt  stm32f4xx_hal_uart.o
    0x080052f8   0x080052f8   0x00000018   Code   RO         3264    i.UART_DMARxOnlyAbortCallback  stm32f4xx_hal_uart.o
    0x08005310   0x08005310   0x00000036   Code   RO         3265    i.UART_DMATransmitCplt  stm32f4xx_hal_uart.o
    0x08005346   0x08005346   0x0000000e   Code   RO         3267    i.UART_DMATxHalfCplt  stm32f4xx_hal_uart.o
    0x08005354   0x08005354   0x00000020   Code   RO         3269    i.UART_EndRxTransfer  stm32f4xx_hal_uart.o
    0x08005374   0x08005374   0x00000020   Code   RO         3270    i.UART_EndTransmit_IT  stm32f4xx_hal_uart.o
    0x08005394   0x08005394   0x00000014   Code   RO         3271    i.UART_EndTxTransfer  stm32f4xx_hal_uart.o
    0x080053a8   0x080053a8   0x000000a6   Code   RO         3272    i.UART_Receive_IT   stm32f4xx_hal_uart.o
    0x0800544e   0x0800544e   0x00000002   PAD
    0x08005450   0x08005450   0x00000368   Code   RO         3273    i.UART_SetConfig    stm32f4xx_hal_uart.o
    0x080057b8   0x080057b8   0x00000068   Code   RO         3274    i.UART_Transmit_IT  stm32f4xx_hal_uart.o
    0x08005820   0x08005820   0x00000030   Code   RO          626    i.USART1_IRQHandler  wuart.o
    0x08005850   0x08005850   0x00000030   Code   RO          627    i.USART2_IRQHandler  wuart.o
    0x08005880   0x08005880   0x00000030   Code   RO          628    i.USART3_IRQHandler  wuart.o
    0x080058b0   0x080058b0   0x00000030   Code   RO          629    i.USART6_IRQHandler  wuart.o
    0x080058e0   0x080058e0   0x00000004   Code   RO          497    i.UsageFault_Handler  wit.o
    0x080058e4   0x080058e4   0x00000010   Code   RO         2952    i.__NVIC_GetPriorityGrouping  stm32f4xx_hal_cortex.o
    0x080058f4   0x080058f4   0x00000028   Code   RO         2953    i.__NVIC_SetPriority  stm32f4xx_hal_cortex.o
    0x0800591c   0x0800591c   0x00000048   Code   RO          884    i.__ecvround        wsprintf.o
    0x08005964   0x08005964   0x000001f4   Code   RO          885    i.cfltcvt           wsprintf.o
    0x08005b58   0x08005b58   0x0000005c   Code   RO          886    i.cropzeros         wsprintf.o
    0x08005bb4   0x08005bb4   0x000000b8   Code   RO          887    i.eaddr             wsprintf.o
    0x08005c6c   0x08005c6c   0x00000140   Code   RO          888    i.ecvtbuf           wsprintf.o
    0x08005dac   0x08005dac   0x0000014c   Code   RO          889    i.fcvtbuf           wsprintf.o
    0x08005ef8   0x08005ef8   0x0000012a   Code   RO          890    i.flt               wsprintf.o
    0x08006022   0x08006022   0x00000054   Code   RO          891    i.forcdecpt         wsprintf.o
    0x08006076   0x08006076   0x00000002   PAD
    0x08006078   0x08006078   0x00000150   Code   RO          892    i.ftoa              wsprintf.o
    0x080061c8   0x080061c8   0x000001d4   Code   RO          893    i.ftoaE             wsprintf.o
    0x0800639c   0x0800639c   0x00000124   Code   RO          894    i.iaddr             wsprintf.o
    0x080064c0   0x080064c0   0x00000088   Code   RO            5    i.main              main.o
    0x08006548   0x08006548   0x0000015c   Code   RO          895    i.number            wsprintf.o
    0x080066a4   0x080066a4   0x0000002c   Code   RO          896    i.skip_atoi         wsprintf.o
    0x080066d0   0x080066d0   0x000001d4   Code   RO          780    i.wDma_Init         wdma.o
    0x080068a4   0x080068a4   0x00000350   Code   RO          395    i.wGpio_Init        wgpio.o
    0x08006bf4   0x08006bf4   0x000000ac   Code   RO          396    i.wGpio_putInit     wgpio.o
    0x08006ca0   0x08006ca0   0x00000058   Code   RO          398    i.wGpio_putWrite    wgpio.o
    0x08006cf8   0x08006cf8   0x000000b4   Code   RO          234    i.wLed_IdInit       wled.o
    0x08006dac   0x08006dac   0x00000048   Code   RO          236    i.wLed_SetIdStatus  wled.o
    0x08006df4   0x08006df4   0x000000ec   Code   RO          238    i.wLed_TmrOff       wled.o
    0x08006ee0   0x08006ee0   0x00000094   Code   RO          239    i.wLed_TmrOn        wled.o
    0x08006f74   0x08006f74   0x00000098   Code   RO          295    i.wSerial_Init      wserial.o
    0x0800700c   0x0800700c   0x00000052   Code   RO          296    i.wSerial_Printf    wserial.o
    0x0800705e   0x0800705e   0x00000002   PAD
    0x08007060   0x08007060   0x00000088   Code   RO          298    i.wSerial_Receive   wserial.o
    0x080070e8   0x080070e8   0x00000044   Code   RO          299    i.wSerial_RxIdleIRQHandler  wserial.o
    0x0800712c   0x0800712c   0x00000058   Code   RO          300    i.wSerial_Transmit  wserial.o
    0x08007184   0x08007184   0x0000003c   Code   RO          302    i.wSerial_TxIRQHandler  wserial.o
    0x080071c0   0x080071c0   0x00000082   Code   RO          979    i.wStr_Atoi         wstr.o
    0x08007242   0x08007242   0x0000001e   Code   RO          980    i.wStr_Chr          wstr.o
    0x08007260   0x08007260   0x0000002e   Code   RO          981    i.wStr_Cmp          wstr.o
    0x0800728e   0x0800728e   0x00000054   Code   RO          985    i.wStr_Itoa         wstr.o
    0x080072e2   0x080072e2   0x00000016   Code   RO          986    i.wStr_Len          wstr.o
    0x080072f8   0x080072f8   0x00000020   Code   RO          987    i.wStr_MeSet        wstr.o
    0x08007318   0x08007318   0x00000034   Code   RO          988    i.wStr_MemCpy       wstr.o
    0x0800734c   0x0800734c   0x0000002c   Code   RO          994    i.wStr_nContain     wstr.o
    0x08007378   0x08007378   0x0000001c   Code   RO          995    i.wStr_nLen         wstr.o
    0x08007394   0x08007394   0x0000011c   Code   RO          557    i.wSys_ClockConfig  wsys.o
    0x080074b0   0x080074b0   0x00000008   Code   RO          559    i.wSys_GetClkFreq   wsys.o
    0x080074b8   0x080074b8   0x00000012   Code   RO          562    i.wSys_TmrReset     wsys.o
    0x080074ca   0x080074ca   0x00000002   PAD
    0x080074cc   0x080074cc   0x00000038   Code   RO          630    i.wUart_AbortReceive  wuart.o
    0x08007504   0x08007504   0x00000048   Code   RO          631    i.wUart_CSSEnable   wuart.o
    0x0800754c   0x0800754c   0x000001c8   Code   RO          633    i.wUart_DMAInit     wuart.o
    0x08007714   0x08007714   0x00000054   Code   RO          634    i.wUart_DMAReceive  wuart.o
    0x08007768   0x08007768   0x0000001c   Code   RO          635    i.wUart_DMATransmit  wuart.o
    0x08007784   0x08007784   0x00000334   Code   RO          638    i.wUart_Init        wuart.o
    0x08007ab8   0x08007ab8   0x00000040   Code   RO          639    i.wUart_List        wuart.o
    0x08007af8   0x08007af8   0x0000000c   Code   RO          640    i.wUart_SetCallback  wuart.o
    0x08007b04   0x08007b04   0x0000040c   Code   RO          898    i.wvsprintf         wsprintf.o
    0x08007f10   0x08007f10   0x00000150   Code   RO         3621    x$fpl$dadd          fz_ws.l(daddsub_clz.o)
    0x08008060   0x08008060   0x00000018   Code   RO         3730    x$fpl$dcmpinf       fz_ws.l(dcmpi.o)
    0x08008078   0x08008078   0x00000078   Code   RO         3631    x$fpl$deqf          fz_ws.l(deqf.o)
    0x080080f0   0x080080f0   0x0000005e   Code   RO         3633    x$fpl$dfix          fz_ws.l(dfix.o)
    0x0800814e   0x0800814e   0x0000002e   Code   RO         3638    x$fpl$dflt          fz_ws.l(dflt_clz.o)
    0x0800817c   0x0800817c   0x00000078   Code   RO         3643    x$fpl$dleqf         fz_ws.l(dleqf.o)
    0x080081f4   0x080081f4   0x00000154   Code   RO         3645    x$fpl$dmul          fz_ws.l(dmul.o)
    0x08008348   0x08008348   0x0000009c   Code   RO         3732    x$fpl$dnaninf       fz_ws.l(dnaninf.o)
    0x080083e4   0x080083e4   0x0000000c   Code   RO         3734    x$fpl$dretinf       fz_ws.l(dretinf.o)
    0x080083f0   0x080083f0   0x0000006c   Code   RO         3647    x$fpl$drleqf        fz_ws.l(drleqf.o)
    0x0800845c   0x0800845c   0x00000016   Code   RO         3622    x$fpl$drsb          fz_ws.l(daddsub_clz.o)
    0x08008472   0x08008472   0x00000002   PAD
    0x08008474   0x08008474   0x000001d4   Code   RO         3623    x$fpl$dsub          fz_ws.l(daddsub_clz.o)
    0x08008648   0x08008648   0x00000000   Code   RO         3736    x$fpl$usenofp       fz_ws.l(usenofp.o)
    0x08008648   0x08008648   0x00000064   Data   RO         1384    .constdata          os_cfg_app.o
    0x080086ac   0x080086ac   0x00000168   Data   RO         1565    .constdata          os_dbg.o
    0x08008814   0x08008814   0x00000018   Data   RO         2367    .constdata          system_stm32f4xx.o
    0x0800882c   0x0800882c   0x00000008   Data   RO         3089    .constdata          stm32f4xx_hal_dma.o
    0x08008834   0x08008834   0x0000004d   Data   RO          899    .conststring        wsprintf.o
    0x08008881   0x08008881   0x00000003   PAD
    0x08008884   0x08008884   0x00000020   Data   RO         3865    Region$$Table       anon$$obj.o


    Execution Region RW_IRAM1 (Exec base: 0x20000000, Load base: 0x080088a4, Size: 0x00003d10, Max: 0x00020000, ABSOLUTE)

    Exec Addr    Load Addr    Size         Type   Attr      Idx    E Section Name        Object

    0x20000000   0x080088a4   0x00000004   Data   RW          642    .data               wuart.o
    0x20000004   0x080088a8   0x0000001a   Data   RW          900    .data               wsprintf.o
    0x2000001e   0x080088c2   0x00000002   PAD
    0x20000020   0x080088c4   0x00000004   Data   RW         1228    .data               cpu_core.o
    0x20000024   0x080088c8   0x000000a4   Data   RW         2252    .data               os_var.o
    0x200000c8   0x0800896c   0x00000008   Data   RW         2277    .data               os_cpu_c.o
    0x200000d0   0x08008974   0x00000004   Data   RW         2368    .data               system_stm32f4xx.o
    0x200000d4   0x08008978   0x00000009   Data   RW         2436    .data               stm32f4xx_hal.o
    0x200000dd   0x08008981   0x00000003   PAD
    0x200000e0        -       0x0000069c   Zero   RW            6    .bss                main.o
    0x2000077c        -       0x000000d8   Zero   RW          240    .bss                wled.o
    0x20000854        -       0x00000438   Zero   RW          303    .bss                wserial.o
    0x20000c8c        -       0x00000040   Zero   RW          399    .bss                wgpio.o
    0x20000ccc        -       0x00000030   Zero   RW          563    .bss                wsys.o
    0x20000cfc        -       0x0000001c   Zero   RW          641    .bss                wuart.o
    0x20000d18        -       0x00000040   Zero   RW          781    .bss                wdma.o
    0x20000d58        -       0x00001200   Zero   RW         1383    .bss                os_cfg_app.o
    0x20001f58        -       0x00000558   Zero   RW         2251    .bss                os_var.o
    0x200024b0        -       0x00000060   Zero   RW         3740    .bss                c_w.l(libspace.o)
    0x20002510        -       0x00000800   Zero   RW         2400    HEAP                startup_stm32f405xx.o
    0x20002d10        -       0x00001000   Zero   RW         2399    STACK               startup_stm32f405xx.o


==============================================================================

Image component sizes


      Code (inc. data)   RO Data    RW Data    ZI Data      Debug   Object Name

        52          0          0          0          0        480   cpu_a.o
        40         12          0          4          0       4470   cpu_core.o
       280         78          0          0       1692     649790   main.o
        64         14          0          0          0       1280   os_bsp.o
         2          0        100          0       4608      17783   os_cfg_app.o
      1956        302          0          0          0      17099   os_core.o
       248          4          0          0          0        536   os_cpu_a.o
       452         38          0          8          0      25943   os_cpu_c.o
       552        268        360          0          0       5225   os_dbg.o
        24         10          0          0          0       1193   os_mem.o
        92         12          0          0          0       1357   os_msg.o
      1128         40          0          0          0       7700   os_mutex.o
       168         18          0          0          0       2650   os_prio.o
       778         28          0          0          0       5436   os_sem.o
      1576        222          0          0          0       4727   os_stat.o
      2076        138          0          0          0      11007   os_task.o
       844         52          0          0          0       6121   os_tick.o
       180         14          0          0          0       2057   os_time.o
      1944        260          0          0          0      11663   os_tmr.o
         0          0          0        164       1368      16406   os_var.o
        64         26        392          0       6144       1016   startup_stm32f405xx.o
       184         36          0          9          0       5144   stm32f4xx_hal.o
       448         36          0          0          0      37531   stm32f4xx_hal_cortex.o
      1276         16          8          0          0       6942   stm32f4xx_hal_dma.o
       570         50          0          0          0       4048   stm32f4xx_hal_gpio.o
      1744         88          0          0          0       6804   stm32f4xx_hal_rcc.o
       376         20          0          0          0        949   stm32f4xx_hal_rcc_ex.o
      2432         44          0          0          0      18458   stm32f4xx_hal_uart.o
        84         16         24          4          0       1823   system_stm32f4xx.o
      1108        118          0          0         64      11942   wdma.o
      1534        118          0          0         64       9326   wgpio.o
        34          0          0          0          0       4349   wit.o
       636         74          0          0        216       4393   wled.o
       586         62          0          0       1080      10051   wserial.o
      4406        128         77         26          0      17392   wsprintf.o
       468          0          0          0          0       7088   wstr.o
       514         36          0          0         48       3901   wsys.o
      2020        122          0          4         28      13094   wuart.o

    ----------------------------------------------------------------------
     30976       2500        996        224      15312     957174   Object Totals
         0          0         32          0          0          0   (incl. Generated)
        36          0          3          5          0          0   (incl. Padding)

    ----------------------------------------------------------------------

      Code (inc. data)   RO Data    RW Data    ZI Data      Debug   Library Member Name

         8          0          0          0          0         68   __main.o
         0          0          0          0          0          0   __rtentry.o
        12          0          0          0          0          0   __rtentry2.o
         6          0          0          0          0          0   __rtentry4.o
        52          8          0          0          0          0   __scatter.o
        26          0          0          0          0          0   __scatter_copy.o
        28          0          0          0          0          0   __scatter_zi.o
        10          0          0          0          0         68   defsig_exit.o
        50          0          0          0          0         88   defsig_general.o
        80         58          0          0          0         76   defsig_rtmem_inner.o
        14          0          0          0          0         80   defsig_rtmem_outer.o
        18          0          0          0          0         80   exit.o
        94          0          0          0          0         80   h1_alloc.o
        52          0          0          0          0         68   h1_extend.o
        78          0          0          0          0         80   h1_free.o
        14          0          0          0          0         84   h1_init.o
         6          0          0          0          0        152   heapauxi.o
         4          0          0          0          0        136   hguard.o
         0          0          0          0          0          0   indicate_semi.o
       138          0          0          0          0        168   init_alloc.o
         2          0          0          0          0          0   libinit.o
        10          0          0          0          0          0   libinit2.o
         2          0          0          0          0          0   libshutdown.o
         2          0          0          0          0          0   libshutdown2.o
         8          4          0          0         96         68   libspace.o
       238          0          0          0          0        100   lludivv7m.o
         0          0          0          0          0          0   maybetermalloc1.o
         8          4          0          0          0         68   rt_heap_descriptor_intlibspace.o
        78          0          0          0          0         80   rt_memclr_w.o
         2          0          0          0          0          0   rtexit.o
        10          0          0          0          0          0   rtexit2.o
        12          4          0          0          0         68   sys_exit.o
        74          0          0          0          0         80   sys_stackheap_outer.o
        14          0          0          0          0         76   sys_wrch.o
         2          0          0          0          0         68   use_no_semi.o
       826         16          0          0          0        348   daddsub_clz.o
        24          0          0          0          0         68   dcmpi.o
       120          4          0          0          0         92   deqf.o
        94          4          0          0          0         92   dfix.o
        46          0          0          0          0         68   dflt_clz.o
       120          4          0          0          0         92   dleqf.o
       340         12          0          0          0        104   dmul.o
       156          4          0          0          0         92   dnaninf.o
        12          0          0          0          0         68   dretinf.o
       108          0          0          0          0         80   drleqf.o
         0          0          0          0          0          0   usenofp.o

    ----------------------------------------------------------------------
      3008        122          0          0         96       2940   Library Totals
        10          0          0          0          0          0   (incl. Padding)

    ----------------------------------------------------------------------

      Code (inc. data)   RO Data    RW Data    ZI Data      Debug   Library Name

      1152         78          0          0         96       1836   c_w.l
      1846         44          0          0          0       1104   fz_ws.l

    ----------------------------------------------------------------------
      3008        122          0          0         96       2940   Library Totals

    ----------------------------------------------------------------------

==============================================================================


      Code (inc. data)   RO Data    RW Data    ZI Data      Debug   

     33984       2622        996        224      15408     946226   Grand Totals
     33984       2622        996        224      15408     946226   ELF Image Totals
     33984       2622        996        224          0          0   ROM Totals

==============================================================================

    Total RO  Size (Code + RO Data)                34980 (  34.16kB)
    Total RW  Size (RW Data + ZI Data)             15632 (  15.27kB)
    Total ROM Size (Code + RO Data + RW Data)      35204 (  34.38kB)

==============================================================================

