Component: ARM Compiler 5.06 update 6 (build 750) Tool: armlink [4d35ed]

==============================================================================

Section Cross References

    main.o(i.MainTask) refers to cpu_core.o(i.CPU_Init) for CPU_Init
    main.o(i.MainTask) refers to os_stat.o(i.OSStatTaskCPUUsageInit) for OSStatTaskCPUUsageInit
    main.o(i.MainTask) refers to wled.o(i.wLed_IdInit) for wLed_IdInit
    main.o(i.MainTask) refers to wserial.o(i.wSerial_Init) for wSerial_Init
    main.o(i.MainTask) refers to wserial.o(i.wSerial_CSSInit) for wSerial_CSSInit
    main.o(i.MainTask) refers to wserial.o(i.wSerial_Receive) for wSerial_Receive
    main.o(i.MainTask) refers to wserial.o(i.wSerial_Transmit) for wSerial_Transmit
    main.o(i.MainTask) refers to main.o(.bss) for data
    main.o(i.main) refers to wsys.o(i.wSys_ClockConfig) for wSys_ClockConfig
    main.o(i.main) refers to wsys.o(i.wSys_GetClkFreq) for wSys_GetClkFreq
    main.o(i.main) refers to os_cpu_c.o(i.OS_CPU_SysTickInit) for OS_CPU_SysTickInit
    main.o(i.main) refers to os_core.o(i.OSInit) for OSInit
    main.o(i.main) refers to os_task.o(i.OSTaskCreate) for OSTaskCreate
    main.o(i.main) refers to os_core.o(i.OSStart) for OSStart
    main.o(i.main) refers to startup_stm32f405xx.o(RESET) for __Vectors
    main.o(i.main) refers to main.o(.bss) for Main_TaskStk
    main.o(i.main) refers to main.o(i.MainTask) for MainTask
    wled.o(i.wLed_IdInit) refers to os_tmr.o(i.OSTmrCreate) for OSTmrCreate
    wled.o(i.wLed_IdInit) refers to wgpio.o(i.wGpio_putInit) for wGpio_putInit
    wled.o(i.wLed_IdInit) refers to wled.o(i.wLed_SetIdStatus) for wLed_SetIdStatus
    wled.o(i.wLed_IdInit) refers to wled.o(.bss) for led
    wled.o(i.wLed_IdInit) refers to wled.o(i.wLed_TmrOn) for wLed_TmrOn
    wled.o(i.wLed_IdInit) refers to wled.o(i.wLed_TmrOff) for wLed_TmrOff
    wled.o(i.wLed_Init) refers to os_tmr.o(i.OSTmrCreate) for OSTmrCreate
    wled.o(i.wLed_Init) refers to wgpio.o(i.wGpio_putInit) for wGpio_putInit
    wled.o(i.wLed_Init) refers to wled.o(i.wLed_SetStatus) for wLed_SetStatus
    wled.o(i.wLed_Init) refers to wled.o(i.wLed_TmrOn) for wLed_TmrOn
    wled.o(i.wLed_Init) refers to wled.o(i.wLed_TmrOff) for wLed_TmrOff
    wled.o(i.wLed_SetIdStatus) refers to wled.o(i.wLed_TmrOn) for wLed_TmrOn
    wled.o(i.wLed_SetIdStatus) refers to wled.o(.bss) for led
    wled.o(i.wLed_SetStatus) refers to wled.o(i.wLed_TmrOn) for wLed_TmrOn
    wled.o(i.wLed_TmrOff) refers to wgpio.o(i.wGpio_putWrite) for wGpio_putWrite
    wled.o(i.wLed_TmrOff) refers to os_tmr.o(i.OSTmrSet) for OSTmrSet
    wled.o(i.wLed_TmrOff) refers to os_tmr.o(i.OSTmrStart) for OSTmrStart
    wled.o(i.wLed_TmrOff) refers to wled.o(i.wLed_TmrOn) for wLed_TmrOn
    wled.o(i.wLed_TmrOn) refers to wgpio.o(i.wGpio_putWrite) for wGpio_putWrite
    wled.o(i.wLed_TmrOn) refers to os_tmr.o(i.OSTmrSet) for OSTmrSet
    wled.o(i.wLed_TmrOn) refers to os_tmr.o(i.OSTmrStart) for OSTmrStart
    wled.o(i.wLed_TmrOn) refers to wled.o(i.wLed_TmrOff) for wLed_TmrOff
    wserial.o(i.wSerial_CSSInit) refers to wuart.o(i.wUart_CSSInit) for wUart_CSSInit
    wserial.o(i.wSerial_CSSInit) refers to wserial.o(.bss) for Serial
    wserial.o(i.wSerial_Init) refers to os_sem.o(i.OSSemCreate) for OSSemCreate
    wserial.o(i.wSerial_Init) refers to wuart.o(i.wUart_DMAInit) for wUart_DMAInit
    wserial.o(i.wSerial_Init) refers to wuart.o(i.wUart_SetCallback) for wUart_SetCallback
    wserial.o(i.wSerial_Init) refers to wserial.o(.bss) for Serial
    wserial.o(i.wSerial_Init) refers to wserial.o(i.wSerial_RxIdleIRQHandler) for wSerial_RxIdleIRQHandler
    wserial.o(i.wSerial_Init) refers to wserial.o(i.wSerial_TxIRQHandler) for wSerial_TxIRQHandler
    wserial.o(i.wSerial_Printf) refers to h1_alloc.o(.text) for malloc
    wserial.o(i.wSerial_Printf) refers to wsprintf.o(i.wvsprintf) for wvsprintf
    wserial.o(i.wSerial_Printf) refers to wserial.o(i.wSerial_Transmit) for wSerial_Transmit
    wserial.o(i.wSerial_Printf) refers to h1_free.o(.text) for free
    wserial.o(i.wSerial_PrintfHex) refers to h1_alloc.o(.text) for malloc
    wserial.o(i.wSerial_PrintfHex) refers to wsprintf.o(i.wsprintf) for wsprintf
    wserial.o(i.wSerial_PrintfHex) refers to wserial.o(i.wSerial_Transmit) for wSerial_Transmit
    wserial.o(i.wSerial_PrintfHex) refers to h1_free.o(.text) for free
    wserial.o(i.wSerial_Receive) refers to os_sem.o(i.OSSemSet) for OSSemSet
    wserial.o(i.wSerial_Receive) refers to wuart.o(i.wUart_DMAReceive) for wUart_DMAReceive
    wserial.o(i.wSerial_Receive) refers to os_sem.o(i.OSSemPend) for OSSemPend
    wserial.o(i.wSerial_Receive) refers to wuart.o(i.wUart_AbortReceive) for wUart_AbortReceive
    wserial.o(i.wSerial_Receive) refers to wserial.o(.bss) for Serial
    wserial.o(i.wSerial_RxIdleIRQHandler) refers to os_sem.o(i.OSSemPost) for OSSemPost
[...]
    Stack_Mem                                0x20002cf8   Data        4096  startup_stm32f405xx.o(STACK)
    __initial_sp                             0x20003cf8   Data           0  startup_stm32f405xx.o(STACK)

    Global Symbols

    Symbol Name                              Value     Ov Type        Size  Object(Section)

    BuildAttributes$$THM_ISAv4$E$P$D$K$B$S$7EM$PE$A:L22UL41UL21$X:L11$S22US41US21$IEEE1$IW$USESV6$~STKCKD$USESV7$~SHL$OTIME$ROPI$EBA8$UX$STANDARDLIB$REQ8$PRES8$EABIv2 0x00000000   Number         0  anon$$obj.o ABSOLUTE
    __ARM_use_no_argv                        0x00000000   Number         0  main.o ABSOLUTE
    __ARM_exceptions_init                     - Undefined Weak Reference
    __alloca_initialize                       - Undefined Weak Reference
    __arm_preinit_                            - Undefined Weak Reference
    __cpp_initialize__aeabi_                  - Undefined Weak Reference
    __cxa_finalize                            - Undefined Weak Reference
    __rt_locale                               - Undefined Weak Reference
    __sigvec_lookup                           - Undefined Weak Reference
    __user_heap_extent                        - Undefined Weak Reference
    _atexit_init                              - Undefined Weak Reference
    _call_atexit_fns                          - Undefined Weak Reference
    _clock_init                               - Undefined Weak Reference
    _fp_trap_init                             - Undefined Weak Reference
    _fp_trap_shutdown                         - Undefined Weak Reference
    _get_lc_collate                           - Undefined Weak Reference
    _get_lc_ctype                             - Undefined Weak Reference
    _get_lc_monetary                          - Undefined Weak Reference
    _get_lc_numeric                           - Undefined Weak Reference
    _get_lc_time                              - Undefined Weak Reference
    _getenv_init                              - Undefined Weak Reference
    _handle_redirection                       - Undefined Weak Reference
    _initio                                   - Undefined Weak Reference
    _mutex_acquire                            - Undefined Weak Reference
    _mutex_free                               - Undefined Weak Reference
    _mutex_release                            - Undefined Weak Reference
    _rand_init                                - Undefined Weak Reference
    _signal_finish                            - Undefined Weak Reference
    _signal_init                              - Undefined Weak Reference
    _terminateio                              - Undefined Weak Reference
    __Vectors_Size                           0x00000188   Number         0  startup_stm32f405xx.o ABSOLUTE
    __Vectors                                0x08000000   Data           4  startup_stm32f405xx.o(RESET)
    __Vectors_End                            0x08000188   Data           0  startup_stm32f405xx.o(RESET)
    __main                                   0x08000189   Thumb Code     8  __main.o(!!!main)
    __scatterload                            0x08000191   Thumb Code     0  __scatter.o(!!!scatter)
    __scatterload_rt2                        0x08000191   Thumb Code    44  __scatter.o(!!!scatter)
    __scatterload_rt2_thumb_only             0x08000191   Thumb Code     0  __scatter.o(!!!scatter)
    __scatterload_null                       0x0800019f   Thumb Code     0  __scatter.o(!!!scatter)
    __scatterload_copy                       0x080001c5   Thumb Code    26  __scatter_copy.o(!!handler_copy)
    __scatterload_zeroinit                   0x080001e1   Thumb Code    28  __scatter_zi.o(!!handler_zi)
    __rt_lib_init                            0x080001fd   Thumb Code     0  libinit.o(.ARM.Collect$$libinit$$00000000)
    __rt_lib_init_alloca_1                   0x080001ff   Thumb Code     0  libinit2.o(.ARM.Collect$$libinit$$0000002E)
    __rt_lib_init_argv_1                     0x080001ff   Thumb Code     0  libinit2.o(.ARM.Collect$$libinit$$0000002C)
    __rt_lib_init_atexit_1                   0x080001ff   Thumb Code     0  libinit2.o(.ARM.Collect$$libinit$$0000001B)
    __rt_lib_init_clock_1                    0x080001ff   Thumb Code     0  libinit2.o(.ARM.Collect$$libinit$$00000021)
    __rt_lib_init_cpp_1                      0x080001ff   Thumb Code     0  libinit2.o(.ARM.Collect$$libinit$$00000032)
    __rt_lib_init_exceptions_1               0x080001ff   Thumb Code     0  libinit2.o(.ARM.Collect$$libinit$$00000030)
    __rt_lib_init_fp_1                       0x080001ff   Thumb Code     0  libinit2.o(.ARM.Collect$$libinit$$00000002)
    __rt_lib_init_fp_trap_1                  0x080001ff   Thumb Code     0  libinit2.o(.ARM.Collect$$libinit$$0000001F)
    __rt_lib_init_getenv_1                   0x080001ff   Thumb Code     0  libinit2.o(.ARM.Collect$$libinit$$00000023)
    __rt_lib_init_heap_1                     0x080001ff   Thumb Code     0  libinit2.o(.ARM.Collect$$libinit$$0000000A)
    __rt_lib_init_lc_collate_1               0x080001ff   Thumb Code     0  libinit2.o(.ARM.Collect$$libinit$$00000011)
    __rt_lib_init_lc_ctype_1                 0x080001ff   Thumb Code     0  libinit2.o(.ARM.Collect$$libinit$$00000013)
    __rt_lib_init_lc_monetary_1              0x080001ff   Thumb Code     0  libinit2.o(.ARM.Collect$$libinit$$00000015)
    __rt_lib_init_lc_numeric_1               0x080001ff   Thumb Code     0  libinit2.o(.ARM.Collect$$libinit$$00000017)
    __rt_lib_init_lc_time_1                  0x080001ff   Thumb Code     0  libinit2.o(.ARM.Collect$$libinit$$00000019)
    __rt_lib_init_preinit_1                  0x080001ff   Thumb Code     0  libinit2.o(.ARM.Collect$$libinit$$00000004)
    __rt_lib_init_rand_1                     0x080001ff   Thumb Code     0  libinit2.o(.ARM.Collect$$libinit$$0000000E)
    __rt_lib_init_return                     0x080001ff   Thumb Code     0  libinit2.o(.ARM.Collect$$libinit$$00000033)
    __rt_lib_init_signal_1                   0x080001ff   Thumb Code     0  libinit2.o(.ARM.Collect$$libinit$$0000001D)
    __rt_lib_init_stdio_1                    0x080001ff   Thumb Code     0  libinit2.o(.ARM.Collect$$libinit$$00000025)
    __rt_lib_init_user_alloc_1               0x080001ff   Thumb Code     0  libinit2.o(.ARM.Collect$$libinit$$0000000C)
    __rt_lib_shutdown                        0x08000201   Thumb Code     0  libshutdown.o(.ARM.Collect$$libshutdown$$00000000)
    __rt_lib_shutdown_cpp_1                  0x08000203   Thumb Code     0  libshutdown2.o(.ARM.Collect$$libshutdown$$00000002)
    __rt_lib_shutdown_fp_trap_1              0x08000203   Thumb Code     0  libshutdown2.o(.ARM.Collect$$libshutdown$$00000007)
    __rt_lib_shutdown_heap_1                 0x08000203   Thumb Code     0  libshutdown2.o(.ARM.Collect$$libshutdown$$0000000F)
    __rt_lib_shutdown_return                 0x08000203   Thumb Code     0  libshutdown2.o(.ARM.Collect$$libshutdown$$00000010)
    __rt_lib_shutdown_signal_1               0x08000203   Thumb Code     0  libshutdown2.o(.ARM.Collect$$libshutdown$$0000000A)
    __rt_lib_shutdown_stdio_1                0x08000203   Thumb Code     0  libshutdown2.o(.ARM.Collect$$libshutdown$$00000004)
    __rt_lib_shutdown_user_alloc_1           0x08000203   Thumb Code     0  libshutdown2.o(.ARM.Collect$$libshutdown$$0000000C)
    __rt_entry                               0x08000205   Thumb Code     0  __rtentry.o(.ARM.Collect$$rtentry$$00000000)
    __rt_entry_presh_1                       0x08000205   Thumb Code     0  __rtentry2.o(.ARM.Collect$$rtentry$$00000002)
    __rt_entry_sh                            0x08000205   Thumb Code     0  __rtentry4.o(.ARM.Collect$$rtentry$$00000004)
    __rt_entry_li                            0x0800020b   Thumb Code     0  __rtentry2.o(.ARM.Collect$$rtentry$$0000000A)
    __rt_entry_postsh_1                      0x0800020b   Thumb Code     0  __rtentry2.o(.ARM.Collect$$rtentry$$00000009)
    __rt_entry_main                          0x0800020f   Thumb Code     0  __rtentry2.o(.ARM.Collect$$rtentry$$0000000D)
    __rt_entry_postli_1                      0x0800020f   Thumb Code     0  __rtentry2.o(.ARM.Collect$$rtentry$$0000000C)
    __rt_exit                                0x08000217   Thumb Code     0  rtexit.o(.ARM.Collect$$rtexit$$00000000)
    __rt_exit_ls                             0x08000219   Thumb Code     0  rtexit2.o(.ARM.Collect$$rtexit$$00000003)
    __rt_exit_prels_1                        0x08000219   Thumb Code     0  rtexit2.o(.ARM.Collect$$rtexit$$00000002)
    __rt_exit_exit                           0x0800021d   Thumb Code     0  rtexit2.o(.ARM.Collect$$rtexit$$00000004)
    CPU_IntDis                               0x08000225   Thumb Code     0  cpu_a.o(.text)
    CPU_IntEn                                0x08000229   Thumb Code     0  cpu_a.o(.text)
    CPU_SR_Save                              0x0800022d   Thumb Code     0  cpu_a.o(.text)
    CPU_SR_Restore                           0x08000235   Thumb Code     0  cpu_a.o(.text)
    CPU_WaitForInt                           0x0800023b   Thumb Code     0  cpu_a.o(.text)
    CPU_WaitForExcept                        0x0800023f   Thumb Code     0  cpu_a.o(.text)
    CPU_CntLeadZeros                         0x08000243   Thumb Code     0  cpu_a.o(.text)
    CPU_CntTrailZeros                        0x08000249   Thumb Code     0  cpu_a.o(.text)
    CPU_RevBits                              0x08000253   Thumb Code     0  cpu_a.o(.text)
    Reset_Handler                            0x08000259   Thumb Code     8  startup_stm32f405xx.o(.text)
    ADC_IRQHandler                           0x08000273   Thumb Code     0  startup_stm32f405xx.o(.text)
    CAN1_RX0_IRQHandler                      0x08000273   Thumb Code     0  startup_stm32f405xx.o(.text)
    CAN1_RX1_IRQHandler                      0x08000273   Thumb Code     0  startup_stm32f405xx.o(.text)
    CAN1_SCE_IRQHandler                      0x08000273   Thumb Code     0  startup_stm32f405xx.o(.text)
    CAN1_TX_IRQHandler                       0x08000273   Thumb Code     0  startup_stm32f405xx.o(.text)
    CAN2_RX0_IRQHandler                      0x08000273   Thumb Code     0  startup_stm32f405xx.o(.text)
    CAN2_RX1_IRQHandler                      0x08000273   Thumb Code     0  startup_stm32f405xx.o(.text)
    CAN2_SCE_IRQHandler                      0x08000273   Thumb Code     0  startup_stm32f405xx.o(.text)
    CAN2_TX_IRQHandler                       0x08000273   Thumb Code     0  startup_stm32f405xx.o(.text)
    FLASH_IRQHandler                         0x08000273   Thumb Code     0  startup_stm32f405xx.o(.text)
    FMC_IRQHandler                           0x08000273   Thumb Code     0  startup_stm32f405xx.o(.text)
    FPU_IRQHandler                           0x08000273   Thumb Code     0  startup_stm32f405xx.o(.text)
    HASH_RNG_IRQHandler                      0x08000273   Thumb Code     0  startup_stm32f405xx.o(.text)
    I2C1_ER_IRQHandler                       0x08000273   Thumb Code     0  startup_stm32f405xx.o(.text)
    I2C1_EV_IRQHandler                       0x08000273   Thumb Code     0  startup_stm32f405xx.o(.text)
    I2C2_ER_IRQHandler                       0x08000273   Thumb Code     0  startup_stm32f405xx.o(.text)
    I2C2_EV_IRQHandler                       0x08000273   Thumb Code     0  startup_stm32f405xx.o(.text)
    I2C3_ER_IRQHandler                       0x08000273   Thumb Code     0  startup_stm32f405xx.o(.text)
    I2C3_EV_IRQHandler                       0x08000273   Thumb Code     0  startup_stm32f405xx.o(.text)
    OTG_FS_IRQHandler                        0x08000273   Thumb Code     0  startup_stm32f405xx.o(.text)
    OTG_FS_WKUP_IRQHandler                   0x08000273   Thumb Code     0  startup_stm32f405xx.o(.text)
    OTG_HS_EP1_IN_IRQHandler                 0x08000273   Thumb Code     0  startup_stm32f405xx.o(.text)
    OTG_HS_EP1_OUT_IRQHandler                0x08000273   Thumb Code     0  startup_stm32f405xx.o(.text)
    OTG_HS_IRQHandler                        0x08000273   Thumb Code     0  startup_stm32f405xx.o(.text)
    OTG_HS_WKUP_IRQHandler                   0x08000273   Thumb Code     0  startup_stm32f405xx.o(.text)
    PVD_IRQHandler                           0x08000273   Thumb Code     0  startup_stm32f405xx.o(.text)
    RCC_IRQHandler                           0x08000273   Thumb Code     0  startup_stm32f405xx.o(.text)
    RTC_Alarm_IRQHandler                     0x08000273   Thumb Code     0  startup_stm32f405xx.o(.text)
    RTC_WKUP_IRQHandler                      0x08000273   Thumb Code     0  startup_stm32f405xx.o(.text)
    SDIO_IRQHandler                          0x08000273   Thumb Code     0  startup_stm32f405xx.o(.text)
    SPI1_IRQHandler                          0x08000273   Thumb Code     0  startup_stm32f405xx.o(.text)
    SPI2_IRQHandler                          0x08000273   Thumb Code     0  startup_stm32f405xx.o(.text)
    SPI3_IRQHandler                          0x08000273   Thumb Code     0  startup_stm32f405xx.o(.text)
    TAMP_STAMP_IRQHandler                    0x08000273   Thumb Code     0  startup_stm32f405xx.o(.text)
    TIM1_BRK_TIM9_IRQHandler                 0x08000273   Thumb Code     0  startup_stm32f405xx.o(.text)
    TIM1_CC_IRQHandler                       0x08000273   Thumb Code     0  startup_stm32f405xx.o(.text)
    TIM1_TRG_COM_TIM11_IRQHandler            0x08000273   Thumb Code     0  startup_stm32f405xx.o(.text)
    TIM1_UP_TIM10_IRQHandler                 0x08000273   Thumb Code     0  startup_stm32f405xx.o(.text)
    TIM2_IRQHandler                          0x08000273   Thumb Code     0  startup_stm32f405xx.o(.text)
    TIM3_IRQHandler                          0x08000273   Thumb Code     0  startup_stm32f405xx.o(.text)
    TIM4_IRQHandler                          0x08000273   Thumb Code     0  startup_stm32f405xx.o(.text)
    TIM5_IRQHandler                          0x08000273   Thumb Code     0  startup_stm32f405xx.o(.text)
    TIM6_DAC_IRQHandler                      0x08000273   Thumb Code     0  startup_stm32f405xx.o(.text)
    TIM7_IRQHandler                          0x08000273   Thumb Code     0  startup_stm32f405xx.o(.text)
    TIM8_BRK_TIM12_IRQHandler                0x08000273   Thumb Code     0  startup_stm32f405xx.o(.text)
    TIM8_CC_IRQHandler                       0x08000273   Thumb Code     0  startup_stm32f405xx.o(.text)
    TIM8_TRG_COM_TIM14_IRQHandler            0x08000273   Thumb Code     0  startup_stm32f405xx.o(.text)
    TIM8_UP_TIM13_IRQHandler                 0x08000273   Thumb Code     0  startup_stm32f405xx.o(.text)
    WWDG_IRQHandler                          0x08000273   Thumb Code     0  startup_stm32f405xx.o(.text)
    __user_initial_stackheap                 0x08000275   Thumb Code     0  startup_stm32f405xx.o(.text)
    __aeabi_uldivmod                         0x08000299   Thumb Code     0  lludivv7m.o(.text)
    _ll_udiv                                 0x08000299   Thumb Code   238  lludivv7m.o(.text)
    __aeabi_memclr4                          0x08000387   Thumb Code     0  rt_memclr_w.o(.text)
    __aeabi_memclr8                          0x08000387   Thumb Code     0  rt_memclr_w.o(.text)
    __rt_memclr_w                            0x08000387   Thumb Code    78  rt_memclr_w.o(.text)
    _memset_w                                0x0800038b   Thumb Code     0  rt_memclr_w.o(.text)
    __use_two_region_memory                  0x080003d5   Thumb Code     2  heapauxi.o(.text)
    __rt_heap_escrow                         0x080003d7   Thumb Code     2  heapauxi.o(.text)
    __rt_heap_expand                         0x080003d9   Thumb Code     2  heapauxi.o(.text)
    __user_libspace                          0x080003dd   Thumb Code     8  libspace.o(.text)
    __user_perproc_libspace                  0x080003dd   Thumb Code     0  libspace.o(.text)
    __user_perthread_libspace                0x080003dd   Thumb Code     0  libspace.o(.text)
    __I$use$semihosting                      0x080003e5   Thumb Code     0  use_no_semi.o(.text)
    __use_no_semihosting_swi                 0x080003e5   Thumb Code     2  use_no_semi.o(.text)
    __semihosting_library_function           0x080003e7   Thumb Code     0  indicate_semi.o(.text)
    __user_setup_stackheap                   0x080003e7   Thumb Code    74  sys_stackheap_outer.o(.text)
    exit                                     0x08000431   Thumb Code    18  exit.o(.text)
    _sys_exit                                0x08000445   Thumb Code     8  sys_exit.o(.text)
    OSStartHighRdy                           0x08000451   Thumb Code     0  os_cpu_a.o(CODE)
    OSCtxSw                                  0x080004cb   Thumb Code     0  os_cpu_a.o(CODE)
    OSIntCtxSw                               0x080004cb   Thumb Code     0  os_cpu_a.o(CODE)
    PendSV_Handler                           0x080004d5   Thumb Code     0  os_cpu_a.o(CODE)
    BusFault_Handler                         0x08000549   Thumb Code     4  wit.o(i.BusFault_Handler)
    CPU_Init                                 0x0800054d   Thumb Code     8  cpu_core.o(i.CPU_Init)
    CPU_TS_TmrFreqSet                        0x08000569   Thumb Code     6  cpu_core.o(i.CPU_TS_TmrFreqSet)
    CPU_TS_TmrInit                           0x08000575   Thumb Code    44  os_bsp.o(i.CPU_TS_TmrInit)
    CPU_TS_TmrRd                             0x080005a9   Thumb Code     6  os_bsp.o(i.CPU_TS_TmrRd)
    DMA1_Stream0_IRQHandler                  0x080005b5   Thumb Code    34  wdma.o(i.DMA1_Stream0_IRQHandler)
    DMA1_Stream1_IRQHandler                  0x080005dd   Thumb Code    34  wdma.o(i.DMA1_Stream1_IRQHandler)
    DMA1_Stream2_IRQHandler                  0x08000605   Thumb Code    34  wdma.o(i.DMA1_Stream2_IRQHandler)
    DMA1_Stream3_IRQHandler                  0x0800062d   Thumb Code    34  wdma.o(i.DMA1_Stream3_IRQHandler)
    DMA1_Stream4_IRQHandler                  0x08000655   Thumb Code    34  wdma.o(i.DMA1_Stream4_IRQHandler)
    DMA1_Stream5_IRQHandler                  0x0800067d   Thumb Code    34  wdma.o(i.DMA1_Stream5_IRQHandler)
    DMA1_Stream6_IRQHandler                  0x080006a5   Thumb Code    34  wdma.o(i.DMA1_Stream6_IRQHandler)
    DMA1_Stream7_IRQHandler                  0x080006cd   Thumb Code    34  wdma.o(i.DMA1_Stream7_IRQHandler)
    DMA2_Stream0_IRQHandler                  0x080006f5   Thumb Code    34  wdma.o(i.DMA2_Stream0_IRQHandler)
    DMA2_Stream1_IRQHandler                  0x0800071d   Thumb Code    34  wdma.o(i.DMA2_Stream1_IRQHandler)
    DMA2_Stream2_IRQHandler                  0x08000745   Thumb Code    34  wdma.o(i.DMA2_Stream2_IRQHandler)
    DMA2_Stream3_IRQHandler                  0x0800076d   Thumb Code    34  wdma.o(i.DMA2_Stream3_IRQHandler)
    DMA2_Stream4_IRQHandler                  0x08000795   Thumb Code    34  wdma.o(i.DMA2_Stream4_IRQHandler)
    DMA2_Stream5_IRQHandler                  0x080007bd   Thumb Code    34  wdma.o(i.DMA2_Stream5_IRQHandler)
    DMA2_Stream6_IRQHandler                  0x080007e5   Thumb Code    34  wdma.o(i.DMA2_Stream6_IRQHandler)
    DMA2_Stream7_IRQHandler                  0x0800080d   Thumb Code    34  wdma.o(i.DMA2_Stream7_IRQHandler)
    DebugMon_Handler                         0x0800093f   Thumb Code     2  wit.o(i.DebugMon_Handler)
    EXTI0_IRQHandler                         0x08000941   Thumb Code    24  wgpio.o(i.EXTI0_IRQHandler)
    EXTI15_10_IRQHandler                     0x08000959   Thumb Code    66  wgpio.o(i.EXTI15_10_IRQHandler)
    EXTI1_IRQHandler                         0x0800099b   Thumb Code    24  wgpio.o(i.EXTI1_IRQHandler)
    EXTI2_IRQHandler                         0x080009b3   Thumb Code    24  wgpio.o(i.EXTI2_IRQHandler)
    EXTI3_IRQHandler                         0x080009cb   Thumb Code    24  wgpio.o(i.EXTI3_IRQHandler)
    EXTI4_IRQHandler                         0x080009e3   Thumb Code    24  wgpio.o(i.EXTI4_IRQHandler)
    EXTI9_5_IRQHandler                       0x080009fb   Thumb Code    52  wgpio.o(i.EXTI9_5_IRQHandler)
    HAL_DMA_Abort_IT                         0x08000a2f   Thumb Code    40  stm32f4xx_hal_dma.o(i.HAL_DMA_Abort_IT)
    HAL_DMA_IRQHandler                       0x08000a59   Thumb Code   570  stm32f4xx_hal_dma.o(i.HAL_DMA_IRQHandler)
    HAL_DMA_Init                             0x08000c99   Thumb Code   232  stm32f4xx_hal_dma.o(i.HAL_DMA_Init)
    HAL_DMA_Start_IT                         0x08000d85   Thumb Code   158  stm32f4xx_hal_dma.o(i.HAL_DMA_Start_IT)
    HAL_GPIO_EXTI_Callback                   0x08000e25   Thumb Code   184  wgpio.o(i.HAL_GPIO_EXTI_Callback)
    HAL_GPIO_EXTI_IRQHandler                 0x08000ee1   Thumb Code    24  stm32f4xx_hal_gpio.o(i.HAL_GPIO_EXTI_IRQHandler)
    HAL_GPIO_Init                            0x08000efd   Thumb Code   466  stm32f4xx_hal_gpio.o(i.HAL_GPIO_Init)
    HAL_GPIO_TogglePin                       0x080010fd   Thumb Code    18  stm32f4xx_hal_gpio.o(i.HAL_GPIO_TogglePin)
    HAL_GPIO_WritePin                        0x0800110f   Thumb Code    12  stm32f4xx_hal_gpio.o(i.HAL_GPIO_WritePin)
    HAL_GetREVID                             0x0800111d   Thumb Code     8  stm32f4xx_hal.o(i.HAL_GetREVID)
    HAL_GetTick                              0x08001129   Thumb Code     6  stm32f4xx_hal.o(i.HAL_GetTick)
    HAL_IncTick                              0x08001135   Thumb Code    16  stm32f4xx_hal.o(i.HAL_IncTick)
    HAL_Init                                 0x0800114d   Thumb Code    54  stm32f4xx_hal.o(i.HAL_Init)
    HAL_InitTick                             0x08001189   Thumb Code    64  stm32f4xx_hal.o(i.HAL_InitTick)
    HAL_MspInit                              0x080011d5   Thumb Code   182  wsys.o(i.HAL_MspInit)
    HAL_NVIC_ClearPendingIRQ                 0x080012a1   Thumb Code    30  stm32f4xx_hal_cortex.o(i.HAL_NVIC_ClearPendingIRQ)
    HAL_NVIC_EnableIRQ                       0x080012c5   Thumb Code    32  stm32f4xx_hal_cortex.o(i.HAL_NVIC_EnableIRQ)
    HAL_NVIC_SetPriority                     0x080012e5   Thumb Code   124  stm32f4xx_hal_cortex.o(i.HAL_NVIC_SetPriority)
    HAL_NVIC_SetPriorityGrouping             0x08001361   Thumb Code    32  stm32f4xx_hal_cortex.o(i.HAL_NVIC_SetPriorityGrouping)
    HAL_NVIC_SystemReset                     0x08001389   Thumb Code    60  stm32f4xx_hal_cortex.o(i.HAL_NVIC_SystemReset)
    HAL_RCC_ClockConfig                      0x080013cd   Thumb Code   366  stm32f4xx_hal_rcc.o(i.HAL_RCC_ClockConfig)
    HAL_RCC_DeInit                           0x0800154d   Thumb Code   356  stm32f4xx_hal_rcc_ex.o(i.HAL_RCC_DeInit)
    HAL_RCC_EnableCSS                        0x080016c5   Thumb Code     8  stm32f4xx_hal_rcc.o(i.HAL_RCC_EnableCSS)
    HAL_RCC_GetHCLKFreq                      0x080016d1   Thumb Code     6  stm32f4xx_hal_rcc.o(i.HAL_RCC_GetHCLKFreq)
    HAL_RCC_GetPCLK1Freq                     0x080016dd   Thumb Code    22  stm32f4xx_hal_rcc.o(i.HAL_RCC_GetPCLK1Freq)
    HAL_RCC_GetPCLK2Freq                     0x080016fd   Thumb Code    22  stm32f4xx_hal_rcc.o(i.HAL_RCC_GetPCLK2Freq)
    HAL_RCC_GetSysClockFreq                  0x0800171d   Thumb Code   162  stm32f4xx_hal_rcc.o(i.HAL_RCC_GetSysClockFreq)
    HAL_RCC_OscConfig                        0x080017cd   Thumb Code  1086  stm32f4xx_hal_rcc.o(i.HAL_RCC_OscConfig)
    HAL_SYSTICK_CLKSourceConfig              0x08001c15   Thumb Code    40  stm32f4xx_hal_cortex.o(i.HAL_SYSTICK_CLKSourceConfig)
    HAL_SYSTICK_Config                       0x08001c3d   Thumb Code    52  stm32f4xx_hal_cortex.o(i.HAL_SYSTICK_Config)
    HAL_UART_AbortReceiveCpltCallback        0x08001c71   Thumb Code     2  stm32f4xx_hal_uart.o(i.HAL_UART_AbortReceiveCpltCallback)
    HAL_UART_AbortReceive_IT                 0x08001c75   Thumb Code   116  stm32f4xx_hal_uart.o(i.HAL_UART_AbortReceive_IT)
    HAL_UART_ErrorCallback                   0x08001ced   Thumb Code     2  stm32f4xx_hal_uart.o(i.HAL_UART_ErrorCallback)
    HAL_UART_IRQHandler                      0x08001cf1   Thumb Code   328  stm32f4xx_hal_uart.o(i.HAL_UART_IRQHandler)
    HAL_UART_Init                            0x08001e3d   Thumb Code   114  stm32f4xx_hal_uart.o(i.HAL_UART_Init)
    HAL_UART_MspInit                         0x08001eaf   Thumb Code     2  stm32f4xx_hal_uart.o(i.HAL_UART_MspInit)
    HAL_UART_Receive_DMA                     0x08001eb1   Thumb Code   182  stm32f4xx_hal_uart.o(i.HAL_UART_Receive_DMA)
    HAL_UART_RxCpltCallback                  0x08001f75   Thumb Code     2  stm32f4xx_hal_uart.o(i.HAL_UART_RxCpltCallback)
    HAL_UART_RxCpltCallback_Idle             0x08001f79   Thumb Code    72  wuart.o(i.HAL_UART_RxCpltCallback_Idle)
    HAL_UART_RxHalfCpltCallback              0x08001fc5   Thumb Code     2  stm32f4xx_hal_uart.o(i.HAL_UART_RxHalfCpltCallback)
    HAL_UART_Transmit_DMA                    0x08001fc9   Thumb Code   142  stm32f4xx_hal_uart.o(i.HAL_UART_Transmit_DMA)
    HAL_UART_TxCpltCallback                  0x08002065   Thumb Code    56  wuart.o(i.HAL_UART_TxCpltCallback)
    HAL_UART_TxHalfCpltCallback              0x080020a5   Thumb Code     2  stm32f4xx_hal_uart.o(i.HAL_UART_TxHalfCpltCallback)
    HardFault_Handler                        0x080020a7   Thumb Code     4  wit.o(i.HardFault_Handler)
    MemManage_Handler                        0x08002115   Thumb Code     4  wit.o(i.MemManage_Handler)
    NMI_Handler                              0x08002119   Thumb Code     2  wit.o(i.NMI_Handler)
    OSCfg_Init                               0x0800211b   Thumb Code     2  os_cfg_app.o(i.OSCfg_Init)
    OSInit                                   0x0800211d   Thumb Code   214  os_core.o(i.OSInit)
    OSInitHook                               0x08002241   Thumb Code    34  os_cpu_c.o(i.OSInitHook)
    OSIntEnter                               0x08002275   Thumb Code    34  os_core.o(i.OSIntEnter)
    OSIntExit                                0x080022a1   Thumb Code   180  os_core.o(i.OSIntExit)
    OSMutexCreate                            0x08002375   Thumb Code   122  os_mutex.o(i.OSMutexCreate)
    OSMutexPend                              0x080023f9   Thumb Code   430  os_mutex.o(i.OSMutexPend)
    OSMutexPost                              0x080025b1   Thumb Code   326  os_mutex.o(i.OSMutexPost)
    OSSched                                  0x08002701   Thumb Code   126  os_core.o(i.OSSched)
    OSSemCreate                              0x0800279d   Thumb Code   120  os_sem.o(i.OSSemCreate)
    OSSemPend                                0x0800281d   Thumb Code   330  os_sem.o(i.OSSemPend)
    OSSemPost                                0x08002971   Thumb Code   186  os_sem.o(i.OSSemPost)
    OSSemSet                                 0x08002a2b   Thumb Code    76  os_sem.o(i.OSSemSet)
    OSStart                                  0x08002a79   Thumb Code   120  os_core.o(i.OSStart)
    OSStatReset                              0x08002b11   Thumb Code   244  os_stat.o(i.OSStatReset)
    OSStatTaskCPUUsageInit                   0x08002c29   Thumb Code   216  os_stat.o(i.OSStatTaskCPUUsageInit)
    OSStatTaskHook                           0x08002d1d   Thumb Code     2  os_cpu_c.o(i.OSStatTaskHook)
    OSTaskCreate                             0x08002d21   Thumb Code   312  os_task.o(i.OSTaskCreate)
    OSTaskCreateHook                         0x08002e65   Thumb Code     2  os_cpu_c.o(i.OSTaskCreateHook)
    OSTaskDel                                0x08002e69   Thumb Code   368  os_task.o(i.OSTaskDel)
    OSTaskDelHook                            0x08002fe5   Thumb Code     2  os_cpu_c.o(i.OSTaskDelHook)
    OSTaskResume                             0x08002fe7   Thumb Code   256  os_task.o(i.OSTaskResume)
    OSTaskReturnHook                         0x080030e7   Thumb Code     2  os_cpu_c.o(i.OSTaskReturnHook)
    OSTaskStkChk                             0x080030e9   Thumb Code   174  os_task.o(i.OSTaskStkChk)
    OSTaskStkInit                            0x0800319d   Thumb Code   204  os_cpu_c.o(i.OSTaskStkInit)
    OSTaskSuspend                            0x0800326d   Thumb Code   352  os_task.o(i.OSTaskSuspend)
    OSTaskSwHook                             0x080033dd   Thumb Code    70  os_cpu_c.o(i.OSTaskSwHook)
    OSTimeDly                                0x0800342d   Thumb Code   140  os_time.o(i.OSTimeDly)
    OSTimeTick                               0x080034c1   Thumb Code    26  os_time.o(i.OSTimeTick)
    OSTimeTickHook                           0x080034e1   Thumb Code     2  os_cpu_c.o(i.OSTimeTickHook)
    OSTmrCreate                              0x080034e5   Thumb Code   156  os_tmr.o(i.OSTmrCreate)
    OSTmrSet                                 0x08003591   Thumb Code    56  os_tmr.o(i.OSTmrSet)
    OSTmrStart                               0x080035cd   Thumb Code   198  os_tmr.o(i.OSTmrStart)
    OS_CPU_SysTickHandler                    0x080036a5   Thumb Code    46  os_cpu_c.o(i.OS_CPU_SysTickHandler)
    OS_CPU_SysTickInit                       0x080036d5   Thumb Code    50  os_cpu_c.o(i.OS_CPU_SysTickInit)
    OS_Dbg_Init                              0x0800370d   Thumb Code   284  os_dbg.o(i.OS_Dbg_Init)
    OS_IdleTask                              0x08003935   Thumb Code    52  os_core.o(i.OS_IdleTask)
    OS_IdleTaskInit                          0x08003971   Thumb Code    66  os_core.o(i.OS_IdleTaskInit)
    OS_MemInit                               0x080039e1   Thumb Code    14  os_mem.o(i.OS_MemInit)
    OS_MsgPoolInit                           0x080039f9   Thumb Code    80  os_msg.o(i.OS_MsgPoolInit)
    OS_MutexDbgListAdd                       0x08003a55   Thumb Code    38  os_mutex.o(i.OS_MutexDbgListAdd)
    OS_MutexGrpAdd                           0x08003a85   Thumb Code     8  os_mutex.o(i.OS_MutexGrpAdd)
    OS_MutexGrpPostAll                       0x08003a8d   Thumb Code    94  os_mutex.o(i.OS_MutexGrpPostAll)
    OS_MutexGrpPrioFindHighest               0x08003aeb   Thumb Code    42  os_mutex.o(i.OS_MutexGrpPrioFindHighest)
    OS_MutexGrpRemove                        0x08003b15   Thumb Code    28  os_mutex.o(i.OS_MutexGrpRemove)
    OS_Pend                                  0x08003b31   Thumb Code    64  os_core.o(i.OS_Pend)
    OS_PendDbgNameAdd                        0x08003b71   Thumb Code    64  os_core.o(i.OS_PendDbgNameAdd)
    OS_PendDbgNameRemove                     0x08003bc9   Thumb Code    32  os_core.o(i.OS_PendDbgNameRemove)
    OS_PendListChangePrio                    0x08003bed   Thumb Code    34  os_core.o(i.OS_PendListChangePrio)
    OS_PendListInit                          0x08003c0f   Thumb Code    10  os_core.o(i.OS_PendListInit)
    OS_PendListInsertPrio                    0x08003c19   Thumb Code   102  os_core.o(i.OS_PendListInsertPrio)
    OS_PendListRemove                        0x08003c7f   Thumb Code    78  os_core.o(i.OS_PendListRemove)
    OS_Post                                  0x08003ccd   Thumb Code   172  os_core.o(i.OS_Post)
    OS_PrioGetHighest                        0x08003d79   Thumb Code    34  os_prio.o(i.OS_PrioGetHighest)
    OS_PrioInit                              0x08003da1   Thumb Code    20  os_prio.o(i.OS_PrioInit)
    OS_PrioInsert                            0x08003db9   Thumb Code    48  os_prio.o(i.OS_PrioInsert)
    OS_PrioRemove                            0x08003ded   Thumb Code    48  os_prio.o(i.OS_PrioRemove)
    OS_RdyListInit                           0x08003e21   Thumb Code    30  os_core.o(i.OS_RdyListInit)
    OS_RdyListInsert                         0x08003e45   Thumb Code    40  os_core.o(i.OS_RdyListInsert)
    OS_RdyListInsertHead                     0x08003e71   Thumb Code    58  os_core.o(i.OS_RdyListInsertHead)
    OS_RdyListInsertTail                     0x08003eb1   Thumb Code    56  os_core.o(i.OS_RdyListInsertTail)
    OS_RdyListRemove                         0x08003eed   Thumb Code    86  os_core.o(i.OS_RdyListRemove)
    OS_SemDbgListAdd                         0x08003f49   Thumb Code    38  os_sem.o(i.OS_SemDbgListAdd)
    OS_StatTask                              0x08003f79   Thumb Code   750  os_stat.o(i.OS_StatTask)
    OS_StatTaskInit                          0x080042b9   Thumb Code   144  os_stat.o(i.OS_StatTaskInit)
    OS_TaskBlock                             0x08004395   Thumb Code    44  os_core.o(i.OS_TaskBlock)
    OS_TaskChangePrio                        0x080043c5   Thumb Code   228  os_task.o(i.OS_TaskChangePrio)
    OS_TaskDbgListAdd                        0x080044ad   Thumb Code    42  os_task.o(i.OS_TaskDbgListAdd)
    OS_TaskDbgListRemove                     0x080044dd   Thumb Code    64  os_task.o(i.OS_TaskDbgListRemove)
    OS_TaskInit                              0x08004521   Thumb Code    18  os_task.o(i.OS_TaskInit)
    OS_TaskInitTCB                           0x08004541   Thumb Code   152  os_task.o(i.OS_TaskInitTCB)
    OS_TaskReturn                            0x080045e5   Thumb Code    20  os_task.o(i.OS_TaskReturn)
    OS_TickInit                              0x080045fd   Thumb Code    18  os_tick.o(i.OS_TickInit)
    OS_TickListInsert                        0x08004619   Thumb Code   162  os_tick.o(i.OS_TickListInsert)
    OS_TickListInsertDly                     0x080046c5   Thumb Code   134  os_tick.o(i.OS_TickListInsertDly)
    OS_TickListRemove                        0x08004751   Thumb Code    82  os_tick.o(i.OS_TickListRemove)
    OS_TickUpdate                            0x080048e5   Thumb Code    86  os_tick.o(i.OS_TickUpdate)
    OS_TmrDbgListAdd                         0x08004b15   Thumb Code    34  os_tmr.o(i.OS_TmrDbgListAdd)
    OS_TmrInit                               0x08004b3d   Thumb Code   178  os_tmr.o(i.OS_TmrInit)
    OS_TmrLink                               0x08004c5d   Thumb Code   172  os_tmr.o(i.OS_TmrLink)
    OS_TmrTask                               0x08004d2d   Thumb Code   254  os_tmr.o(i.OS_TmrTask)
    OS_TmrUnlink                             0x08004e41   Thumb Code   190  os_tmr.o(i.OS_TmrUnlink)
    SVC_Handler                              0x08004f21   Thumb Code     2  wit.o(i.SVC_Handler)
    SysTick_Handler                          0x08004f23   Thumb Code    12  wit.o(i.SysTick_Handler)
    SystemInit                               0x08004f31   Thumb Code    68  system_stm32f4xx.o(i.SystemInit)
    UART4_IRQHandler                         0x08004f85   Thumb Code    42  wuart.o(i.UART4_IRQHandler)
    UART5_IRQHandler                         0x08004fb5   Thumb Code    42  wuart.o(i.UART5_IRQHandler)
    USART1_IRQHandler                        0x080055c5   Thumb Code    42  wuart.o(i.USART1_IRQHandler)
    USART2_IRQHandler                        0x080055f5   Thumb Code    42  wuart.o(i.USART2_IRQHandler)
    USART3_IRQHandler                        0x08005625   Thumb Code    42  wuart.o(i.USART3_IRQHandler)
    USART6_IRQHandler                        0x08005655   Thumb Code    42  wuart.o(i.USART6_IRQHandler)
    UsageFault_Handler                       0x08005685   Thumb Code     4  wit.o(i.UsageFault_Handler)
    main                                     0x080056c1   Thumb Code   104  main.o(i.main)
    wDma_Init                                0x08005749   Thumb Code   446  wdma.o(i.wDma_Init)
    wGpio_Init                               0x0800591d   Thumb Code   806  wgpio.o(i.wGpio_Init)
    wGpio_putInit                            0x08005c6d   Thumb Code   136  wgpio.o(i.wGpio_putInit)
    wGpio_putWrite                           0x08005d19   Thumb Code    88  wgpio.o(i.wGpio_putWrite)
    wLed_IdInit                              0x08005d71   Thumb Code   142  wled.o(i.wLed_IdInit)
    wLed_SetIdStatus                         0x08005e25   Thumb Code    66  wled.o(i.wLed_SetIdStatus)
    wSerial_CSSInit                          0x08005fed   Thumb Code    52  wserial.o(i.wSerial_CSSInit)
    wSerial_Init                             0x08006025   Thumb Code   108  wserial.o(i.wSerial_Init)
    wSerial_Receive                          0x080060bd   Thumb Code   132  wserial.o(i.wSerial_Receive)
    wSerial_RxIdleIRQHandler                 0x08006145   Thumb Code    62  wserial.o(i.wSerial_RxIdleIRQHandler)
    wSerial_Transmit                         0x08006189   Thumb Code    84  wserial.o(i.wSerial_Transmit)
    wSerial_TxIRQHandler                     0x080061e1   Thumb Code    56  wserial.o(i.wSerial_TxIRQHandler)
    wSys_ClockConfig                         0x0800621d   Thumb Code   270  wsys.o(i.wSys_ClockConfig)
    wSys_GetClkFreq                          0x08006339   Thumb Code     8  wsys.o(i.wSys_GetClkFreq)
    wUart_AbortReceive                       0x08006355   Thumb Code    52  wuart.o(i.wUart_AbortReceive)
    wUart_CSSInit                            0x080063d5   Thumb Code    40  wuart.o(i.wUart_CSSInit)
    wUart_DMAInit                            0x080063fd   Thumb Code   432  wuart.o(i.wUart_DMAInit)
    wUart_DMAReceive                         0x080065c5   Thumb Code    80  wuart.o(i.wUart_DMAReceive)
    wUart_DMATransmit                        0x08006619   Thumb Code    28  wuart.o(i.wUart_DMATransmit)
    wUart_Init                               0x08006635   Thumb Code   790  wuart.o(i.wUart_Init)
    wUart_SetCallback                        0x080069a9   Thumb Code    12  wuart.o(i.wUart_SetCallback)
    OSCfg_IdleTaskStkBasePtr                 0x080069b4   Data           4  os_cfg_app.o(.constdata)
    OSCfg_IdleTaskStkLimit                   0x080069b8   Data           4  os_cfg_app.o(.constdata)
    OSCfg_IdleTaskStkSize                    0x080069bc   Data           4  os_cfg_app.o(.constdata)
    OSCfg_IdleTaskStkSizeRAM                 0x080069c0   Data           4  os_cfg_app.o(.constdata)
    OSCfg_ISRStkBasePtr                      0x080069c4   Data           4  os_cfg_app.o(.constdata)
    OSCfg_ISRStkSize                         0x080069c8   Data           4  os_cfg_app.o(.constdata)
    OSCfg_ISRStkSizeRAM                      0x080069cc   Data           4  os_cfg_app.o(.constdata)
    OSCfg_MsgPoolSize                        0x080069d0   Data           2  os_cfg_app.o(.constdata)
    OSCfg_MsgPoolSizeRAM                     0x080069d4   Data           4  os_cfg_app.o(.constdata)
    OSCfg_MsgPoolBasePtr                     0x080069d8   Data           4  os_cfg_app.o(.constdata)
    OSCfg_StatTaskPrio                       0x080069dc   Data           1  os_cfg_app.o(.constdata)
    OSCfg_StatTaskRate_Hz                    0x080069e0   Data           4  os_cfg_app.o(.constdata)
    OSCfg_StatTaskStkBasePtr                 0x080069e4   Data           4  os_cfg_app.o(.constdata)
    OSCfg_StatTaskStkLimit                   0x080069e8   Data           4  os_cfg_app.o(.constdata)
    OSCfg_StatTaskStkSize                    0x080069ec   Data           4  os_cfg_app.o(.constdata)
    OSCfg_StatTaskStkSizeRAM                 0x080069f0   Data           4  os_cfg_app.o(.constdata)
    OSCfg_StkSizeMin                         0x080069f4   Data           4  os_cfg_app.o(.constdata)
    OSCfg_TickRate_Hz                        0x080069f8   Data           4  os_cfg_app.o(.constdata)
    OSCfg_TmrTaskPrio                        0x080069fc   Data           1  os_cfg_app.o(.constdata)
    OSCfg_TmrTaskRate_Hz                     0x08006a00   Data           4  os_cfg_app.o(.constdata)
    OSCfg_TmrTaskStkBasePtr                  0x08006a04   Data           4  os_cfg_app.o(.constdata)
    OSCfg_TmrTaskStkLimit                    0x08006a08   Data           4  os_cfg_app.o(.constdata)
    OSCfg_TmrTaskStkSize                     0x08006a0c   Data           4  os_cfg_app.o(.constdata)
    OSCfg_TmrTaskStkSizeRAM                  0x08006a10   Data           4  os_cfg_app.o(.constdata)
    OSCfg_DataSizeRAM                        0x08006a14   Data           4  os_cfg_app.o(.constdata)
    OSDbg_DbgEn                              0x08006a18   Data           1  os_dbg.o(.constdata)
    OSDbg_ArgChkEn                           0x08006a19   Data           1  os_dbg.o(.constdata)
    OSDbg_AppHooksEn                         0x08006a1a   Data           1  os_dbg.o(.constdata)
    OSDbg_EndiannessTest                     0x08006a1c   Data           4  os_dbg.o(.constdata)
    OSDbg_CalledFromISRChkEn                 0x08006a20   Data           1  os_dbg.o(.constdata)
    OSDbg_FlagEn                             0x08006a21   Data           1  os_dbg.o(.constdata)
    OSDbg_FlagGrp                            0x08006a24   Data          40  os_dbg.o(.constdata)
    OSDbg_FlagDelEn                          0x08006a4c   Data           1  os_dbg.o(.constdata)
    OSDbg_FlagModeClrEn                      0x08006a4d   Data           1  os_dbg.o(.constdata)
    OSDbg_FlagPendAbortEn                    0x08006a4e   Data           1  os_dbg.o(.constdata)
    OSDbg_FlagGrpSize                        0x08006a50   Data           2  os_dbg.o(.constdata)
    OSDbg_FlagWidth                          0x08006a52   Data           2  os_dbg.o(.constdata)
    OSDbg_Mem                                0x08006a54   Data          32  os_dbg.o(.constdata)
    OSDbg_MemEn                              0x08006a74   Data           1  os_dbg.o(.constdata)
    OSDbg_MemSize                            0x08006a76   Data           2  os_dbg.o(.constdata)
    OSDbg_MsgEn                              0x08006a78   Data           1  os_dbg.o(.constdata)
    OSDbg_MsgSize                            0x08006a7a   Data           2  os_dbg.o(.constdata)
    OSDbg_MsgPoolSize                        0x08006a7c   Data           2  os_dbg.o(.constdata)
    OSDbg_MsgQSize                           0x08006a7e   Data           2  os_dbg.o(.constdata)
    OSDbg_Mutex                              0x08006a80   Data          48  os_dbg.o(.constdata)
    OSDbg_MutexEn                            0x08006ab0   Data           1  os_dbg.o(.constdata)
    OSDbg_MutexDelEn                         0x08006ab1   Data           1  os_dbg.o(.constdata)
    OSDbg_MutexPendAbortEn                   0x08006ab2   Data           1  os_dbg.o(.constdata)
    OSDbg_MutexSize                          0x08006ab4   Data           2  os_dbg.o(.constdata)
    OSDbg_ObjTypeChkEn                       0x08006ab6   Data           1  os_dbg.o(.constdata)
    OSDbg_PendListSize                       0x08006ab8   Data           2  os_dbg.o(.constdata)
    OSDbg_PendObjSize                        0x08006aba   Data           2  os_dbg.o(.constdata)
    OSDbg_PrioMax                            0x08006abc   Data           2  os_dbg.o(.constdata)
    OSDbg_PrioTblSize                        0x08006abe   Data           2  os_dbg.o(.constdata)
    OSDbg_PtrSize                            0x08006ac0   Data           2  os_dbg.o(.constdata)
    OSDbg_Q                                  0x08006ac4   Data          48  os_dbg.o(.constdata)
    OSDbg_QEn                                0x08006af4   Data           1  os_dbg.o(.constdata)
    OSDbg_QDelEn                             0x08006af5   Data           1  os_dbg.o(.constdata)
    OSDbg_QFlushEn                           0x08006af6   Data           1  os_dbg.o(.constdata)
    OSDbg_QPendAbortEn                       0x08006af7   Data           1  os_dbg.o(.constdata)
    OSDbg_QSize                              0x08006af8   Data           2  os_dbg.o(.constdata)
    OSDbg_SchedRoundRobinEn                  0x08006afa   Data           1  os_dbg.o(.constdata)
    OSDbg_Sem                                0x08006afc   Data          40  os_dbg.o(.constdata)
    OSDbg_SemEn                              0x08006b24   Data           1  os_dbg.o(.constdata)
    OSDbg_SemDelEn                           0x08006b25   Data           1  os_dbg.o(.constdata)
    OSDbg_SemPendAbortEn                     0x08006b26   Data           1  os_dbg.o(.constdata)
    OSDbg_SemSetEn                           0x08006b27   Data           1  os_dbg.o(.constdata)
    OSDbg_SemSize                            0x08006b28   Data           2  os_dbg.o(.constdata)
    OSDbg_RdyList                            0x08006b2a   Data           2  os_dbg.o(.constdata)
    OSDbg_RdyListSize                        0x08006b2c   Data           4  os_dbg.o(.constdata)
    OSDbg_StkWidth                           0x08006b30   Data           1  os_dbg.o(.constdata)
    OSDbg_StatTaskEn                         0x08006b31   Data           1  os_dbg.o(.constdata)
    OSDbg_StatTaskStkChkEn                   0x08006b32   Data           1  os_dbg.o(.constdata)
    OSDbg_TaskChangePrioEn                   0x08006b33   Data           1  os_dbg.o(.constdata)
    OSDbg_TaskDelEn                          0x08006b34   Data           1  os_dbg.o(.constdata)
    OSDbg_TaskQEn                            0x08006b35   Data           1  os_dbg.o(.constdata)
    OSDbg_TaskQPendAbortEn                   0x08006b36   Data           1  os_dbg.o(.constdata)
    OSDbg_TaskProfileEn                      0x08006b37   Data           1  os_dbg.o(.constdata)
    OSDbg_TaskRegTblSize                     0x08006b38   Data           2  os_dbg.o(.constdata)
    OSDbg_TaskSemPendAbortEn                 0x08006b3a   Data           1  os_dbg.o(.constdata)
    OSDbg_TaskSuspendEn                      0x08006b3b   Data           1  os_dbg.o(.constdata)
    OSDbg_TCBSize                            0x08006b3c   Data           2  os_dbg.o(.constdata)
    OSDbg_TickListSize                       0x08006b3e   Data           2  os_dbg.o(.constdata)
    OSDbg_TimeDlyHMSMEn                      0x08006b40   Data           1  os_dbg.o(.constdata)
    OSDbg_TimeDlyResumeEn                    0x08006b41   Data           1  os_dbg.o(.constdata)
    OSDbg_TLS_TblSize                        0x08006b42   Data           2  os_dbg.o(.constdata)
    OSDbg_Tmr                                0x08006b44   Data          48  os_dbg.o(.constdata)
    OSDbg_TmrEn                              0x08006b74   Data           1  os_dbg.o(.constdata)
    OSDbg_TmrDelEn                           0x08006b75   Data           1  os_dbg.o(.constdata)
    OSDbg_TmrSize                            0x08006b76   Data           2  os_dbg.o(.constdata)
    OSDbg_VersionNbr                         0x08006b78   Data           2  os_dbg.o(.constdata)
    OSDbg_DataSize                           0x08006b7c   Data           4  os_dbg.o(.constdata)
    AHBPrescTable                            0x08006b80   Data          16  system_stm32f4xx.o(.constdata)
    APBPrescTable                            0x08006b90   Data           8  system_stm32f4xx.o(.constdata)
    Region$$Table$$Base                      0x08006ba0   Number         0  anon$$obj.o(Region$$Table)
    Region$$Table$$Limit                     0x08006bc0   Number         0  anon$$obj.o(Region$$Table)
    wUart_ListPtr                            0x20000000   Data           4  wuart.o(.data)
    CPU_TS_TmrFreq_Hz                        0x20000004   Data           4  cpu_core.o(.data)
    OSIdleTaskCtr                            0x20000008   Data           4  os_var.o(.data)
    OSIntNestingCtr                          0x2000000c   Data           1  os_var.o(.data)
    OSRunning                                0x2000000d   Data           1  os_var.o(.data)
    OSInitialized                            0x2000000e   Data           1  os_var.o(.data)
    OSISRStkFree                             0x20000010   Data           4  os_var.o(.data)
    OSISRStkUsed                             0x20000014   Data           4  os_var.o(.data)
    OSFlagDbgListPtr                         0x20000018   Data           4  os_var.o(.data)
    OSFlagQty                                0x2000001c   Data           2  os_var.o(.data)
    OSMemDbgListPtr                          0x20000020   Data           4  os_var.o(.data)
    OSMemQty                                 0x20000024   Data           2  os_var.o(.data)
    OSMutexDbgListPtr                        0x20000028   Data           4  os_var.o(.data)
    OSMutexQty                               0x2000002c   Data           2  os_var.o(.data)
    OSPrioCur                                0x2000002e   Data           1  os_var.o(.data)
    OSPrioHighRdy                            0x2000002f   Data           1  os_var.o(.data)
    OSPrioTbl                                0x20000030   Data           8  os_var.o(.data)
    OSQDbgListPtr                            0x20000038   Data           4  os_var.o(.data)
    OSQQty                                   0x2000003c   Data           2  os_var.o(.data)
    OSSchedLockNestingCtr                    0x2000003e   Data           1  os_var.o(.data)
    OSSemDbgListPtr                          0x20000040   Data           4  os_var.o(.data)
    OSSemQty                                 0x20000044   Data           2  os_var.o(.data)
    OSStatResetFlag                          0x20000046   Data           1  os_var.o(.data)
    OSStatTaskCPUUsage                       0x20000048   Data           2  os_var.o(.data)
    OSStatTaskCPUUsageMax                    0x2000004a   Data           2  os_var.o(.data)
    OSStatTaskCtr                            0x2000004c   Data           4  os_var.o(.data)
    OSStatTaskCtrMax                         0x20000050   Data           4  os_var.o(.data)
    OSStatTaskCtrRun                         0x20000054   Data           4  os_var.o(.data)
    OSStatTaskRdy                            0x20000058   Data           1  os_var.o(.data)
    OSStatTaskTime                           0x2000005c   Data           4  os_var.o(.data)
    OSStatTaskTimeMax                        0x20000060   Data           4  os_var.o(.data)
    OSTaskCtxSwCtr                           0x20000064   Data           4  os_var.o(.data)
    OSTaskDbgListPtr                         0x20000068   Data           4  os_var.o(.data)
    OSTaskQty                                0x2000006c   Data           2  os_var.o(.data)
    OSTaskRegNextAvailID                     0x2000006e   Data           1  os_var.o(.data)
    OSTickCtr                                0x20000070   Data           4  os_var.o(.data)
    OSTickList                               0x20000074   Data           8  os_var.o(.data)
    OSTickTime                               0x2000007c   Data           4  os_var.o(.data)
    OSTickTimeMax                            0x20000080   Data           4  os_var.o(.data)
    OSTmrDbgListPtr                          0x20000084   Data           4  os_var.o(.data)
    OSTmrListEntries                         0x20000088   Data           2  os_var.o(.data)
    OSTmrListPtr                             0x2000008c   Data           4  os_var.o(.data)
    OSTmrQty                                 0x20000090   Data           2  os_var.o(.data)
    OSTmrTaskTime                            0x20000094   Data           4  os_var.o(.data)
    OSTmrTaskTimeMax                         0x20000098   Data           4  os_var.o(.data)
    OSTmrTaskTickBase                        0x2000009c   Data           4  os_var.o(.data)
    OSTmrToTicksMult                         0x200000a0   Data           4  os_var.o(.data)
    OSTCBCurPtr                              0x200000a4   Data           4  os_var.o(.data)
    OSTCBHighRdyPtr                          0x200000a8   Data           4  os_var.o(.data)
    OS_CPU_ExceptStkBase                     0x200000ac   Data           4  os_cpu_c.o(.data)
    OS_KA_BASEPRI_Boundary                   0x200000b0   Data           4  os_cpu_c.o(.data)
    SystemCoreClock                          0x200000b4   Data           4  system_stm32f4xx.o(.data)
    uwTick                                   0x200000b8   Data           4  stm32f4xx_hal.o(.data)
    uwTickPrio                               0x200000bc   Data           4  stm32f4xx_hal.o(.data)
    uwTickFreq                               0x200000c0   Data           1  stm32f4xx_hal.o(.data)
    data                                     0x20000570   Data         500  main.o(.bss)
    Tmr_Sys                                  0x20000cb4   Data          48  wsys.o(.bss)
    Int_huart                                0x20000ce4   Data          28  wuart.o(.bss)
    Int_hdma1                                0x20000d00   Data          32  wdma.o(.bss)
    Int_hdma2                                0x20000d20   Data          32  wdma.o(.bss)
    OSCfg_IdleTaskStk                        0x20000d40   Data        1024  os_cfg_app.o(.bss)
    OSCfg_ISRStk                             0x20001140   Data        1024  os_cfg_app.o(.bss)
    OSCfg_MsgPool                            0x20001540   Data         512  os_cfg_app.o(.bss)
    OSCfg_StatTaskStk                        0x20001740   Data        1024  os_cfg_app.o(.bss)
    OSCfg_TmrTaskStk                         0x20001b40   Data        1024  os_cfg_app.o(.bss)
    OSIdleTaskTCB                            0x20001f40   Data         168  os_var.o(.bss)
    OSMsgPool                                0x20001fe8   Data          12  os_var.o(.bss)
    OSRdyList                                0x20001ff4   Data         768  os_var.o(.bss)
    OSStatTaskTCB                            0x200022f4   Data         168  os_var.o(.bss)
    OSTmrCond                                0x2000239c   Data          36  os_var.o(.bss)
    OSTmrMutex                               0x200023c0   Data          48  os_var.o(.bss)
    OSTmrTaskTCB                             0x200023f0   Data         168  os_var.o(.bss)
    __libspace_start                         0x20002498   Data          96  libspace.o(.bss)
    __temporary_stack_top$libspace           0x200024f8   Data           0  libspace.o(.bss)



==============================================================================

Memory Map of the image

  Image Entry point : 0x08000189

  Load Region LR_IROM1 (Base: 0x08000000, Size: 0x00006c84, Max: 0x00100000, ABSOLUTE)

    Execution Region ER_IROM1 (Exec base: 0x08000000, Load base: 0x08000000, Size: 0x00006bc0, Max: 0x00100000, ABSOLUTE)

    Exec Addr    Load Addr    Size         Type   Attr      Idx    E Section Name        Object

    0x08000000   0x08000000   0x00000188   Data   RO         2746    RESET               startup_stm32f405xx.o
    0x08000188   0x08000188   0x00000008   Code   RO         4096  * !!!main             c_w.l(__main.o)
    0x08000190   0x08000190   0x00000034   Code   RO         4344    !!!scatter          c_w.l(__scatter.o)
    0x080001c4   0x080001c4   0x0000001a   Code   RO         4346    !!handler_copy      c_w.l(__scatter_copy.o)
    0x080001de   0x080001de   0x00000002   PAD
    0x080001e0   0x080001e0   0x0000001c   Code   RO         4348    !!handler_zi        c_w.l(__scatter_zi.o)
    0x080001fc   0x080001fc   0x00000002   Code   RO         4283    .ARM.Collect$$libinit$$00000000  c_w.l(libinit.o)
    0x080001fe   0x080001fe   0x00000000   Code   RO         4163    .ARM.Collect$$libinit$$00000002  c_w.l(libinit2.o)
    0x080001fe   0x080001fe   0x00000000   Code   RO         4165    .ARM.Collect$$libinit$$00000004  c_w.l(libinit2.o)
    0x080001fe   0x080001fe   0x00000000   Code   RO         4168    .ARM.Collect$$libinit$$0000000A  c_w.l(libinit2.o)
    0x080001fe   0x080001fe   0x00000000   Code   RO         4170    .ARM.Collect$$libinit$$0000000C  c_w.l(libinit2.o)
    0x080001fe   0x080001fe   0x00000000   Code   RO         4172    .ARM.Collect$$libinit$$0000000E  c_w.l(libinit2.o)
    0x080001fe   0x080001fe   0x00000000   Code   RO         4175    .ARM.Collect$$libinit$$00000011  c_w.l(libinit2.o)
    0x080001fe   0x080001fe   0x00000000   Code   RO         4177    .ARM.Collect$$libinit$$00000013  c_w.l(libinit2.o)
    0x080001fe   0x080001fe   0x00000000   Code   RO         4179    .ARM.Collect$$libinit$$00000015  c_w.l(libinit2.o)
    0x080001fe   0x080001fe   0x00000000   Code   RO         4181    .ARM.Collect$$libinit$$00000017  c_w.l(libinit2.o)
    0x080001fe   0x080001fe   0x00000000   Code   RO         4183    .ARM.Collect$$libinit$$00000019  c_w.l(libinit2.o)
    0x080001fe   0x080001fe   0x00000000   Code   RO         4185    .ARM.Collect$$libinit$$0000001B  c_w.l(libinit2.o)
    0x080001fe   0x080001fe   0x00000000   Code   RO         4187    .ARM.Collect$$libinit$$0000001D  c_w.l(libinit2.o)
    0x080001fe   0x080001fe   0x00000000   Code   RO         4189    .ARM.Collect$$libinit$$0000001F  c_w.l(libinit2.o)
    0x080001fe   0x080001fe   0x00000000   Code   RO         4191    .ARM.Collect$$libinit$$00000021  c_w.l(libinit2.o)
    0x080001fe   0x080001fe   0x00000000   Code   RO         4193    .ARM.Collect$$libinit$$00000023  c_w.l(libinit2.o)
    0x080001fe   0x080001fe   0x00000000   Code   RO         4195    .ARM.Collect$$libinit$$00000025  c_w.l(libinit2.o)
    0x080001fe   0x080001fe   0x00000000   Code   RO         4199    .ARM.Collect$$libinit$$0000002C  c_w.l(libinit2.o)
    0x080001fe   0x080001fe   0x00000000   Code   RO         4201    .ARM.Collect$$libinit$$0000002E  c_w.l(libinit2.o)
    0x080001fe   0x080001fe   0x00000000   Code   RO         4203    .ARM.Collect$$libinit$$00000030  c_w.l(libinit2.o)
    0x080001fe   0x080001fe   0x00000000   Code   RO         4205    .ARM.Collect$$libinit$$00000032  c_w.l(libinit2.o)
    0x080001fe   0x080001fe   0x00000002   Code   RO         4206    .ARM.Collect$$libinit$$00000033  c_w.l(libinit2.o)
    0x08000200   0x08000200   0x00000002   Code   RO         4341    .ARM.Collect$$libshutdown$$00000000  c_w.l(libshutdown.o)
    0x08000202   0x08000202   0x00000000   Code   RO         4299    .ARM.Collect$$libshutdown$$00000002  c_w.l(libshutdown2.o)
    0x08000202   0x08000202   0x00000000   Code   RO         4301    .ARM.Collect$$libshutdown$$00000004  c_w.l(libshutdown2.o)
    0x08000202   0x08000202   0x00000000   Code   RO         4304    .ARM.Collect$$libshutdown$$00000007  c_w.l(libshutdown2.o)
    0x08000202   0x08000202   0x00000000   Code   RO         4307    .ARM.Collect$$libshutdown$$0000000A  c_w.l(libshutdown2.o)
    0x08000202   0x08000202   0x00000000   Code   RO         4309    .ARM.Collect$$libshutdown$$0000000C  c_w.l(libshutdown2.o)
    0x08000202   0x08000202   0x00000000   Code   RO         4312    .ARM.Collect$$libshutdown$$0000000F  c_w.l(libshutdown2.o)
    0x08000202   0x08000202   0x00000002   Code   RO         4313    .ARM.Collect$$libshutdown$$00000010  c_w.l(libshutdown2.o)
    0x08000204   0x08000204   0x00000000   Code   RO         4128    .ARM.Collect$$rtentry$$00000000  c_w.l(__rtentry.o)
    0x08000204   0x08000204   0x00000000   Code   RO         4220    .ARM.Collect$$rtentry$$00000002  c_w.l(__rtentry2.o)
    0x08000204   0x08000204   0x00000006   Code   RO         4232    .ARM.Collect$$rtentry$$00000004  c_w.l(__rtentry4.o)
    0x0800020a   0x0800020a   0x00000000   Code   RO         4222    .ARM.Collect$$rtentry$$00000009  c_w.l(__rtentry2.o)
    0x0800020a   0x0800020a   0x00000004   Code   RO         4223    .ARM.Collect$$rtentry$$0000000A  c_w.l(__rtentry2.o)
    0x0800020e   0x0800020e   0x00000000   Code   RO         4225    .ARM.Collect$$rtentry$$0000000C  c_w.l(__rtentry2.o)
    0x0800020e   0x0800020e   0x00000008   Code   RO         4226    .ARM.Collect$$rtentry$$0000000D  c_w.l(__rtentry2.o)
    0x08000216   0x08000216   0x00000002   Code   RO         4286    .ARM.Collect$$rtexit$$00000000  c_w.l(rtexit.o)
    0x08000218   0x08000218   0x00000000   Code   RO         4317    .ARM.Collect$$rtexit$$00000002  c_w.l(rtexit2.o)
    0x08000218   0x08000218   0x00000004   Code   RO         4318    .ARM.Collect$$rtexit$$00000003  c_w.l(rtexit2.o)
    0x0800021c   0x0800021c   0x00000006   Code   RO         4319    .ARM.Collect$$rtexit$$00000004  c_w.l(rtexit2.o)
    0x08000222   0x08000222   0x00000002   PAD
    0x08000224   0x08000224   0x00000034   Code   RO         1600    .text               cpu_a.o
    0x08000258   0x08000258   0x00000040   Code   RO         2747    .text               startup_stm32f405xx.o
    0x08000298   0x08000298   0x000000ee   Code   RO         4090    .text               c_w.l(lludivv7m.o)
    0x08000386   0x08000386   0x0000004e   Code   RO         4092    .text               c_w.l(rt_memclr_w.o)
    0x080003d4   0x080003d4   0x00000006   Code   RO         4094    .text               c_w.l(heapauxi.o)
    0x080003da   0x080003da   0x00000002   PAD
    0x080003dc   0x080003dc   0x00000008   Code   RO         4216    .text               c_w.l(libspace.o)
    0x080003e4   0x080003e4   0x00000002   Code   RO         4255    .text               c_w.l(use_no_semi.o)
    0x080003e6   0x080003e6   0x00000000   Code   RO         4257    .text               c_w.l(indicate_semi.o)
    0x080003e6   0x080003e6   0x0000004a   Code   RO         4258    .text               c_w.l(sys_stackheap_outer.o)
    0x08000430   0x08000430   0x00000012   Code   RO         4264    .text               c_w.l(exit.o)
    0x08000442   0x08000442   0x00000002   PAD
    0x08000444   0x08000444   0x0000000c   Code   RO         4284    .text               c_w.l(sys_exit.o)
    0x08000450   0x08000450   0x000000f8   Code   RO         2580    CODE                os_cpu_a.o
    0x08000548   0x08000548   0x00000004   Code   RO          669    i.BusFault_Handler  wit.o
    0x0800054c   0x0800054c   0x00000008   Code   RO         1439    i.CPU_Init          cpu_core.o
    0x08000554   0x08000554   0x00000014   Code   RO         1444    i.CPU_TS_Init       cpu_core.o
    0x08000568   0x08000568   0x0000000c   Code   RO         1446    i.CPU_TS_TmrFreqSet  cpu_core.o
    0x08000574   0x08000574   0x00000034   Code   RO         1399    i.CPU_TS_TmrInit    os_bsp.o
    0x080005a8   0x080005a8   0x0000000c   Code   RO         1400    i.CPU_TS_TmrRd      os_bsp.o
    0x080005b4   0x080005b4   0x00000028   Code   RO          949    i.DMA1_Stream0_IRQHandler  wdma.o
    0x080005dc   0x080005dc   0x00000028   Code   RO          950    i.DMA1_Stream1_IRQHandler  wdma.o
    0x08000604   0x08000604   0x00000028   Code   RO          951    i.DMA1_Stream2_IRQHandler  wdma.o
    0x0800062c   0x0800062c   0x00000028   Code   RO          952    i.DMA1_Stream3_IRQHandler  wdma.o
    0x08000654   0x08000654   0x00000028   Code   RO          953    i.DMA1_Stream4_IRQHandler  wdma.o
    0x0800067c   0x0800067c   0x00000028   Code   RO          954    i.DMA1_Stream5_IRQHandler  wdma.o
    0x080006a4   0x080006a4   0x00000028   Code   RO          955    i.DMA1_Stream6_IRQHandler  wdma.o
    0x080006cc   0x080006cc   0x00000028   Code   RO          956    i.DMA1_Stream7_IRQHandler  wdma.o
    0x080006f4   0x080006f4   0x00000028   Code   RO          957    i.DMA2_Stream0_IRQHandler  wdma.o
    0x0800071c   0x0800071c   0x00000028   Code   RO          958    i.DMA2_Stream1_IRQHandler  wdma.o
    0x08000744   0x08000744   0x00000028   Code   RO          959    i.DMA2_Stream2_IRQHandler  wdma.o
    0x0800076c   0x0800076c   0x00000028   Code   RO          960    i.DMA2_Stream3_IRQHandler  wdma.o
    0x08000794   0x08000794   0x00000028   Code   RO          961    i.DMA2_Stream4_IRQHandler  wdma.o
    0x080007bc   0x080007bc   0x00000028   Code   RO          962    i.DMA2_Stream5_IRQHandler  wdma.o
    0x080007e4   0x080007e4   0x00000028   Code   RO          963    i.DMA2_Stream6_IRQHandler  wdma.o
    0x0800080c   0x0800080c   0x00000028   Code   RO          964    i.DMA2_Stream7_IRQHandler  wdma.o
    0x08000834   0x08000834   0x00000034   Code   RO         3423    i.DMA_CalcBaseAndBitshift  stm32f4xx_hal_dma.o
    0x08000868   0x08000868   0x000000aa   Code   RO         3424    i.DMA_CheckFifoParam  stm32f4xx_hal_dma.o
    0x08000912   0x08000912   0x0000002c   Code   RO         3425    i.DMA_SetConfig     stm32f4xx_hal_dma.o
    0x0800093e   0x0800093e   0x00000002   Code   RO          670    i.DebugMon_Handler  wit.o
    0x08000940   0x08000940   0x00000018   Code   RO          565    i.EXTI0_IRQHandler  wgpio.o
    0x08000958   0x08000958   0x00000042   Code   RO          566    i.EXTI15_10_IRQHandler  wgpio.o
    0x0800099a   0x0800099a   0x00000018   Code   RO          567    i.EXTI1_IRQHandler  wgpio.o
    0x080009b2   0x080009b2   0x00000018   Code   RO          568    i.EXTI2_IRQHandler  wgpio.o
    0x080009ca   0x080009ca   0x00000018   Code   RO          569    i.EXTI3_IRQHandler  wgpio.o
    0x080009e2   0x080009e2   0x00000018   Code   RO          570    i.EXTI4_IRQHandler  wgpio.o
    0x080009fa   0x080009fa   0x00000034   Code   RO          571    i.EXTI9_5_IRQHandler  wgpio.o
    0x08000a2e   0x08000a2e   0x00000028   Code   RO         3427    i.HAL_DMA_Abort_IT  stm32f4xx_hal_dma.o
    0x08000a56   0x08000a56   0x00000002   PAD
    0x08000a58   0x08000a58   0x00000240   Code   RO         3431    i.HAL_DMA_IRQHandler  stm32f4xx_hal_dma.o
    0x08000c98   0x08000c98   0x000000ec   Code   RO         3432    i.HAL_DMA_Init      stm32f4xx_hal_dma.o
    0x08000d84   0x08000d84   0x0000009e   Code   RO         3436    i.HAL_DMA_Start_IT  stm32f4xx_hal_dma.o
    0x08000e22   0x08000e22   0x00000002   PAD
    0x08000e24   0x08000e24   0x000000bc   Code   RO          572    i.HAL_GPIO_EXTI_Callback  wgpio.o
    0x08000ee0   0x08000ee0   0x0000001c   Code   RO         2943    i.HAL_GPIO_EXTI_IRQHandler  stm32f4xx_hal_gpio.o
    0x08000efc   0x08000efc   0x00000200   Code   RO         2944    i.HAL_GPIO_Init     stm32f4xx_hal_gpio.o
    0x080010fc   0x080010fc   0x00000012   Code   RO         2947    i.HAL_GPIO_TogglePin  stm32f4xx_hal_gpio.o
    0x0800110e   0x0800110e   0x0000000c   Code   RO         2948    i.HAL_GPIO_WritePin  stm32f4xx_hal_gpio.o
    0x0800111a   0x0800111a   0x00000002   PAD
    0x0800111c   0x0800111c   0x0000000c   Code   RO         2766    i.HAL_GetREVID      stm32f4xx_hal.o
    0x08001128   0x08001128   0x0000000c   Code   RO         2767    i.HAL_GetTick       stm32f4xx_hal.o
    0x08001134   0x08001134   0x00000018   Code   RO         2773    i.HAL_IncTick       stm32f4xx_hal.o
    0x0800114c   0x0800114c   0x0000003c   Code   RO         2774    i.HAL_Init          stm32f4xx_hal.o
    0x08001188   0x08001188   0x0000004c   Code   RO         2775    i.HAL_InitTick      stm32f4xx_hal.o
    0x080011d4   0x080011d4   0x000000cc   Code   RO          735    i.HAL_MspInit       wsys.o
    0x080012a0   0x080012a0   0x00000024   Code   RO         3286    i.HAL_NVIC_ClearPendingIRQ  stm32f4xx_hal_cortex.o
    0x080012c4   0x080012c4   0x00000020   Code   RO         3288    i.HAL_NVIC_EnableIRQ  stm32f4xx_hal_cortex.o
    0x080012e4   0x080012e4   0x0000007c   Code   RO         3294    i.HAL_NVIC_SetPriority  stm32f4xx_hal_cortex.o
    0x08001360   0x08001360   0x00000028   Code   RO         3295    i.HAL_NVIC_SetPriorityGrouping  stm32f4xx_hal_cortex.o
    0x08001388   0x08001388   0x00000044   Code   RO         3296    i.HAL_NVIC_SystemReset  stm32f4xx_hal_cortex.o
    0x080013cc   0x080013cc   0x00000180   Code   RO         3128    i.HAL_RCC_ClockConfig  stm32f4xx_hal_rcc.o
    0x0800154c   0x0800154c   0x00000178   Code   RO         3234    i.HAL_RCC_DeInit    stm32f4xx_hal_rcc_ex.o
    0x080016c4   0x080016c4   0x0000000c   Code   RO         3131    i.HAL_RCC_EnableCSS  stm32f4xx_hal_rcc.o
    0x080016d0   0x080016d0   0x0000000c   Code   RO         3133    i.HAL_RCC_GetHCLKFreq  stm32f4xx_hal_rcc.o
    0x080016dc   0x080016dc   0x00000020   Code   RO         3135    i.HAL_RCC_GetPCLK1Freq  stm32f4xx_hal_rcc.o
    0x080016fc   0x080016fc   0x00000020   Code   RO         3136    i.HAL_RCC_GetPCLK2Freq  stm32f4xx_hal_rcc.o
    0x0800171c   0x0800171c   0x000000b0   Code   RO         3137    i.HAL_RCC_GetSysClockFreq  stm32f4xx_hal_rcc.o
    0x080017cc   0x080017cc   0x00000448   Code   RO         3140    i.HAL_RCC_OscConfig  stm32f4xx_hal_rcc.o
    0x08001c14   0x08001c14   0x00000028   Code   RO         3297    i.HAL_SYSTICK_CLKSourceConfig  stm32f4xx_hal_cortex.o
    0x08001c3c   0x08001c3c   0x00000034   Code   RO         3299    i.HAL_SYSTICK_Config  stm32f4xx_hal_cortex.o
    0x08001c70   0x08001c70   0x00000002   Code   RO         3709    i.HAL_UART_AbortReceiveCpltCallback  stm32f4xx_hal_uart.o
    0x08001c72   0x08001c72   0x00000002   PAD
    0x08001c74   0x08001c74   0x00000078   Code   RO         3710    i.HAL_UART_AbortReceive_IT  stm32f4xx_hal_uart.o
    0x08001cec   0x08001cec   0x00000002   Code   RO         3719    i.HAL_UART_ErrorCallback  stm32f4xx_hal_uart.o
    0x08001cee   0x08001cee   0x00000002   PAD
    0x08001cf0   0x08001cf0   0x0000014c   Code   RO         3722    i.HAL_UART_IRQHandler  stm32f4xx_hal_uart.o
    0x08001e3c   0x08001e3c   0x00000072   Code   RO         3723    i.HAL_UART_Init     stm32f4xx_hal_uart.o
    0x08001eae   0x08001eae   0x00000002   Code   RO         3725    i.HAL_UART_MspInit  stm32f4xx_hal_uart.o
    0x08001eb0   0x08001eb0   0x000000c4   Code   RO         3727    i.HAL_UART_Receive_DMA  stm32f4xx_hal_uart.o
    0x08001f74   0x08001f74   0x00000002   Code   RO         3729    i.HAL_UART_RxCpltCallback  stm32f4xx_hal_uart.o
    0x08001f76   0x08001f76   0x00000002   PAD
    0x08001f78   0x08001f78   0x0000004c   Code   RO          807    i.HAL_UART_RxCpltCallback_Idle  wuart.o
    0x08001fc4   0x08001fc4   0x00000002   Code   RO         3730    i.HAL_UART_RxHalfCpltCallback  stm32f4xx_hal_uart.o
    0x08001fc6   0x08001fc6   0x00000002   PAD
    0x08001fc8   0x08001fc8   0x0000009c   Code   RO         3732    i.HAL_UART_Transmit_DMA  stm32f4xx_hal_uart.o
    0x08002064   0x08002064   0x00000040   Code   RO          808    i.HAL_UART_TxCpltCallback  wuart.o
    0x080020a4   0x080020a4   0x00000002   Code   RO         3735    i.HAL_UART_TxHalfCpltCallback  stm32f4xx_hal_uart.o
    0x080020a6   0x080020a6   0x00000004   Code   RO          671    i.HardFault_Handler  wit.o
    0x080020aa   0x080020aa   0x00000002   PAD
    0x080020ac   0x080020ac   0x00000068   Code   RO            4    i.MainTask          main.o
    0x08002114   0x08002114   0x00000004   Code   RO          672    i.MemManage_Handler  wit.o
    0x08002118   0x08002118   0x00000002   Code   RO          673    i.NMI_Handler       wit.o
    0x0800211a   0x0800211a   0x00000002   Code   RO         1603    i.OSCfg_Init        os_cfg_app.o
    0x0800211c   0x0800211c   0x00000124   Code   RO         1623    i.OSInit            os_core.o
    0x08002240   0x08002240   0x00000034   Code   RO         2487    i.OSInitHook        os_cpu_c.o
    0x08002274   0x08002274   0x0000002c   Code   RO         1624    i.OSIntEnter        os_core.o
    0x080022a0   0x080022a0   0x000000d4   Code   RO         1625    i.OSIntExit         os_core.o
    0x08002374   0x08002374   0x00000084   Code   RO         1938    i.OSMutexCreate     os_mutex.o
    0x080023f8   0x080023f8   0x000001b8   Code   RO         1940    i.OSMutexPend       os_mutex.o
    0x080025b0   0x080025b0   0x00000150   Code   RO         1941    i.OSMutexPost       os_mutex.o
    0x08002700   0x08002700   0x0000009c   Code   RO         1626    i.OSSched           os_core.o
    0x0800279c   0x0800279c   0x00000080   Code   RO         2094    i.OSSemCreate       os_sem.o
    0x0800281c   0x0800281c   0x00000154   Code   RO         2096    i.OSSemPend         os_sem.o
    0x08002970   0x08002970   0x000000ba   Code   RO         2097    i.OSSemPost         os_sem.o
    0x08002a2a   0x08002a2a   0x0000004c   Code   RO         2098    i.OSSemSet          os_sem.o
    0x08002a76   0x08002a76   0x00000002   PAD
    0x08002a78   0x08002a78   0x00000098   Code   RO         1629    i.OSStart           os_core.o
    0x08002b10   0x08002b10   0x00000118   Code   RO         2148    i.OSStatReset       os_stat.o
    0x08002c28   0x08002c28   0x000000f4   Code   RO         2149    i.OSStatTaskCPUUsageInit  os_stat.o
    0x08002d1c   0x08002d1c   0x00000002   Code   RO         2488    i.OSStatTaskHook    os_cpu_c.o
    0x08002d1e   0x08002d1e   0x00000002   PAD
    0x08002d20   0x08002d20   0x00000144   Code   RO         2179    i.OSTaskCreate      os_task.o
    0x08002e64   0x08002e64   0x00000002   Code   RO         2489    i.OSTaskCreateHook  os_cpu_c.o
    0x08002e66   0x08002e66   0x00000002   PAD
    0x08002e68   0x08002e68   0x0000017c   Code   RO         2180    i.OSTaskDel         os_task.o
    0x08002fe4   0x08002fe4   0x00000002   Code   RO         2490    i.OSTaskDelHook     os_cpu_c.o
    0x08002fe6   0x08002fe6   0x00000100   Code   RO         2184    i.OSTaskResume      os_task.o
    0x080030e6   0x080030e6   0x00000002   Code   RO         2491    i.OSTaskReturnHook  os_cpu_c.o
    0x080030e8   0x080030e8   0x000000b4   Code   RO         2188    i.OSTaskStkChk      os_task.o
    0x0800319c   0x0800319c   0x000000d0   Code   RO         2492    i.OSTaskStkInit     os_cpu_c.o
    0x0800326c   0x0800326c   0x00000170   Code   RO         2189    i.OSTaskSuspend     os_task.o
    0x080033dc   0x080033dc   0x00000050   Code   RO         2493    i.OSTaskSwHook      os_cpu_c.o
    0x0800342c   0x0800342c   0x00000094   Code   RO         2333    i.OSTimeDly         os_time.o
    0x080034c0   0x080034c0   0x00000020   Code   RO         2336    i.OSTimeTick        os_time.o
    0x080034e0   0x080034e0   0x00000002   Code   RO         2494    i.OSTimeTickHook    os_cpu_c.o
    0x080034e2   0x080034e2   0x00000002   PAD
    0x080034e4   0x080034e4   0x000000ac   Code   RO         2363    i.OSTmrCreate       os_tmr.o
    0x08003590   0x08003590   0x0000003c   Code   RO         2365    i.OSTmrSet          os_tmr.o
    0x080035cc   0x080035cc   0x000000d8   Code   RO         2366    i.OSTmrStart        os_tmr.o
    0x080036a4   0x080036a4   0x0000002e   Code   RO         2495    i.OS_CPU_SysTickHandler  os_cpu_c.o
    0x080036d2   0x080036d2   0x00000002   PAD
    0x080036d4   0x080036d4   0x00000038   Code   RO         2496    i.OS_CPU_SysTickInit  os_cpu_c.o
    0x0800370c   0x0800370c   0x00000228   Code   RO         1785    i.OS_Dbg_Init       os_dbg.o
    0x08003934   0x08003934   0x0000003c   Code   RO         1631    i.OS_IdleTask       os_core.o
    0x08003970   0x08003970   0x00000070   Code   RO         1632    i.OS_IdleTaskInit   os_core.o
    0x080039e0   0x080039e0   0x00000018   Code   RO         1870    i.OS_MemInit        os_mem.o
    0x080039f8   0x080039f8   0x0000005c   Code   RO         1902    i.OS_MsgPoolInit    os_msg.o
    0x08003a54   0x08003a54   0x00000030   Code   RO         1943    i.OS_MutexDbgListAdd  os_mutex.o
    0x08003a84   0x08003a84   0x00000008   Code   RO         1945    i.OS_MutexGrpAdd    os_mutex.o
    0x08003a8c   0x08003a8c   0x0000005e   Code   RO         1946    i.OS_MutexGrpPostAll  os_mutex.o
    0x08003aea   0x08003aea   0x0000002a   Code   RO         1947    i.OS_MutexGrpPrioFindHighest  os_mutex.o
    0x08003b14   0x08003b14   0x0000001c   Code   RO         1948    i.OS_MutexGrpRemove  os_mutex.o
    0x08003b30   0x08003b30   0x00000040   Code   RO         1633    i.OS_Pend           os_core.o
    0x08003b70   0x08003b70   0x00000058   Code   RO         1635    i.OS_PendDbgNameAdd  os_core.o
    0x08003bc8   0x08003bc8   0x00000024   Code   RO         1636    i.OS_PendDbgNameRemove  os_core.o
    0x08003bec   0x08003bec   0x00000022   Code   RO         1637    i.OS_PendListChangePrio  os_core.o
    0x08003c0e   0x08003c0e   0x0000000a   Code   RO         1638    i.OS_PendListInit   os_core.o
    0x08003c18   0x08003c18   0x00000066   Code   RO         1639    i.OS_PendListInsertPrio  os_core.o
    0x08003c7e   0x08003c7e   0x0000004e   Code   RO         1640    i.OS_PendListRemove  os_core.o
    0x08003ccc   0x08003ccc   0x000000ac   Code   RO         1641    i.OS_Post           os_core.o
    0x08003d78   0x08003d78   0x00000028   Code   RO         2010    i.OS_PrioGetHighest  os_prio.o
    0x08003da0   0x08003da0   0x00000018   Code   RO         2011    i.OS_PrioInit       os_prio.o
    0x08003db8   0x08003db8   0x00000034   Code   RO         2012    i.OS_PrioInsert     os_prio.o
    0x08003dec   0x08003dec   0x00000034   Code   RO         2013    i.OS_PrioRemove     os_prio.o
    0x08003e20   0x08003e20   0x00000024   Code   RO         1642    i.OS_RdyListInit    os_core.o
    0x08003e44   0x08003e44   0x0000002c   Code   RO         1643    i.OS_RdyListInsert  os_core.o
    0x08003e70   0x08003e70   0x00000040   Code   RO         1644    i.OS_RdyListInsertHead  os_core.o
    0x08003eb0   0x08003eb0   0x0000003c   Code   RO         1645    i.OS_RdyListInsertTail  os_core.o
    0x08003eec   0x08003eec   0x0000005c   Code   RO         1647    i.OS_RdyListRemove  os_core.o
    0x08003f48   0x08003f48   0x00000030   Code   RO         2100    i.OS_SemDbgListAdd  os_sem.o
    0x08003f78   0x08003f78   0x00000340   Code   RO         2150    i.OS_StatTask       os_stat.o
    0x080042b8   0x080042b8   0x000000dc   Code   RO         2151    i.OS_StatTaskInit   os_stat.o
    0x08004394   0x08004394   0x00000030   Code   RO         1648    i.OS_TaskBlock      os_core.o
    0x080043c4   0x080043c4   0x000000e8   Code   RO         2190    i.OS_TaskChangePrio  os_task.o
    0x080044ac   0x080044ac   0x00000030   Code   RO         2191    i.OS_TaskDbgListAdd  os_task.o
    0x080044dc   0x080044dc   0x00000044   Code   RO         2192    i.OS_TaskDbgListRemove  os_task.o
    0x08004520   0x08004520   0x00000020   Code   RO         2193    i.OS_TaskInit       os_task.o
    0x08004540   0x08004540   0x000000a4   Code   RO         2194    i.OS_TaskInitTCB    os_task.o
    0x080045e4   0x080045e4   0x00000018   Code   RO         2195    i.OS_TaskReturn     os_task.o
    0x080045fc   0x080045fc   0x0000001c   Code   RO         2292    i.OS_TickInit       os_tick.o
    0x08004618   0x08004618   0x000000ac   Code   RO         2293    i.OS_TickListInsert  os_tick.o
    0x080046c4   0x080046c4   0x0000008c   Code   RO         2294    i.OS_TickListInsertDly  os_tick.o
    0x08004750   0x08004750   0x00000058   Code   RO         2295    i.OS_TickListRemove  os_tick.o
    0x080047a8   0x080047a8   0x0000013c   Code   RO         2296    i.OS_TickListUpdate  os_tick.o
    0x080048e4   0x080048e4   0x00000064   Code   RO         2297    i.OS_TickUpdate     os_tick.o
    0x08004948   0x08004948   0x00000040   Code   RO         2370    i.OS_TmrCondCreate  os_tmr.o
    0x08004988   0x08004988   0x00000060   Code   RO         2371    i.OS_TmrCondSignal  os_tmr.o
    0x080049e8   0x080049e8   0x0000012c   Code   RO         2372    i.OS_TmrCondWait    os_tmr.o
    0x08004b14   0x08004b14   0x00000028   Code   RO         2373    i.OS_TmrDbgListAdd  os_tmr.o
    0x08004b3c   0x08004b3c   0x00000120   Code   RO         2375    i.OS_TmrInit        os_tmr.o
    0x08004c5c   0x08004c5c   0x000000b8   Code   RO         2376    i.OS_TmrLink        os_tmr.o
    0x08004d14   0x08004d14   0x00000018   Code   RO         2377    i.OS_TmrLock        os_tmr.o
    0x08004d2c   0x08004d2c   0x00000114   Code   RO         2378    i.OS_TmrTask        os_tmr.o
    0x08004e40   0x08004e40   0x000000cc   Code   RO         2379    i.OS_TmrUnlink      os_tmr.o
    0x08004f0c   0x08004f0c   0x00000014   Code   RO         2380    i.OS_TmrUnlock      os_tmr.o
    0x08004f20   0x08004f20   0x00000002   Code   RO          674    i.SVC_Handler       wit.o
    0x08004f22   0x08004f22   0x0000000c   Code   RO          675    i.SysTick_Handler   wit.o
    0x08004f2e   0x08004f2e   0x00000002   PAD
    0x08004f30   0x08004f30   0x00000054   Code   RO         2587    i.SystemInit        system_stm32f4xx.o
    0x08004f84   0x08004f84   0x00000030   Code   RO          809    i.UART4_IRQHandler  wuart.o
    0x08004fb4   0x08004fb4   0x00000030   Code   RO          810    i.UART5_IRQHandler  wuart.o
    0x08004fe4   0x08004fe4   0x00000014   Code   RO         3736    i.UART_DMAAbortOnError  stm32f4xx_hal_uart.o
    0x08004ff8   0x08004ff8   0x00000050   Code   RO         3737    i.UART_DMAError     stm32f4xx_hal_uart.o
    0x08005048   0x08005048   0x00000046   Code   RO         3738    i.UART_DMAReceiveCplt  stm32f4xx_hal_uart.o
    0x0800508e   0x0800508e   0x0000000e   Code   RO         3740    i.UART_DMARxHalfCplt  stm32f4xx_hal_uart.o
    0x0800509c   0x0800509c   0x00000018   Code   RO         3741    i.UART_DMARxOnlyAbortCallback  stm32f4xx_hal_uart.o
    0x080050b4   0x080050b4   0x00000036   Code   RO         3742    i.UART_DMATransmitCplt  stm32f4xx_hal_uart.o
    0x080050ea   0x080050ea   0x0000000e   Code   RO         3744    i.UART_DMATxHalfCplt  stm32f4xx_hal_uart.o
    0x080050f8   0x080050f8   0x00000020   Code   RO         3746    i.UART_EndRxTransfer  stm32f4xx_hal_uart.o
    0x08005118   0x08005118   0x00000020   Code   RO         3747    i.UART_EndTransmit_IT  stm32f4xx_hal_uart.o
    0x08005138   0x08005138   0x00000014   Code   RO         3748    i.UART_EndTxTransfer  stm32f4xx_hal_uart.o
    0x0800514c   0x0800514c   0x000000a6   Code   RO         3749    i.UART_Receive_IT   stm32f4xx_hal_uart.o
    0x080051f2   0x080051f2   0x00000002   PAD
    0x080051f4   0x080051f4   0x00000368   Code   RO         3750    i.UART_SetConfig    stm32f4xx_hal_uart.o
    0x0800555c   0x0800555c   0x00000068   Code   RO         3751    i.UART_Transmit_IT  stm32f4xx_hal_uart.o
    0x080055c4   0x080055c4   0x00000030   Code   RO          811    i.USART1_IRQHandler  wuart.o
    0x080055f4   0x080055f4   0x00000030   Code   RO          812    i.USART2_IRQHandler  wuart.o
    0x08005624   0x08005624   0x00000030   Code   RO          813    i.USART3_IRQHandler  wuart.o
    0x08005654   0x08005654   0x00000030   Code   RO          814    i.USART6_IRQHandler  wuart.o
    0x08005684   0x08005684   0x00000004   Code   RO          676    i.UsageFault_Handler  wit.o
    0x08005688   0x08005688   0x00000010   Code   RO         3301    i.__NVIC_GetPriorityGrouping  stm32f4xx_hal_cortex.o
    0x08005698   0x08005698   0x00000028   Code   RO         3302    i.__NVIC_SetPriority  stm32f4xx_hal_cortex.o
    0x080056c0   0x080056c0   0x00000088   Code   RO            5    i.main              main.o
    0x08005748   0x08005748   0x000001d4   Code   RO          965    i.wDma_Init         wdma.o
    0x0800591c   0x0800591c   0x00000350   Code   RO          574    i.wGpio_Init        wgpio.o
    0x08005c6c   0x08005c6c   0x000000ac   Code   RO          575    i.wGpio_putInit     wgpio.o
    0x08005d18   0x08005d18   0x00000058   Code   RO          577    i.wGpio_putWrite    wgpio.o
    0x08005d70   0x08005d70   0x000000b4   Code   RO          234    i.wLed_IdInit       wled.o
    0x08005e24   0x08005e24   0x00000048   Code   RO          236    i.wLed_SetIdStatus  wled.o
    0x08005e6c   0x08005e6c   0x000000ec   Code   RO          238    i.wLed_TmrOff       wled.o
    0x08005f58   0x08005f58   0x00000094   Code   RO          239    i.wLed_TmrOn        wled.o
    0x08005fec   0x08005fec   0x00000038   Code   RO          473    i.wSerial_CSSInit   wserial.o
    0x08006024   0x08006024   0x00000098   Code   RO          474    i.wSerial_Init      wserial.o
    0x080060bc   0x080060bc   0x00000088   Code   RO          477    i.wSerial_Receive   wserial.o
    0x08006144   0x08006144   0x00000044   Code   RO          478    i.wSerial_RxIdleIRQHandler  wserial.o
    0x08006188   0x08006188   0x00000058   Code   RO          479    i.wSerial_Transmit  wserial.o
    0x080061e0   0x080061e0   0x0000003c   Code   RO          481    i.wSerial_TxIRQHandler  wserial.o
    0x0800621c   0x0800621c   0x0000011c   Code   RO          736    i.wSys_ClockConfig  wsys.o
    0x08006338   0x08006338   0x00000008   Code   RO          738    i.wSys_GetClkFreq   wsys.o
    0x08006340   0x08006340   0x00000012   Code   RO          741    i.wSys_TmrReset     wsys.o
    0x08006352   0x08006352   0x00000002   PAD
    0x08006354   0x08006354   0x00000038   Code   RO          815    i.wUart_AbortReceive  wuart.o
    0x0800638c   0x0800638c   0x00000048   Code   RO          816    i.wUart_CSSEnable   wuart.o
    0x080063d4   0x080063d4   0x00000028   Code   RO          817    i.wUart_CSSInit     wuart.o
    0x080063fc   0x080063fc   0x000001c8   Code   RO          818    i.wUart_DMAInit     wuart.o
    0x080065c4   0x080065c4   0x00000054   Code   RO          819    i.wUart_DMAReceive  wuart.o
    0x08006618   0x08006618   0x0000001c   Code   RO          820    i.wUart_DMATransmit  wuart.o
    0x08006634   0x08006634   0x00000334   Code   RO          823    i.wUart_Init        wuart.o
    0x08006968   0x08006968   0x00000040   Code   RO          824    i.wUart_List        wuart.o
    0x080069a8   0x080069a8   0x0000000c   Code   RO          825    i.wUart_SetCallback  wuart.o
    0x080069b4   0x080069b4   0x00000064   Data   RO         1605    .constdata          os_cfg_app.o
    0x08006a18   0x08006a18   0x00000168   Data   RO         1786    .constdata          os_dbg.o
    0x08006b80   0x08006b80   0x00000018   Data   RO         2588    .constdata          system_stm32f4xx.o
    0x08006b98   0x08006b98   0x00000008   Data   RO         3438    .constdata          stm32f4xx_hal_dma.o
    0x08006ba0   0x08006ba0   0x00000020   Data   RO         4342    Region$$Table       anon$$obj.o


    Execution Region RW_IRAM1 (Exec base: 0x20000000, Load base: 0x08006bc0, Size: 0x00003cf8, Max: 0x00020000, ABSOLUTE)

    Exec Addr    Load Addr    Size         Type   Attr      Idx    E Section Name        Object

    0x20000000   0x08006bc0   0x00000004   Data   RW          827    .data               wuart.o
    0x20000004   0x08006bc4   0x00000004   Data   RW         1449    .data               cpu_core.o
    0x20000008   0x08006bc8   0x000000a4   Data   RW         2473    .data               os_var.o
    0x200000ac   0x08006c6c   0x00000008   Data   RW         2498    .data               os_cpu_c.o
    0x200000b4   0x08006c74   0x00000004   Data   RW         2589    .data               system_stm32f4xx.o
    0x200000b8   0x08006c78   0x00000009   Data   RW         2781    .data               stm32f4xx_hal.o
    0x200000c1   0x08006c81   0x00000007   PAD
    0x200000c8        -       0x0000069c   Zero   RW            6    .bss                main.o
    0x20000764        -       0x000000d8   Zero   RW          240    .bss                wled.o
    0x2000083c        -       0x00000438   Zero   RW          482    .bss                wserial.o
    0x20000c74        -       0x00000040   Zero   RW          578    .bss                wgpio.o
    0x20000cb4        -       0x00000030   Zero   RW          742    .bss                wsys.o
    0x20000ce4        -       0x0000001c   Zero   RW          826    .bss                wuart.o
    0x20000d00        -       0x00000040   Zero   RW          966    .bss                wdma.o
    0x20000d40        -       0x00001200   Zero   RW         1604    .bss                os_cfg_app.o
    0x20001f40        -       0x00000558   Zero   RW         2472    .bss                os_var.o
    0x20002498        -       0x00000060   Zero   RW         4217    .bss                c_w.l(libspace.o)
    0x200024f8        -       0x00000800   Zero   RW         2745    HEAP                startup_stm32f405xx.o
    0x20002cf8        -       0x00001000   Zero   RW         2744    STACK               startup_stm32f405xx.o


==============================================================================

Image component sizes


      Code (inc. data)   RO Data    RW Data    ZI Data      Debug   Object Name

        52          0          0          0          0        448   cpu_a.o
        40         12          0          4          0       4194   cpu_core.o
       240         38          0          0       1692      32786   main.o
         0          0          0          0          0      26140   os_app_hooks.o
        64         14          0          0          0       1188   os_bsp.o
         2          0        100          0       4608      17595   os_cfg_app.o
      1956        302          0          0          0      16099   os_core.o
       248          4          0          0          0        504   os_cpu_a.o
       452         38          0          8          0      25243   os_cpu_c.o
       552        268        360          0          0       5089   os_dbg.o
        24         10          0          0          0       1097   os_mem.o
        92         12          0          0          0       1265   os_msg.o
      1128         40          0          0          0       7272   os_mutex.o
       168         18          0          0          0       2466   os_prio.o
       778         28          0          0          0       5156   os_sem.o
      1576        222          0          0          0       4495   os_stat.o
      2076        138          0          0          0      10443   os_task.o
       844         52          0          0          0       5797   os_tick.o
       180         14          0          0          0       1917   os_time.o
      1944        260          0          0          0      11019   os_tmr.o
         0          0          0        164       1368      16310   os_var.o
        64         26        392          0       6144        984   startup_stm32f405xx.o
       184         36          0          9          0       4832   stm32f4xx_hal.o
       448         36          0          0          0      37071   stm32f4xx_hal_cortex.o
      1276         16          8          0          0     544434   stm32f4xx_hal_dma.o
       570         50          0          0          0       3816   stm32f4xx_hal_gpio.o
      1744         88          0          0          0       6436   stm32f4xx_hal_rcc.o
       376         20          0          0          0        901   stm32f4xx_hal_rcc_ex.o
      2432         44          0          0          0      17258   stm32f4xx_hal_uart.o
        84         16         24          4          0     586583   system_stm32f4xx.o
      1108        118          0          0         64      11046   wdma.o
      1534        118          0          0         64       8742   wgpio.o
        34          0          0          0          0       3981   wit.o
       636         74          0          0        216     639997   wled.o
       560         66          0          0       1080       8676   wserial.o
       514         36          0          0         48       3565   wsys.o
      2060        122          0          4         28      12938   wuart.o

    ----------------------------------------------------------------------
     26072       2336        916        196      15316    2087783   Object Totals
         0          0         32          0          0          0   (incl. Generated)
        32          0          0          3          4          0   (incl. Padding)

    ----------------------------------------------------------------------

      Code (inc. data)   RO Data    RW Data    ZI Data      Debug   Library Member Name

         8          0          0          0          0         68   __main.o
         0          0          0          0          0          0   __rtentry.o
        12          0          0          0          0          0   __rtentry2.o
         6          0          0          0          0          0   __rtentry4.o
        52          8          0          0          0          0   __scatter.o
        26          0          0          0          0          0   __scatter_copy.o
        28          0          0          0          0          0   __scatter_zi.o
        18          0          0          0          0         80   exit.o
         6          0          0          0          0        152   heapauxi.o
         0          0          0          0          0          0   indicate_semi.o
         2          0          0          0          0          0   libinit.o
         2          0          0          0          0          0   libinit2.o
         2          0          0          0          0          0   libshutdown.o
         2          0          0          0          0          0   libshutdown2.o
         8          4          0          0         96         68   libspace.o
       238          0          0          0          0        100   lludivv7m.o
        78          0          0          0          0         80   rt_memclr_w.o
         2          0          0          0          0          0   rtexit.o
        10          0          0          0          0          0   rtexit2.o
        12          4          0          0          0         68   sys_exit.o
        74          0          0          0          0         80   sys_stackheap_outer.o
         2          0          0          0          0         68   use_no_semi.o

    ----------------------------------------------------------------------
       596         16          0          0         96        764   Library Totals
         8          0          0          0          0          0   (incl. Padding)

    ----------------------------------------------------------------------

      Code (inc. data)   RO Data    RW Data    ZI Data      Debug   Library Name

       588         16          0          0         96        764   c_w.l

    ----------------------------------------------------------------------
       596         16          0          0         96        764   Library Totals

    ----------------------------------------------------------------------

==============================================================================


      Code (inc. data)   RO Data    RW Data    ZI Data      Debug   

     26668       2352        916        196      15412    2077103   Grand Totals
     26668       2352        916        196      15412    2077103   ELF Image Totals
     26668       2352        916        196          0          0   ROM Totals

==============================================================================

    Total RO  Size (Code + RO Data)                27584 (  26.94kB)
    Total RW  Size (RW Data + ZI Data)             15608 (  15.24kB)
    Total ROM Size (Code + RO Data + RW Data)      27780 (  27.13kB)

==============================================================================

