Component: ARM Compiler 5.06 update 6 (build 750) Tool: armlink [4d35ed]

==============================================================================

Section Cross References

    main.o(i.MainTask) refers to cpu_core.o(i.CPU_Init) for CPU_Init
    main.o(i.MainTask) refers to os_stat.o(i.OSStatTaskCPUUsageInit) for OSStatTaskCPUUsageInit
    main.o(i.MainTask) refers to wled.o(i.wLed_IdInit) for wLed_IdInit
    main.o(i.MainTask) refers to wserial.o(i.wSerial_Init) for wSerial_Init
    main.o(i.MainTask) refers to wserial.o(i.wSerial_Receive) for wSerial_Receive
    main.o(i.MainTask) refers to wserial.o(i.wSerial_Transmit) for wSerial_Transmit
    main.o(i.MainTask) refers to main.o(.bss) for data
    main.o(i.main) refers to wsys.o(i.wSys_ClockConfig) for wSys_ClockConfig
    main.o(i.main) refers to wsys.o(i.wSys_GetClkFreq) for wSys_GetClkFreq
    main.o(i.main) refers to os_cpu_c.o(i.OS_CPU_SysTickInit) for OS_CPU_SysTickInit
    main.o(i.main) refers to os_core.o(i.OSInit) for OSInit
    main.o(i.main) refers to os_task.o(i.OSTaskCreate) for OSTaskCreate
    main.o(i.main) refers to os_core.o(i.OSStart) for OSStart
    main.o(i.main) refers to startup_stm32f405xx.o(RESET) for __Vectors
    main.o(i.main) refers to main.o(.bss) for Main_TaskStk
    main.o(i.main) refers to main.o(i.MainTask) for MainTask
    wled.o(i.wLed_IdInit) refers to os_tmr.o(i.OSTmrCreate) for OSTmrCreate
    wled.o(i.wLed_IdInit) refers to wgpio.o(i.wGpio_putInit) for wGpio_putInit
    wled.o(i.wLed_IdInit) refers to wled.o(i.wLed_SetIdStatus) for wLed_SetIdStatus
    wled.o(i.wLed_IdInit) refers to wled.o(.bss) for led
    wled.o(i.wLed_IdInit) refers to wled.o(i.wLed_TmrOn) for wLed_TmrOn
    wled.o(i.wLed_IdInit) refers to wled.o(i.wLed_TmrOff) for wLed_TmrOff
    wled.o(i.wLed_Init) refers to os_tmr.o(i.OSTmrCreate) for OSTmrCreate
    wled.o(i.wLed_Init) refers to wgpio.o(i.wGpio_putInit) for wGpio_putInit
    wled.o(i.wLed_Init) refers to wled.o(i.wLed_SetStatus) for wLed_SetStatus
    wled.o(i.wLed_Init) refers to wled.o(i.wLed_TmrOn) for wLed_TmrOn
    wled.o(i.wLed_Init) refers to wled.o(i.wLed_TmrOff) for wLed_TmrOff
    wled.o(i.wLed_SetIdStatus) refers to wled.o(i.wLed_TmrOn) for wLed_TmrOn
    wled.o(i.wLed_SetIdStatus) refers to wled.o(.bss) for led
    wled.o(i.wLed_SetStatus) refers to wled.o(i.wLed_TmrOn) for wLed_TmrOn
    wled.o(i.wLed_TmrOff) refers to wgpio.o(i.wGpio_putWrite) for wGpio_putWrite
    wled.o(i.wLed_TmrOff) refers to os_tmr.o(i.OSTmrSet) for OSTmrSet
    wled.o(i.wLed_TmrOff) refers to os_tmr.o(i.OSTmrStart) for OSTmrStart
    wled.o(i.wLed_TmrOff) refers to wled.o(i.wLed_TmrOn) for wLed_TmrOn
    wled.o(i.wLed_TmrOn) refers to wgpio.o(i.wGpio_putWrite) for wGpio_putWrite
    wled.o(i.wLed_TmrOn) refers to os_tmr.o(i.OSTmrSet) for OSTmrSet
    wled.o(i.wLed_TmrOn) refers to os_tmr.o(i.OSTmrStart) for OSTmrStart
    wled.o(i.wLed_TmrOn) refers to wled.o(i.wLed_TmrOff) for wLed_TmrOff
    wserial.o(i.wSerial_CSSInit) refers to wuart.o(i.wUart_CSSInit) for wUart_CSSInit
    wserial.o(i.wSerial_CSSInit) refers to wserial.o(.bss) for Serial
    wserial.o(i.wSerial_Init) refers to os_sem.o(i.OSSemCreate) for OSSemCreate
    wserial.o(i.wSerial_Init) refers to wuart.o(i.wUart_DMAInit) for wUart_DMAInit
    wserial.o(i.wSerial_Init) refers to wuart.o(i.wUart_SetCallback) for wUart_SetCallback
    wserial.o(i.wSerial_Init) refers to wserial.o(.bss) for Serial
    wserial.o(i.wSerial_Init) refers to wserial.o(i.wSerial_RxIdleIRQHandler) for wSerial_RxIdleIRQHandler
    wserial.o(i.wSerial_Init) refers to wserial.o(i.wSerial_TxIRQHandler) for wSerial_TxIRQHandler
    wserial.o(i.wSerial_Printf) refers to h1_alloc.o(.text) for malloc
    wserial.o(i.wSerial_Printf) refers to wsprintf.o(i.wvsprintf) for wvsprintf
    wserial.o(i.wSerial_Printf) refers to wserial.o(i.wSerial_Transmit) for wSerial_Transmit
    wserial.o(i.wSerial_Printf) refers to h1_free.o(.text) for free
    wserial.o(i.wSerial_PrintfHex) refers to h1_alloc.o(.text) for malloc
    wserial.o(i.wSerial_PrintfHex) refers to wsprintf.o(i.wsprintf) for wsprintf
    wserial.o(i.wSerial_PrintfHex) refers to wserial.o(i.wSerial_Transmit) for wSerial_Transmit
    wserial.o(i.wSerial_PrintfHex) refers to h1_free.o(.text) for free
    wserial.o(i.wSerial_Receive) refers to os_sem.o(i.OSSemSet) for OSSemSet
    wserial.o(i.wSerial_Receive) refers to wuart.o(i.wUart_DMAReceive) for wUart_DMAReceive
    wserial.o(i.wSerial_Receive) refers to os_sem.o(i.OSSemPend) for OSSemPend
    wserial.o(i.wSerial_Receive) refers to wuart.o(i.wUart_AbortReceive) for wUart_AbortReceive
    wserial.o(i.wSerial_Receive) refers to wserial.o(.bss) for Serial
    wserial.o(i.wSerial_RxIdleIRQHandler) refers to os_sem.o(i.OSSemPost) for OSSemPost
    wserial.o(i.wSerial_RxIdleIRQHandler) refers to wserial.o(.bss) for Serial
    wserial.o(i.wSerial_Transmit) refers to os_sem.o(i.OSSemSet) for OSSemSet
[...]
    .bss                                     0x20001f40   Section     1368  os_var.o(.bss)
    .bss                                     0x20002498   Section       96  libspace.o(.bss)
    HEAP                                     0x200024f8   Section     2048  startup_stm32f405xx.o(HEAP)
    Heap_Mem                                 0x200024f8   Data        2048  startup_stm32f405xx.o(HEAP)
    STACK                                    0x20002cf8   Section     4096  startup_stm32f405xx.o(STACK)
    Stack_Mem                                0x20002cf8   Data        4096  startup_stm32f405xx.o(STACK)
    __initial_sp                             0x20003cf8   Data           0  startup_stm32f405xx.o(STACK)

    Global Symbols

    Symbol Name                              Value     Ov Type        Size  Object(Section)

    BuildAttributes$$THM_ISAv4$E$P$D$K$B$S$7EM$PE$A:L22UL41UL21$X:L11$S22US41US21$IEEE1$IW$USESV6$~STKCKD$USESV7$~SHL$OTIME$ROPI$EBA8$UX$STANDARDLIB$REQ8$PRES8$EABIv2 0x00000000   Number         0  anon$$obj.o ABSOLUTE
    __ARM_use_no_argv                        0x00000000   Number         0  main.o ABSOLUTE
    __ARM_exceptions_init                     - Undefined Weak Reference
    __alloca_initialize                       - Undefined Weak Reference
    __arm_preinit_                            - Undefined Weak Reference
    __cpp_initialize__aeabi_                  - Undefined Weak Reference
    __cxa_finalize                            - Undefined Weak Reference
    __rt_locale                               - Undefined Weak Reference
    __sigvec_lookup                           - Undefined Weak Reference
    __user_heap_extent                        - Undefined Weak Reference
    _atexit_init                              - Undefined Weak Reference
    _call_atexit_fns                          - Undefined Weak Reference
    _clock_init                               - Undefined Weak Reference
    _fp_trap_init                             - Undefined Weak Reference
    _fp_trap_shutdown                         - Undefined Weak Reference
    _get_lc_collate                           - Undefined Weak Reference
    _get_lc_ctype                             - Undefined Weak Reference
    _get_lc_monetary                          - Undefined Weak Reference
    _get_lc_numeric                           - Undefined Weak Reference
    _get_lc_time                              - Undefined Weak Reference
    _getenv_init                              - Undefined Weak Reference
    _handle_redirection                       - Undefined Weak Reference
    _initio                                   - Undefined Weak Reference
    _mutex_acquire                            - Undefined Weak Reference
    _mutex_free                               - Undefined Weak Reference
    _mutex_release                            - Undefined Weak Reference
    _rand_init                                - Undefined Weak Reference
    _signal_finish                            - Undefined Weak Reference
    _signal_init                              - Undefined Weak Reference
    _terminateio                              - Undefined Weak Reference
    __Vectors_Size                           0x00000188   Number         0  startup_stm32f405xx.o ABSOLUTE
    __Vectors                                0x08000000   Data           4  startup_stm32f405xx.o(RESET)
    __Vectors_End                            0x08000188   Data           0  startup_stm32f405xx.o(RESET)
    __main                                   0x08000189   Thumb Code     8  __main.o(!!!main)
    __scatterload                            0x08000191   Thumb Code     0  __scatter.o(!!!scatter)
    __scatterload_rt2                        0x08000191   Thumb Code    44  __scatter.o(!!!scatter)
    __scatterload_rt2_thumb_only             0x08000191   Thumb Code     0  __scatter.o(!!!scatter)
    __scatterload_null                       0x0800019f   Thumb Code     0  __scatter.o(!!!scatter)
    __scatterload_copy                       0x080001c5   Thumb Code    26  __scatter_copy.o(!!handler_copy)
    __scatterload_zeroinit                   0x080001e1   Thumb Code    28  __scatter_zi.o(!!handler_zi)
    __rt_lib_init                            0x080001fd   Thumb Code     0  libinit.o(.ARM.Collect$$libinit$$00000000)
    __rt_lib_init_alloca_1                   0x080001ff   Thumb Code     0  libinit2.o(.ARM.Collect$$libinit$$0000002E)
    __rt_lib_init_argv_1                     0x080001ff   Thumb Code     0  libinit2.o(.ARM.Collect$$libinit$$0000002C)
    __rt_lib_init_atexit_1                   0x080001ff   Thumb Code     0  libinit2.o(.ARM.Collect$$libinit$$0000001B)
    __rt_lib_init_clock_1                    0x080001ff   Thumb Code     0  libinit2.o(.ARM.Collect$$libinit$$00000021)
    __rt_lib_init_cpp_1                      0x080001ff   Thumb Code     0  libinit2.o(.ARM.Collect$$libinit$$00000032)
    __rt_lib_init_exceptions_1               0x080001ff   Thumb Code     0  libinit2.o(.ARM.Collect$$libinit$$00000030)
    __rt_lib_init_fp_1                       0x080001ff   Thumb Code     0  libinit2.o(.ARM.Collect$$libinit$$00000002)
    __rt_lib_init_fp_trap_1                  0x080001ff   Thumb Code     0  libinit2.o(.ARM.Collect$$libinit$$0000001F)
    __rt_lib_init_getenv_1                   0x080001ff   Thumb Code     0  libinit2.o(.ARM.Collect$$libinit$$00000023)
    __rt_lib_init_heap_1                     0x080001ff   Thumb Code     0  libinit2.o(.ARM.Collect$$libinit$$0000000A)
    __rt_lib_init_lc_collate_1               0x080001ff   Thumb Code     0  libinit2.o(.ARM.Collect$$libinit$$00000011)
    __rt_lib_init_lc_ctype_1                 0x080001ff   Thumb Code     0  libinit2.o(.ARM.Collect$$libinit$$00000013)
    __rt_lib_init_lc_monetary_1              0x080001ff   Thumb Code     0  libinit2.o(.ARM.Collect$$libinit$$00000015)
    __rt_lib_init_lc_numeric_1               0x080001ff   Thumb Code     0  libinit2.o(.ARM.Collect$$libinit$$00000017)
    __rt_lib_init_lc_time_1                  0x080001ff   Thumb Code     0  libinit2.o(.ARM.Collect$$libinit$$00000019)
    __rt_lib_init_preinit_1                  0x080001ff   Thumb Code     0  libinit2.o(.ARM.Collect$$libinit$$00000004)
    __rt_lib_init_rand_1                     0x080001ff   Thumb Code     0  libinit2.o(.ARM.Collect$$libinit$$0000000E)
    __rt_lib_init_return                     0x080001ff   Thumb Code     0  libinit2.o(.ARM.Collect$$libinit$$00000033)
    __rt_lib_init_signal_1                   0x080001ff   Thumb Code     0  libinit2.o(.ARM.Collect$$libinit$$0000001D)
    __rt_lib_init_stdio_1                    0x080001ff   Thumb Code     0  libinit2.o(.ARM.Collect$$libinit$$00000025)
    __rt_lib_init_user_alloc_1               0x080001ff   Thumb Code     0  libinit2.o(.ARM.Collect$$libinit$$0000000C)
    __rt_lib_shutdown                        0x08000201   Thumb Code     0  libshutdown.o(.ARM.Collect$$libshutdown$$00000000)
    __rt_lib_shutdown_cpp_1                  0x08000203   Thumb Code     0  libshutdown2.o(.ARM.Collect$$libshutdown$$00000002)
    __rt_lib_shutdown_fp_trap_1              0x08000203   Thumb Code     0  libshutdown2.o(.ARM.Collect$$libshutdown$$00000007)
    __rt_lib_shutdown_heap_1                 0x08000203   Thumb Code     0  libshutdown2.o(.ARM.Collect$$libshutdown$$0000000F)
    __rt_lib_shutdown_return                 0x08000203   Thumb Code     0  libshutdown2.o(.ARM.Collect$$libshutdown$$00000010)
    __rt_lib_shutdown_signal_1               0x08000203   Thumb Code     0  libshutdown2.o(.ARM.Collect$$libshutdown$$0000000A)
    __rt_lib_shutdown_stdio_1                0x08000203   Thumb Code     0  libshutdown2.o(.ARM.Collect$$libshutdown$$00000004)
    __rt_lib_shutdown_user_alloc_1           0x08000203   Thumb Code     0  libshutdown2.o(.ARM.Collect$$libshutdown$$0000000C)
    __rt_entry                               0x08000205   Thumb Code     0  __rtentry.o(.ARM.Collect$$rtentry$$00000000)
    __rt_entry_presh_1                       0x08000205   Thumb Code     0  __rtentry2.o(.ARM.Collect$$rtentry$$00000002)
    __rt_entry_sh                            0x08000205   Thumb Code     0  __rtentry4.o(.ARM.Collect$$rtentry$$00000004)
    __rt_entry_li                            0x0800020b   Thumb Code     0  __rtentry2.o(.ARM.Collect$$rtentry$$0000000A)
    __rt_entry_postsh_1                      0x0800020b   Thumb Code     0  __rtentry2.o(.ARM.Collect$$rtentry$$00000009)
    __rt_entry_main                          0x0800020f   Thumb Code     0  __rtentry2.o(.ARM.Collect$$rtentry$$0000000D)
    __rt_entry_postli_1                      0x0800020f   Thumb Code     0  __rtentry2.o(.ARM.Collect$$rtentry$$0000000C)
    __rt_exit                                0x08000217   Thumb Code     0  rtexit.o(.ARM.Collect$$rtexit$$00000000)
    __rt_exit_ls                             0x08000219   Thumb Code     0  rtexit2.o(.ARM.Collect$$rtexit$$00000003)
    __rt_exit_prels_1                        0x08000219   Thumb Code     0  rtexit2.o(.ARM.Collect$$rtexit$$00000002)
    __rt_exit_exit                           0x0800021d   Thumb Code     0  rtexit2.o(.ARM.Collect$$rtexit$$00000004)
    CPU_IntDis                               0x08000225   Thumb Code     0  cpu_a.o(.text)
    CPU_IntEn                                0x08000229   Thumb Code     0  cpu_a.o(.text)
    CPU_SR_Save                              0x0800022d   Thumb Code     0  cpu_a.o(.text)
    CPU_SR_Restore                           0x08000235   Thumb Code     0  cpu_a.o(.text)
    CPU_WaitForInt                           0x0800023b   Thumb Code     0  cpu_a.o(.text)
    CPU_WaitForExcept                        0x0800023f   Thumb Code     0  cpu_a.o(.text)
    CPU_CntLeadZeros                         0x08000243   Thumb Code     0  cpu_a.o(.text)
    CPU_CntTrailZeros                        0x08000249   Thumb Code     0  cpu_a.o(.text)
    CPU_RevBits                              0x08000253   Thumb Code     0  cpu_a.o(.text)
    Reset_Handler                            0x08000259   Thumb Code     8  startup_stm32f405xx.o(.text)
    ADC_IRQHandler                           0x08000273   Thumb Code     0  startup_stm32f405xx.o(.text)
    CAN1_RX0_IRQHandler                      0x08000273   Thumb Code     0  startup_stm32f405xx.o(.text)
    CAN1_RX1_IRQHandler                      0x08000273   Thumb Code     0  startup_stm32f405xx.o(.text)
    CAN1_SCE_IRQHandler                      0x08000273   Thumb Code     0  startup_stm32f405xx.o(.text)
    CAN1_TX_IRQHandler                       0x08000273   Thumb Code     0  startup_stm32f405xx.o(.text)
    CAN2_RX0_IRQHandler                      0x08000273   Thumb Code     0  startup_stm32f405xx.o(.text)
    CAN2_RX1_IRQHandler                      0x08000273   Thumb Code     0  startup_stm32f405xx.o(.text)
    CAN2_SCE_IRQHandler                      0x08000273   Thumb Code     0  startup_stm32f405xx.o(.text)
    CAN2_TX_IRQHandler                       0x08000273   Thumb Code     0  startup_stm32f405xx.o(.text)
    FLASH_IRQHandler                         0x08000273   Thumb Code     0  startup_stm32f405xx.o(.text)
    FMC_IRQHandler                           0x08000273   Thumb Code     0  startup_stm32f405xx.o(.text)
    FPU_IRQHandler                           0x08000273   Thumb Code     0  startup_stm32f405xx.o(.text)
    HASH_RNG_IRQHandler                      0x08000273   Thumb Code     0  startup_stm32f405xx.o(.text)
    I2C1_ER_IRQHandler                       0x08000273   Thumb Code     0  startup_stm32f405xx.o(.text)
    I2C1_EV_IRQHandler                       0x08000273   Thumb Code     0  startup_stm32f405xx.o(.text)
    I2C2_ER_IRQHandler                       0x08000273   Thumb Code     0  startup_stm32f405xx.o(.text)
    I2C2_EV_IRQHandler                       0x08000273   Thumb Code     0  startup_stm32f405xx.o(.text)
    I2C3_ER_IRQHandler                       0x08000273   Thumb Code     0  startup_stm32f405xx.o(.text)
    I2C3_EV_IRQHandler                       0x08000273   Thumb Code     0  startup_stm32f405xx.o(.text)
    OTG_FS_IRQHandler                        0x08000273   Thumb Code     0  startup_stm32f405xx.o(.text)
    OTG_FS_WKUP_IRQHandler                   0x08000273   Thumb Code     0  startup_stm32f405xx.o(.text)
    OTG_HS_EP1_IN_IRQHandler                 0x08000273   Thumb Code     0  startup_stm32f405xx.o(.text)
    OTG_HS_EP1_OUT_IRQHandler                0x08000273   Thumb Code     0  startup_stm32f405xx.o(.text)
    OTG_HS_IRQHandler                        0x08000273   Thumb Code     0  startup_stm32f405xx.o(.text)
    OTG_HS_WKUP_IRQHandler                   0x08000273   Thumb Code     0  startup_stm32f405xx.o(.text)
    PVD_IRQHandler                           0x08000273   Thumb Code     0  startup_stm32f405xx.o(.text)
    RCC_IRQHandler                           0x08000273   Thumb Code     0  startup_stm32f405xx.o(.text)
    RTC_Alarm_IRQHandler                     0x08000273   Thumb Code     0  startup_stm32f405xx.o(.text)
    RTC_WKUP_IRQHandler                      0x08000273   Thumb Code     0  startup_stm32f405xx.o(.text)
    SDIO_IRQHandler                          0x08000273   Thumb Code     0  startup_stm32f405xx.o(.text)
    SPI1_IRQHandler                          0x08000273   Thumb Code     0  startup_stm32f405xx.o(.text)
    SPI2_IRQHandler                          0x08000273   Thumb Code     0  startup_stm32f405xx.o(.text)
    SPI3_IRQHandler                          0x08000273   Thumb Code     0  startup_stm32f405xx.o(.text)
    TAMP_STAMP_IRQHandler                    0x08000273   Thumb Code     0  startup_stm32f405xx.o(.text)
    TIM1_BRK_TIM9_IRQHandler                 0x08000273   Thumb Code     0  startup_stm32f405xx.o(.text)
    TIM1_CC_IRQHandler                       0x08000273   Thumb Code     0  startup_stm32f405xx.o(.text)
    TIM1_TRG_COM_TIM11_IRQHandler            0x08000273   Thumb Code     0  startup_stm32f405xx.o(.text)
    TIM1_UP_TIM10_IRQHandler                 0x08000273   Thumb Code     0  startup_stm32f405xx.o(.text)
    TIM2_IRQHandler                          0x08000273   Thumb Code     0  startup_stm32f405xx.o(.text)
    TIM3_IRQHandler                          0x08000273   Thumb Code     0  startup_stm32f405xx.o(.text)
    TIM4_IRQHandler                          0x08000273   Thumb Code     0  startup_stm32f405xx.o(.text)
    TIM5_IRQHandler                          0x08000273   Thumb Code     0  startup_stm32f405xx.o(.text)
    TIM6_DAC_IRQHandler                      0x08000273   Thumb Code     0  startup_stm32f405xx.o(.text)
    TIM7_IRQHandler                          0x08000273   Thumb Code     0  startup_stm32f405xx.o(.text)
    TIM8_BRK_TIM12_IRQHandler                0x08000273   Thumb Code     0  startup_stm32f405xx.o(.text)
    TIM8_CC_IRQHandler                       0x08000273   Thumb Code     0  startup_stm32f405xx.o(.text)
    TIM8_TRG_COM_TIM14_IRQHandler            0x08000273   Thumb Code     0  startup_stm32f405xx.o(.text)
    TIM8_UP_TIM13_IRQHandler                 0x08000273   Thumb Code     0  startup_stm32f405xx.o(.text)
    WWDG_IRQHandler                          0x08000273   Thumb Code     0  startup_stm32f405xx.o(.text)
    __user_initial_stackheap                 0x08000275   Thumb Code     0  startup_stm32f405xx.o(.text)
    __aeabi_uldivmod                         0x08000299   Thumb Code     0  lludivv7m.o(.text)
    _ll_udiv                                 0x08000299   Thumb Code   238  lludivv7m.o(.text)
    __aeabi_memclr4                          0x08000387   Thumb Code     0  rt_memclr_w.o(.text)
    __aeabi_memclr8                          0x08000387   Thumb Code     0  rt_memclr_w.o(.text)
    __rt_memclr_w                            0x08000387   Thumb Code    78  rt_memclr_w.o(.text)
    _memset_w                                0x0800038b   Thumb Code     0  rt_memclr_w.o(.text)
    __use_two_region_memory                  0x080003d5   Thumb Code     2  heapauxi.o(.text)
    __rt_heap_escrow                         0x080003d7   Thumb Code     2  heapauxi.o(.text)
    __rt_heap_expand                         0x080003d9   Thumb Code     2  heapauxi.o(.text)
    __user_libspace                          0x080003dd   Thumb Code     8  libspace.o(.text)
    __user_perproc_libspace                  0x080003dd   Thumb Code     0  libspace.o(.text)
    __user_perthread_libspace                0x080003dd   Thumb Code     0  libspace.o(.text)
    __I$use$semihosting                      0x080003e5   Thumb Code     0  use_no_semi.o(.text)
    __use_no_semihosting_swi                 0x080003e5   Thumb Code     2  use_no_semi.o(.text)
    __semihosting_library_function           0x080003e7   Thumb Code     0  indicate_semi.o(.text)
    __user_setup_stackheap                   0x080003e7   Thumb Code    74  sys_stackheap_outer.o(.text)
    exit                                     0x08000431   Thumb Code    18  exit.o(.text)
    _sys_exit                                0x08000445   Thumb Code     8  sys_exit.o(.text)
    OSStartHighRdy                           0x08000451   Thumb Code     0  os_cpu_a.o(CODE)
    OSCtxSw                                  0x080004cb   Thumb Code     0  os_cpu_a.o(CODE)
    OSIntCtxSw                               0x080004cb   Thumb Code     0  os_cpu_a.o(CODE)
    PendSV_Handler                           0x080004d5   Thumb Code     0  os_cpu_a.o(CODE)
    BusFault_Handler                         0x08000549   Thumb Code     4  wit.o(i.BusFault_Handler)
    CPU_Init                                 0x0800054d   Thumb Code     8  cpu_core.o(i.CPU_Init)
    CPU_TS_TmrFreqSet                        0x08000569   Thumb Code     6  cpu_core.o(i.CPU_TS_TmrFreqSet)
    CPU_TS_TmrInit                           0x08000575   Thumb Code    44  os_bsp.o(i.CPU_TS_TmrInit)
    CPU_TS_TmrRd                             0x080005a9   Thumb Code     6  os_bsp.o(i.CPU_TS_TmrRd)
    DMA1_Stream0_IRQHandler                  0x080005b5   Thumb Code    34  wdma.o(i.DMA1_Stream0_IRQHandler)
    DMA1_Stream1_IRQHandler                  0x080005dd   Thumb Code    34  wdma.o(i.DMA1_Stream1_IRQHandler)
    DMA1_Stream2_IRQHandler                  0x08000605   Thumb Code    34  wdma.o(i.DMA1_Stream2_IRQHandler)
    DMA1_Stream3_IRQHandler                  0x0800062d   Thumb Code    34  wdma.o(i.DMA1_Stream3_IRQHandler)
    DMA1_Stream4_IRQHandler                  0x08000655   Thumb Code    34  wdma.o(i.DMA1_Stream4_IRQHandler)
    DMA1_Stream5_IRQHandler                  0x0800067d   Thumb Code    34  wdma.o(i.DMA1_Stream5_IRQHandler)
    DMA1_Stream6_IRQHandler                  0x080006a5   Thumb Code    34  wdma.o(i.DMA1_Stream6_IRQHandler)
    DMA1_Stream7_IRQHandler                  0x080006cd   Thumb Code    34  wdma.o(i.DMA1_Stream7_IRQHandler)
    DMA2_Stream0_IRQHandler                  0x080006f5   Thumb Code    34  wdma.o(i.DMA2_Stream0_IRQHandler)
    DMA2_Stream1_IRQHandler                  0x0800071d   Thumb Code    34  wdma.o(i.DMA2_Stream1_IRQHandler)
    DMA2_Stream2_IRQHandler                  0x08000745   Thumb Code    34  wdma.o(i.DMA2_Stream2_IRQHandler)
    DMA2_Stream3_IRQHandler                  0x0800076d   Thumb Code    34  wdma.o(i.DMA2_Stream3_IRQHandler)
    DMA2_Stream4_IRQHandler                  0x08000795   Thumb Code    34  wdma.o(i.DMA2_Stream4_IRQHandler)
    DMA2_Stream5_IRQHandler                  0x080007bd   Thumb Code    34  wdma.o(i.DMA2_Stream5_IRQHandler)
    DMA2_Stream6_IRQHandler                  0x080007e5   Thumb Code    34  wdma.o(i.DMA2_Stream6_IRQHandler)
    DMA2_Stream7_IRQHandler                  0x0800080d   Thumb Code    34  wdma.o(i.DMA2_Stream7_IRQHandler)
    DebugMon_Handler                         0x0800093f   Thumb Code     2  wit.o(i.DebugMon_Handler)
    EXTI0_IRQHandler                         0x08000941   Thumb Code    24  wgpio.o(i.EXTI0_IRQHandler)
    EXTI15_10_IRQHandler                     0x08000959   Thumb Code    66  wgpio.o(i.EXTI15_10_IRQHandler)
    EXTI1_IRQHandler                         0x0800099b   Thumb Code    24  wgpio.o(i.EXTI1_IRQHandler)
    EXTI2_IRQHandler                         0x080009b3   Thumb Code    24  wgpio.o(i.EXTI2_IRQHandler)
    EXTI3_IRQHandler                         0x080009cb   Thumb Code    24  wgpio.o(i.EXTI3_IRQHandler)
    EXTI4_IRQHandler                         0x080009e3   Thumb Code    24  wgpio.o(i.EXTI4_IRQHandler)
    EXTI9_5_IRQHandler                       0x080009fb   Thumb Code    52  wgpio.o(i.EXTI9_5_IRQHandler)
    HAL_DMA_Abort_IT                         0x08000a2f   Thumb Code    40  stm32f4xx_hal_dma.o(i.HAL_DMA_Abort_IT)
    HAL_DMA_IRQHandler                       0x08000a59   Thumb Code   570  stm32f4xx_hal_dma.o(i.HAL_DMA_IRQHandler)
    HAL_DMA_Init                             0x08000c99   Thumb Code   232  stm32f4xx_hal_dma.o(i.HAL_DMA_Init)
    HAL_DMA_Start_IT                         0x08000d85   Thumb Code   158  stm32f4xx_hal_dma.o(i.HAL_DMA_Start_IT)
    HAL_GPIO_EXTI_Callback                   0x08000e25   Thumb Code   184  wgpio.o(i.HAL_GPIO_EXTI_Callback)
    HAL_GPIO_EXTI_IRQHandler                 0x08000ee1   Thumb Code    24  stm32f4xx_hal_gpio.o(i.HAL_GPIO_EXTI_IRQHandler)
    HAL_GPIO_Init                            0x08000efd   Thumb Code   466  stm32f4xx_hal_gpio.o(i.HAL_GPIO_Init)
    HAL_GPIO_TogglePin                       0x080010fd   Thumb Code    18  stm32f4xx_hal_gpio.o(i.HAL_GPIO_TogglePin)
    HAL_GPIO_WritePin                        0x0800110f   Thumb Code    12  stm32f4xx_hal_gpio.o(i.HAL_GPIO_WritePin)
    HAL_GetREVID                             0x0800111d   Thumb Code     8  stm32f4xx_hal.o(i.HAL_GetREVID)
    HAL_GetTick                              0x08001129   Thumb Code     6  stm32f4xx_hal.o(i.HAL_GetTick)
    HAL_IncTick                              0x08001135   Thumb Code    16  stm32f4xx_hal.o(i.HAL_IncTick)
    HAL_Init                                 0x0800114d   Thumb Code    54  stm32f4xx_hal.o(i.HAL_Init)
    HAL_InitTick                             0x08001189   Thumb Code    64  stm32f4xx_hal.o(i.HAL_InitTick)
    HAL_MspInit                              0x080011d5   Thumb Code   182  wsys.o(i.HAL_MspInit)
    HAL_NVIC_ClearPendingIRQ                 0x080012a1   Thumb Code    30  stm32f4xx_hal_cortex.o(i.HAL_NVIC_ClearPendingIRQ)
    HAL_NVIC_EnableIRQ                       0x080012c5   Thumb Code    32  stm32f4xx_hal_cortex.o(i.HAL_NVIC_EnableIRQ)
    HAL_NVIC_SetPriority                     0x080012e5   Thumb Code   124  stm32f4xx_hal_cortex.o(i.HAL_NVIC_SetPriority)
    HAL_NVIC_SetPriorityGrouping             0x08001361   Thumb Code    32  stm32f4xx_hal_cortex.o(i.HAL_NVIC_SetPriorityGrouping)
    HAL_NVIC_SystemReset                     0x08001389   Thumb Code    60  stm32f4xx_hal_cortex.o(i.HAL_NVIC_SystemReset)
    HAL_RCC_ClockConfig                      0x080013cd   Thumb Code   366  stm32f4xx_hal_rcc.o(i.HAL_RCC_ClockConfig)
    HAL_RCC_DeInit                           0x0800154d   Thumb Code   356  stm32f4xx_hal_rcc_ex.o(i.HAL_RCC_DeInit)
    HAL_RCC_EnableCSS                        0x080016c5   Thumb Code     8  stm32f4xx_hal_rcc.o(i.HAL_RCC_EnableCSS)
    HAL_RCC_GetHCLKFreq                      0x080016d1   Thumb Code     6  stm32f4xx_hal_rcc.o(i.HAL_RCC_GetHCLKFreq)
    HAL_RCC_GetPCLK1Freq                     0x080016dd   Thumb Code    22  stm32f4xx_hal_rcc.o(i.HAL_RCC_GetPCLK1Freq)
    HAL_RCC_GetPCLK2Freq                     0x080016fd   Thumb Code    22  stm32f4xx_hal_rcc.o(i.HAL_RCC_GetPCLK2Freq)
    HAL_RCC_GetSysClockFreq                  0x0800171d   Thumb Code   162  stm32f4xx_hal_rcc.o(i.HAL_RCC_GetSysClockFreq)
    HAL_RCC_OscConfig                        0x080017cd   Thumb Code  1086  stm32f4xx_hal_rcc.o(i.HAL_RCC_OscConfig)
    HAL_SYSTICK_CLKSourceConfig              0x08001c15   Thumb Code    40  stm32f4xx_hal_cortex.o(i.HAL_SYSTICK_CLKSourceConfig)
    HAL_SYSTICK_Config                       0x08001c3d   Thumb Code    52  stm32f4xx_hal_cortex.o(i.HAL_SYSTICK_Config)
    HAL_UART_AbortReceiveCpltCallback        0x08001c71   Thumb Code     2  stm32f4xx_hal_uart.o(i.HAL_UART_AbortReceiveCpltCallback)
    HAL_UART_AbortReceive_IT                 0x08001c75   Thumb Code   116  stm32f4xx_hal_uart.o(i.HAL_UART_AbortReceive_IT)
    HAL_UART_ErrorCallback                   0x08001ced   Thumb Code     2  stm32f4xx_hal_uart.o(i.HAL_UART_ErrorCallback)
    HAL_UART_IRQHandler                      0x08001cf1   Thumb Code   328  stm32f4xx_hal_uart.o(i.HAL_UART_IRQHandler)
    HAL_UART_Init                            0x08001e3d   Thumb Code   114  stm32f4xx_hal_uart.o(i.HAL_UART_Init)
    HAL_UART_MspInit                         0x08001eaf   Thumb Code     2  stm32f4xx_hal_uart.o(i.HAL_UART_MspInit)
    HAL_UART_Receive_DMA                     0x08001eb1   Thumb Code   182  stm32f4xx_hal_uart.o(i.HAL_UART_Receive_DMA)
    HAL_UART_RxCpltCallback                  0x08001f75   Thumb Code     2  stm32f4xx_hal_uart.o(i.HAL_UART_RxCpltCallback)
    HAL_UART_RxCpltCallback_Idle             0x08001f79   Thumb Code    72  wuart.o(i.HAL_UART_RxCpltCallback_Idle)
    HAL_UART_RxHalfCpltCallback              0x08001fc5   Thumb Code     2  stm32f4xx_hal_uart.o(i.HAL_UART_RxHalfCpltCallback)
    HAL_UART_Transmit_DMA                    0x08001fc9   Thumb Code   142  stm32f4xx_hal_uart.o(i.HAL_UART_Transmit_DMA)
    HAL_UART_TxCpltCallback                  0x08002065   Thumb Code    56  wuart.o(i.HAL_UART_TxCpltCallback)
    HAL_UART_TxHalfCpltCallback              0x080020a5   Thumb Code     2  stm32f4xx_hal_uart.o(i.HAL_UART_TxHalfCpltCallback)
    HardFault_Handler                        0x080020a7   Thumb Code     4  wit.o(i.HardFault_Handler)
    MemManage_Handler                        0x08002105   Thumb Code     4  wit.o(i.MemManage_Handler)
    NMI_Handler                              0x08002109   Thumb Code     2  wit.o(i.NMI_Handler)
    OSCfg_Init                               0x0800210b   Thumb Code     2  os_cfg_app.o(i.OSCfg_Init)
    OSInit                                   0x0800210d   Thumb Code   214  os_core.o(i.OSInit)
    OSInitHook                               0x08002231   Thumb Code    34  os_cpu_c.o(i.OSInitHook)
    OSIntEnter                               0x08002265   Thumb Code    34  os_core.o(i.OSIntEnter)
    OSIntExit                                0x08002291   Thumb Code   180  os_core.o(i.OSIntExit)
    OSMutexCreate                            0x08002365   Thumb Code   122  os_mutex.o(i.OSMutexCreate)
    OSMutexPend                              0x080023e9   Thumb Code   430  os_mutex.o(i.OSMutexPend)
    OSMutexPost                              0x080025a1   Thumb Code   326  os_mutex.o(i.OSMutexPost)
    OSSched                                  0x080026f1   Thumb Code   126  os_core.o(i.OSSched)
    OSSemCreate                              0x0800278d   Thumb Code   120  os_sem.o(i.OSSemCreate)
    OSSemPend                                0x0800280d   Thumb Code   330  os_sem.o(i.OSSemPend)
    OSSemPost                                0x08002961   Thumb Code   186  os_sem.o(i.OSSemPost)
    OSSemSet                                 0x08002a1b   Thumb Code    76  os_sem.o(i.OSSemSet)
    OSStart                                  0x08002a69   Thumb Code   120  os_core.o(i.OSStart)
    OSStatReset                              0x08002b01   Thumb Code   244  os_stat.o(i.OSStatReset)
    OSStatTaskCPUUsageInit                   0x08002c19   Thumb Code   216  os_stat.o(i.OSStatTaskCPUUsageInit)
    OSStatTaskHook                           0x08002d0d   Thumb Code     2  os_cpu_c.o(i.OSStatTaskHook)
    OSTaskCreate                             0x08002d11   Thumb Code   312  os_task.o(i.OSTaskCreate)
    OSTaskCreateHook                         0x08002e55   Thumb Code     2  os_cpu_c.o(i.OSTaskCreateHook)
    OSTaskDel                                0x08002e59   Thumb Code   368  os_task.o(i.OSTaskDel)
    OSTaskDelHook                            0x08002fd5   Thumb Code     2  os_cpu_c.o(i.OSTaskDelHook)
    OSTaskResume                             0x08002fd7   Thumb Code   256  os_task.o(i.OSTaskResume)
    OSTaskReturnHook                         0x080030d7   Thumb Code     2  os_cpu_c.o(i.OSTaskReturnHook)
    OSTaskStkChk                             0x080030d9   Thumb Code   174  os_task.o(i.OSTaskStkChk)
    OSTaskStkInit                            0x0800318d   Thumb Code   204  os_cpu_c.o(i.OSTaskStkInit)
    OSTaskSuspend                            0x0800325d   Thumb Code   352  os_task.o(i.OSTaskSuspend)
    OSTaskSwHook                             0x080033cd   Thumb Code    70  os_cpu_c.o(i.OSTaskSwHook)
    OSTimeDly                                0x0800341d   Thumb Code   140  os_time.o(i.OSTimeDly)
    OSTimeTick                               0x080034b1   Thumb Code    26  os_time.o(i.OSTimeTick)
    OSTimeTickHook                           0x080034d1   Thumb Code     2  os_cpu_c.o(i.OSTimeTickHook)
    OSTmrCreate                              0x080034d5   Thumb Code   156  os_tmr.o(i.OSTmrCreate)
    OSTmrSet                                 0x08003581   Thumb Code    56  os_tmr.o(i.OSTmrSet)
    OSTmrStart                               0x080035bd   Thumb Code   198  os_tmr.o(i.OSTmrStart)
    OS_CPU_SysTickHandler                    0x08003695   Thumb Code    46  os_cpu_c.o(i.OS_CPU_SysTickHandler)
    OS_CPU_SysTickInit                       0x080036c5   Thumb Code    50  os_cpu_c.o(i.OS_CPU_SysTickInit)
    OS_Dbg_Init                              0x080036fd   Thumb Code   284  os_dbg.o(i.OS_Dbg_Init)
    OS_IdleTask                              0x08003925   Thumb Code    52  os_core.o(i.OS_IdleTask)
    OS_IdleTaskInit                          0x08003961   Thumb Code    66  os_core.o(i.OS_IdleTaskInit)
    OS_MemInit                               0x080039d1   Thumb Code    14  os_mem.o(i.OS_MemInit)
    OS_MsgPoolInit                           0x080039e9   Thumb Code    80  os_msg.o(i.OS_MsgPoolInit)
    OS_MutexDbgListAdd                       0x08003a45   Thumb Code    38  os_mutex.o(i.OS_MutexDbgListAdd)
    OS_MutexGrpAdd                           0x08003a75   Thumb Code     8  os_mutex.o(i.OS_MutexGrpAdd)
    OS_MutexGrpPostAll                       0x08003a7d   Thumb Code    94  os_mutex.o(i.OS_MutexGrpPostAll)
    OS_MutexGrpPrioFindHighest               0x08003adb   Thumb Code    42  os_mutex.o(i.OS_MutexGrpPrioFindHighest)
    OS_MutexGrpRemove                        0x08003b05   Thumb Code    28  os_mutex.o(i.OS_MutexGrpRemove)
    OS_Pend                                  0x08003b21   Thumb Code    64  os_core.o(i.OS_Pend)
    OS_PendDbgNameAdd                        0x08003b61   Thumb Code    64  os_core.o(i.OS_PendDbgNameAdd)
    OS_PendDbgNameRemove                     0x08003bb9   Thumb Code    32  os_core.o(i.OS_PendDbgNameRemove)
    OS_PendListChangePrio                    0x08003bdd   Thumb Code    34  os_core.o(i.OS_PendListChangePrio)
    OS_PendListInit                          0x08003bff   Thumb Code    10  os_core.o(i.OS_PendListInit)
    OS_PendListInsertPrio                    0x08003c09   Thumb Code   102  os_core.o(i.OS_PendListInsertPrio)
    OS_PendListRemove                        0x08003c6f   Thumb Code    78  os_core.o(i.OS_PendListRemove)
    OS_Post                                  0x08003cbd   Thumb Code   172  os_core.o(i.OS_Post)
    OS_PrioGetHighest                        0x08003d69   Thumb Code    34  os_prio.o(i.OS_PrioGetHighest)
    OS_PrioInit                              0x08003d91   Thumb Code    20  os_prio.o(i.OS_PrioInit)
    OS_PrioInsert                            0x08003da9   Thumb Code    48  os_prio.o(i.OS_PrioInsert)
    OS_PrioRemove                            0x08003ddd   Thumb Code    48  os_prio.o(i.OS_PrioRemove)
    OS_RdyListInit                           0x08003e11   Thumb Code    30  os_core.o(i.OS_RdyListInit)
    OS_RdyListInsert                         0x08003e35   Thumb Code    40  os_core.o(i.OS_RdyListInsert)
    OS_RdyListInsertHead                     0x08003e61   Thumb Code    58  os_core.o(i.OS_RdyListInsertHead)
    OS_RdyListInsertTail                     0x08003ea1   Thumb Code    56  os_core.o(i.OS_RdyListInsertTail)
    OS_RdyListRemove                         0x08003edd   Thumb Code    86  os_core.o(i.OS_RdyListRemove)
    OS_SemDbgListAdd                         0x08003f39   Thumb Code    38  os_sem.o(i.OS_SemDbgListAdd)
    OS_StatTask                              0x08003f69   Thumb Code   750  os_stat.o(i.OS_StatTask)
    OS_StatTaskInit                          0x080042a9   Thumb Code   144  os_stat.o(i.OS_StatTaskInit)
    OS_TaskBlock                             0x08004385   Thumb Code    44  os_core.o(i.OS_TaskBlock)
    OS_TaskChangePrio                        0x080043b5   Thumb Code   228  os_task.o(i.OS_TaskChangePrio)
    OS_TaskDbgListAdd                        0x0800449d   Thumb Code    42  os_task.o(i.OS_TaskDbgListAdd)
    OS_TaskDbgListRemove                     0x080044cd   Thumb Code    64  os_task.o(i.OS_TaskDbgListRemove)
    OS_TaskInit                              0x08004511   Thumb Code    18  os_task.o(i.OS_TaskInit)
    OS_TaskInitTCB                           0x08004531   Thumb Code   152  os_task.o(i.OS_TaskInitTCB)
    OS_TaskReturn                            0x080045d5   Thumb Code    20  os_task.o(i.OS_TaskReturn)
    OS_TickInit                              0x080045ed   Thumb Code    18  os_tick.o(i.OS_TickInit)
    OS_TickListInsert                        0x08004609   Thumb Code   162  os_tick.o(i.OS_TickListInsert)
    OS_TickListInsertDly                     0x080046b5   Thumb Code   134  os_tick.o(i.OS_TickListInsertDly)
    OS_TickListRemove                        0x08004741   Thumb Code    82  os_tick.o(i.OS_TickListRemove)
    OS_TickUpdate                            0x080048d5   Thumb Code    86  os_tick.o(i.OS_TickUpdate)
    OS_TmrDbgListAdd                         0x08004b05   Thumb Code    34  os_tmr.o(i.OS_TmrDbgListAdd)
    OS_TmrInit                               0x08004b2d   Thumb Code   178  os_tmr.o(i.OS_TmrInit)
    OS_TmrLink                               0x08004c4d   Thumb Code   172  os_tmr.o(i.OS_TmrLink)
    OS_TmrTask                               0x08004d1d   Thumb Code   254  os_tmr.o(i.OS_TmrTask)
    OS_TmrUnlink                             0x08004e31   Thumb Code   190  os_tmr.o(i.OS_TmrUnlink)
    SVC_Handler                              0x08004f11   Thumb Code     2  wit.o(i.SVC_Handler)
    SysTick_Handler                          0x08004f13   Thumb Code    12  wit.o(i.SysTick_Handler)
    SystemInit                               0x08004f21   Thumb Code    68  system_stm32f4xx.o(i.SystemInit)
    UART4_IRQHandler                         0x08004f75   Thumb Code    42  wuart.o(i.UART4_IRQHandler)
    UART5_IRQHandler                         0x08004fa5   Thumb Code    42  wuart.o(i.UART5_IRQHandler)
    USART1_IRQHandler                        0x080055b5   Thumb Code    42  wuart.o(i.USART1_IRQHandler)
    USART2_IRQHandler                        0x080055e5   Thumb Code    42  wuart.o(i.USART2_IRQHandler)
    USART3_IRQHandler                        0x08005615   Thumb Code    42  wuart.o(i.USART3_IRQHandler)
    USART6_IRQHandler                        0x08005645   Thumb Code    42  wuart.o(i.USART6_IRQHandler)
    UsageFault_Handler                       0x08005675   Thumb Code     4  wit.o(i.UsageFault_Handler)
    main                                     0x080056b1   Thumb Code   104  main.o(i.main)
    wDma_Init                                0x08005739   Thumb Code   446  wdma.o(i.wDma_Init)
    wGpio_Init                               0x0800590d   Thumb Code   806  wgpio.o(i.wGpio_Init)
    wGpio_putInit                            0x08005c5d   Thumb Code   136  wgpio.o(i.wGpio_putInit)
    wGpio_putWrite                           0x08005d09   Thumb Code    88  wgpio.o(i.wGpio_putWrite)
    wLed_IdInit                              0x08005d61   Thumb Code   142  wled.o(i.wLed_IdInit)
    wLed_SetIdStatus                         0x08005e15   Thumb Code    66  wled.o(i.wLed_SetIdStatus)
    wSerial_Init                             0x08005fdd   Thumb Code   108  wserial.o(i.wSerial_Init)
    wSerial_Receive                          0x08006075   Thumb Code   132  wserial.o(i.wSerial_Receive)
    wSerial_RxIdleIRQHandler                 0x080060fd   Thumb Code    62  wserial.o(i.wSerial_RxIdleIRQHandler)
    wSerial_Transmit                         0x08006141   Thumb Code    84  wserial.o(i.wSerial_Transmit)
    wSerial_TxIRQHandler                     0x08006199   Thumb Code    56  wserial.o(i.wSerial_TxIRQHandler)
    wSys_ClockConfig                         0x080061d5   Thumb Code   270  wsys.o(i.wSys_ClockConfig)
    wSys_GetClkFreq                          0x080062f1   Thumb Code     8  wsys.o(i.wSys_GetClkFreq)
    wUart_AbortReceive                       0x0800630d   Thumb Code    52  wuart.o(i.wUart_AbortReceive)
    wUart_DMAInit                            0x0800638d   Thumb Code   432  wuart.o(i.wUart_DMAInit)
    wUart_DMAReceive                         0x08006555   Thumb Code    80  wuart.o(i.wUart_DMAReceive)
    wUart_DMATransmit                        0x080065a9   Thumb Code    28  wuart.o(i.wUart_DMATransmit)
    wUart_Init                               0x080065c5   Thumb Code   790  wuart.o(i.wUart_Init)
    wUart_SetCallback                        0x08006939   Thumb Code    12  wuart.o(i.wUart_SetCallback)
    OSCfg_IdleTaskStkBasePtr                 0x08006944   Data           4  os_cfg_app.o(.constdata)
    OSCfg_IdleTaskStkLimit                   0x08006948   Data           4  os_cfg_app.o(.constdata)
    OSCfg_IdleTaskStkSize                    0x0800694c   Data           4  os_cfg_app.o(.constdata)
    OSCfg_IdleTaskStkSizeRAM                 0x08006950   Data           4  os_cfg_app.o(.constdata)
    OSCfg_ISRStkBasePtr                      0x08006954   Data           4  os_cfg_app.o(.constdata)
    OSCfg_ISRStkSize                         0x08006958   Data           4  os_cfg_app.o(.constdata)
    OSCfg_ISRStkSizeRAM                      0x0800695c   Data           4  os_cfg_app.o(.constdata)
    OSCfg_MsgPoolSize                        0x08006960   Data           2  os_cfg_app.o(.constdata)
    OSCfg_MsgPoolSizeRAM                     0x08006964   Data           4  os_cfg_app.o(.constdata)
    OSCfg_MsgPoolBasePtr                     0x08006968   Data           4  os_cfg_app.o(.constdata)
    OSCfg_StatTaskPrio                       0x0800696c   Data           1  os_cfg_app.o(.constdata)
    OSCfg_StatTaskRate_Hz                    0x08006970   Data           4  os_cfg_app.o(.constdata)
    OSCfg_StatTaskStkBasePtr                 0x08006974   Data           4  os_cfg_app.o(.constdata)
    OSCfg_StatTaskStkLimit                   0x08006978   Data           4  os_cfg_app.o(.constdata)
    OSCfg_StatTaskStkSize                    0x0800697c   Data           4  os_cfg_app.o(.constdata)
    OSCfg_StatTaskStkSizeRAM                 0x08006980   Data           4  os_cfg_app.o(.constdata)
    OSCfg_StkSizeMin                         0x08006984   Data           4  os_cfg_app.o(.constdata)
    OSCfg_TickRate_Hz                        0x08006988   Data           4  os_cfg_app.o(.constdata)
    OSCfg_TmrTaskPrio                        0x0800698c   Data           1  os_cfg_app.o(.constdata)
    OSCfg_TmrTaskRate_Hz                     0x08006990   Data           4  os_cfg_app.o(.constdata)
    OSCfg_TmrTaskStkBasePtr                  0x08006994   Data           4  os_cfg_app.o(.constdata)
    OSCfg_TmrTaskStkLimit                    0x08006998   Data           4  os_cfg_app.o(.constdata)
    OSCfg_TmrTaskStkSize                     0x0800699c   Data           4  os_cfg_app.o(.constdata)
    OSCfg_TmrTaskStkSizeRAM                  0x080069a0   Data           4  os_cfg_app.o(.constdata)
    OSCfg_DataSizeRAM                        0x080069a4   Data           4  os_cfg_app.o(.constdata)
    OSDbg_DbgEn                              0x080069a8   Data           1  os_dbg.o(.constdata)
    OSDbg_ArgChkEn                           0x080069a9   Data           1  os_dbg.o(.constdata)
    OSDbg_AppHooksEn                         0x080069aa   Data           1  os_dbg.o(.constdata)
    OSDbg_EndiannessTest                     0x080069ac   Data           4  os_dbg.o(.constdata)
    OSDbg_CalledFromISRChkEn                 0x080069b0   Data           1  os_dbg.o(.constdata)
    OSDbg_FlagEn                             0x080069b1   Data           1  os_dbg.o(.constdata)
    OSDbg_FlagGrp                            0x080069b4   Data          40  os_dbg.o(.constdata)
    OSDbg_FlagDelEn                          0x080069dc   Data           1  os_dbg.o(.constdata)
    OSDbg_FlagModeClrEn                      0x080069dd   Data           1  os_dbg.o(.constdata)
    OSDbg_FlagPendAbortEn                    0x080069de   Data           1  os_dbg.o(.constdata)
    OSDbg_FlagGrpSize                        0x080069e0   Data           2  os_dbg.o(.constdata)
    OSDbg_FlagWidth                          0x080069e2   Data           2  os_dbg.o(.constdata)
    OSDbg_Mem                                0x080069e4   Data          32  os_dbg.o(.constdata)
    OSDbg_MemEn                              0x08006a04   Data           1  os_dbg.o(.constdata)
    OSDbg_MemSize                            0x08006a06   Data           2  os_dbg.o(.constdata)
    OSDbg_MsgEn                              0x08006a08   Data           1  os_dbg.o(.constdata)
    OSDbg_MsgSize                            0x08006a0a   Data           2  os_dbg.o(.constdata)
    OSDbg_MsgPoolSize                        0x08006a0c   Data           2  os_dbg.o(.constdata)
    OSDbg_MsgQSize                           0x08006a0e   Data           2  os_dbg.o(.constdata)
    OSDbg_Mutex                              0x08006a10   Data          48  os_dbg.o(.constdata)
    OSDbg_MutexEn                            0x08006a40   Data           1  os_dbg.o(.constdata)
    OSDbg_MutexDelEn                         0x08006a41   Data           1  os_dbg.o(.constdata)
    OSDbg_MutexPendAbortEn                   0x08006a42   Data           1  os_dbg.o(.constdata)
    OSDbg_MutexSize                          0x08006a44   Data           2  os_dbg.o(.constdata)
    OSDbg_ObjTypeChkEn                       0x08006a46   Data           1  os_dbg.o(.constdata)
    OSDbg_PendListSize                       0x08006a48   Data           2  os_dbg.o(.constdata)
    OSDbg_PendObjSize                        0x08006a4a   Data           2  os_dbg.o(.constdata)
    OSDbg_PrioMax                            0x08006a4c   Data           2  os_dbg.o(.constdata)
    OSDbg_PrioTblSize                        0x08006a4e   Data           2  os_dbg.o(.constdata)
    OSDbg_PtrSize                            0x08006a50   Data           2  os_dbg.o(.constdata)
    OSDbg_Q                                  0x08006a54   Data          48  os_dbg.o(.constdata)
    OSDbg_QEn                                0x08006a84   Data           1  os_dbg.o(.constdata)
    OSDbg_QDelEn                             0x08006a85   Data           1  os_dbg.o(.constdata)
    OSDbg_QFlushEn                           0x08006a86   Data           1  os_dbg.o(.constdata)
    OSDbg_QPendAbortEn                       0x08006a87   Data           1  os_dbg.o(.constdata)
    OSDbg_QSize                              0x08006a88   Data           2  os_dbg.o(.constdata)
    OSDbg_SchedRoundRobinEn                  0x08006a8a   Data           1  os_dbg.o(.constdata)
    OSDbg_Sem                                0x08006a8c   Data          40  os_dbg.o(.constdata)
    OSDbg_SemEn                              0x08006ab4   Data           1  os_dbg.o(.constdata)
    OSDbg_SemDelEn                           0x08006ab5   Data           1  os_dbg.o(.constdata)
    OSDbg_SemPendAbortEn                     0x08006ab6   Data           1  os_dbg.o(.constdata)
    OSDbg_SemSetEn                           0x08006ab7   Data           1  os_dbg.o(.constdata)
    OSDbg_SemSize                            0x08006ab8   Data           2  os_dbg.o(.constdata)
    OSDbg_RdyList                            0x08006aba   Data           2  os_dbg.o(.constdata)
    OSDbg_RdyListSize                        0x08006abc   Data           4  os_dbg.o(.constdata)
    OSDbg_StkWidth                           0x08006ac0   Data           1  os_dbg.o(.constdata)
    OSDbg_StatTaskEn                         0x08006ac1   Data           1  os_dbg.o(.constdata)
    OSDbg_StatTaskStkChkEn                   0x08006ac2   Data           1  os_dbg.o(.constdata)
    OSDbg_TaskChangePrioEn                   0x08006ac3   Data           1  os_dbg.o(.constdata)
    OSDbg_TaskDelEn                          0x08006ac4   Data           1  os_dbg.o(.constdata)
    OSDbg_TaskQEn                            0x08006ac5   Data           1  os_dbg.o(.constdata)
    OSDbg_TaskQPendAbortEn                   0x08006ac6   Data           1  os_dbg.o(.constdata)
    OSDbg_TaskProfileEn                      0x08006ac7   Data           1  os_dbg.o(.constdata)
    OSDbg_TaskRegTblSize                     0x08006ac8   Data           2  os_dbg.o(.constdata)
    OSDbg_TaskSemPendAbortEn                 0x08006aca   Data           1  os_dbg.o(.constdata)
    OSDbg_TaskSuspendEn                      0x08006acb   Data           1  os_dbg.o(.constdata)
    OSDbg_TCBSize                            0x08006acc   Data           2  os_dbg.o(.constdata)
    OSDbg_TickListSize                       0x08006ace   Data           2  os_dbg.o(.constdata)
    OSDbg_TimeDlyHMSMEn                      0x08006ad0   Data           1  os_dbg.o(.constdata)
    OSDbg_TimeDlyResumeEn                    0x08006ad1   Data           1  os_dbg.o(.constdata)
    OSDbg_TLS_TblSize                        0x08006ad2   Data           2  os_dbg.o(.constdata)
    OSDbg_Tmr                                0x08006ad4   Data          48  os_dbg.o(.constdata)
    OSDbg_TmrEn                              0x08006b04   Data           1  os_dbg.o(.constdata)
    OSDbg_TmrDelEn                           0x08006b05   Data           1  os_dbg.o(.constdata)
    OSDbg_TmrSize                            0x08006b06   Data           2  os_dbg.o(.constdata)
    OSDbg_VersionNbr                         0x08006b08   Data           2  os_dbg.o(.constdata)
    OSDbg_DataSize                           0x08006b0c   Data           4  os_dbg.o(.constdata)
    AHBPrescTable                            0x08006b10   Data          16  system_stm32f4xx.o(.constdata)
    APBPrescTable                            0x08006b20   Data           8  system_stm32f4xx.o(.constdata)
    Region$$Table$$Base                      0x08006b30   Number         0  anon$$obj.o(Region$$Table)
    Region$$Table$$Limit                     0x08006b50   Number         0  anon$$obj.o(Region$$Table)
    wUart_ListPtr                            0x20000000   Data           4  wuart.o(.data)
    CPU_TS_TmrFreq_Hz                        0x20000004   Data           4  cpu_core.o(.data)
    OSIdleTaskCtr                            0x20000008   Data           4  os_var.o(.data)
    OSIntNestingCtr                          0x2000000c   Data           1  os_var.o(.data)
    OSRunning                                0x2000000d   Data           1  os_var.o(.data)
    OSInitialized                            0x2000000e   Data           1  os_var.o(.data)
    OSISRStkFree                             0x20000010   Data           4  os_var.o(.data)
    OSISRStkUsed                             0x20000014   Data           4  os_var.o(.data)
    OSFlagDbgListPtr                         0x20000018   Data           4  os_var.o(.data)
    OSFlagQty                                0x2000001c   Data           2  os_var.o(.data)
    OSMemDbgListPtr                          0x20000020   Data           4  os_var.o(.data)
    OSMemQty                                 0x20000024   Data           2  os_var.o(.data)
    OSMutexDbgListPtr                        0x20000028   Data           4  os_var.o(.data)
    OSMutexQty                               0x2000002c   Data           2  os_var.o(.data)
    OSPrioCur                                0x2000002e   Data           1  os_var.o(.data)
    OSPrioHighRdy                            0x2000002f   Data           1  os_var.o(.data)
    OSPrioTbl                                0x20000030   Data           8  os_var.o(.data)
    OSQDbgListPtr                            0x20000038   Data           4  os_var.o(.data)
    OSQQty                                   0x2000003c   Data           2  os_var.o(.data)
    OSSchedLockNestingCtr                    0x2000003e   Data           1  os_var.o(.data)
    OSSemDbgListPtr                          0x20000040   Data           4  os_var.o(.data)
    OSSemQty                                 0x20000044   Data           2  os_var.o(.data)
    OSStatResetFlag                          0x20000046   Data           1  os_var.o(.data)
    OSStatTaskCPUUsage                       0x20000048   Data           2  os_var.o(.data)
    OSStatTaskCPUUsageMax                    0x2000004a   Data           2  os_var.o(.data)
    OSStatTaskCtr                            0x2000004c   Data           4  os_var.o(.data)
    OSStatTaskCtrMax                         0x20000050   Data           4  os_var.o(.data)
    OSStatTaskCtrRun                         0x20000054   Data           4  os_var.o(.data)
    OSStatTaskRdy                            0x20000058   Data           1  os_var.o(.data)
    OSStatTaskTime                           0x2000005c   Data           4  os_var.o(.data)
    OSStatTaskTimeMax                        0x20000060   Data           4  os_var.o(.data)
    OSTaskCtxSwCtr                           0x20000064   Data           4  os_var.o(.data)
    OSTaskDbgListPtr                         0x20000068   Data           4  os_var.o(.data)
    OSTaskQty                                0x2000006c   Data           2  os_var.o(.data)
    OSTaskRegNextAvailID                     0x2000006e   Data           1  os_var.o(.data)
    OSTickCtr                                0x20000070   Data           4  os_var.o(.data)
    OSTickList                               0x20000074   Data           8  os_var.o(.data)
    OSTickTime                               0x2000007c   Data           4  os_var.o(.data)
    OSTickTimeMax                            0x20000080   Data           4  os_var.o(.data)
    OSTmrDbgListPtr                          0x20000084   Data           4  os_var.o(.data)
    OSTmrListEntries                         0x20000088   Data           2  os_var.o(.data)
    OSTmrListPtr                             0x2000008c   Data           4  os_var.o(.data)
    OSTmrQty                                 0x20000090   Data           2  os_var.o(.data)
    OSTmrTaskTime                            0x20000094   Data           4  os_var.o(.data)
    OSTmrTaskTimeMax                         0x20000098   Data           4  os_var.o(.data)
    OSTmrTaskTickBase                        0x2000009c   Data           4  os_var.o(.data)
    OSTmrToTicksMult                         0x200000a0   Data           4  os_var.o(.data)
    OSTCBCurPtr                              0x200000a4   Data           4  os_var.o(.data)
    OSTCBHighRdyPtr                          0x200000a8   Data           4  os_var.o(.data)
    OS_CPU_ExceptStkBase                     0x200000ac   Data           4  os_cpu_c.o(.data)
    OS_KA_BASEPRI_Boundary                   0x200000b0   Data           4  os_cpu_c.o(.data)
    SystemCoreClock                          0x200000b4   Data           4  system_stm32f4xx.o(.data)
    uwTick                                   0x200000b8   Data           4  stm32f4xx_hal.o(.data)
    uwTickPrio                               0x200000bc   Data           4  stm32f4xx_hal.o(.data)
    uwTickFreq                               0x200000c0   Data           1  stm32f4xx_hal.o(.data)
    data                                     0x20000570   Data         500  main.o(.bss)
    Tmr_Sys                                  0x20000cb4   Data          48  wsys.o(.bss)
    Int_huart                                0x20000ce4   Data          28  wuart.o(.bss)
    Int_hdma1                                0x20000d00   Data          32  wdma.o(.bss)
    Int_hdma2                                0x20000d20   Data          32  wdma.o(.bss)
    OSCfg_IdleTaskStk                        0x20000d40   Data        1024  os_cfg_app.o(.bss)
    OSCfg_ISRStk                             0x20001140   Data        1024  os_cfg_app.o(.bss)
    OSCfg_MsgPool                            0x20001540   Data         512  os_cfg_app.o(.bss)
    OSCfg_StatTaskStk                        0x20001740   Data        1024  os_cfg_app.o(.bss)
    OSCfg_TmrTaskStk                         0x20001b40   Data        1024  os_cfg_app.o(.bss)
    OSIdleTaskTCB                            0x20001f40   Data         168  os_var.o(.bss)
    OSMsgPool                                0x20001fe8   Data          12  os_var.o(.bss)
    OSRdyList                                0x20001ff4   Data         768  os_var.o(.bss)
    OSStatTaskTCB                            0x200022f4   Data         168  os_var.o(.bss)
    OSTmrCond                                0x2000239c   Data          36  os_var.o(.bss)
    OSTmrMutex                               0x200023c0   Data          48  os_var.o(.bss)
    OSTmrTaskTCB                             0x200023f0   Data         168  os_var.o(.bss)
    __libspace_start                         0x20002498   Data          96  libspace.o(.bss)
    __temporary_stack_top$libspace           0x200024f8   Data           0  libspace.o(.bss)



==============================================================================

Memory Map of the image

  Image Entry point : 0x08000189

  Load Region LR_IROM1 (Base: 0x08000000, Size: 0x00006c14, Max: 0x00100000, ABSOLUTE)

    Execution Region ER_IROM1 (Exec base: 0x08000000, Load base: 0x08000000, Size: 0x00006b50, Max: 0x00100000, ABSOLUTE)

    Exec Addr    Load Addr    Size         Type   Attr      Idx    E Section Name        Object

    0x08000000   0x08000000   0x00000188   Data   RO         2567    RESET               startup_stm32f405xx.o
    0x08000188   0x08000188   0x00000008   Code   RO         3917  * !!!main             c_w.l(__main.o)
    0x08000190   0x08000190   0x00000034   Code   RO         4165    !!!scatter          c_w.l(__scatter.o)
    0x080001c4   0x080001c4   0x0000001a   Code   RO         4167    !!handler_copy      c_w.l(__scatter_copy.o)
    0x080001de   0x080001de   0x00000002   PAD
    0x080001e0   0x080001e0   0x0000001c   Code   RO         4169    !!handler_zi        c_w.l(__scatter_zi.o)
    0x080001fc   0x080001fc   0x00000002   Code   RO         4104    .ARM.Collect$$libinit$$00000000  c_w.l(libinit.o)
    0x080001fe   0x080001fe   0x00000000   Code   RO         3984    .ARM.Collect$$libinit$$00000002  c_w.l(libinit2.o)
    0x080001fe   0x080001fe   0x00000000   Code   RO         3986    .ARM.Collect$$libinit$$00000004  c_w.l(libinit2.o)
    0x080001fe   0x080001fe   0x00000000   Code   RO         3989    .ARM.Collect$$libinit$$0000000A  c_w.l(libinit2.o)
    0x080001fe   0x080001fe   0x00000000   Code   RO         3991    .ARM.Collect$$libinit$$0000000C  c_w.l(libinit2.o)
    0x080001fe   0x080001fe   0x00000000   Code   RO         3993    .ARM.Collect$$libinit$$0000000E  c_w.l(libinit2.o)
    0x080001fe   0x080001fe   0x00000000   Code   RO         3996    .ARM.Collect$$libinit$$00000011  c_w.l(libinit2.o)
    0x080001fe   0x080001fe   0x00000000   Code   RO         3998    .ARM.Collect$$libinit$$00000013  c_w.l(libinit2.o)
    0x080001fe   0x080001fe   0x00000000   Code   RO         4000    .ARM.Collect$$libinit$$00000015  c_w.l(libinit2.o)
    0x080001fe   0x080001fe   0x00000000   Code   RO         4002    .ARM.Collect$$libinit$$00000017  c_w.l(libinit2.o)
    0x080001fe   0x080001fe   0x00000000   Code   RO         4004    .ARM.Collect$$libinit$$00000019  c_w.l(libinit2.o)
    0x080001fe   0x080001fe   0x00000000   Code   RO         4006    .ARM.Collect$$libinit$$0000001B  c_w.l(libinit2.o)
    0x080001fe   0x080001fe   0x00000000   Code   RO         4008    .ARM.Collect$$libinit$$0000001D  c_w.l(libinit2.o)
    0x080001fe   0x080001fe   0x00000000   Code   RO         4010    .ARM.Collect$$libinit$$0000001F  c_w.l(libinit2.o)
    0x080001fe   0x080001fe   0x00000000   Code   RO         4012    .ARM.Collect$$libinit$$00000021  c_w.l(libinit2.o)
    0x080001fe   0x080001fe   0x00000000   Code   RO         4014    .ARM.Collect$$libinit$$00000023  c_w.l(libinit2.o)
    0x080001fe   0x080001fe   0x00000000   Code   RO         4016    .ARM.Collect$$libinit$$00000025  c_w.l(libinit2.o)
    0x080001fe   0x080001fe   0x00000000   Code   RO         4020    .ARM.Collect$$libinit$$0000002C  c_w.l(libinit2.o)
    0x080001fe   0x080001fe   0x00000000   Code   RO         4022    .ARM.Collect$$libinit$$0000002E  c_w.l(libinit2.o)
    0x080001fe   0x080001fe   0x00000000   Code   RO         4024    .ARM.Collect$$libinit$$00000030  c_w.l(libinit2.o)
    0x080001fe   0x080001fe   0x00000000   Code   RO         4026    .ARM.Collect$$libinit$$00000032  c_w.l(libinit2.o)
    0x080001fe   0x080001fe   0x00000002   Code   RO         4027    .ARM.Collect$$libinit$$00000033  c_w.l(libinit2.o)
    0x08000200   0x08000200   0x00000002   Code   RO         4162    .ARM.Collect$$libshutdown$$00000000  c_w.l(libshutdown.o)
    0x08000202   0x08000202   0x00000000   Code   RO         4120    .ARM.Collect$$libshutdown$$00000002  c_w.l(libshutdown2.o)
    0x08000202   0x08000202   0x00000000   Code   RO         4122    .ARM.Collect$$libshutdown$$00000004  c_w.l(libshutdown2.o)
    0x08000202   0x08000202   0x00000000   Code   RO         4125    .ARM.Collect$$libshutdown$$00000007  c_w.l(libshutdown2.o)
    0x08000202   0x08000202   0x00000000   Code   RO         4128    .ARM.Collect$$libshutdown$$0000000A  c_w.l(libshutdown2.o)
    0x08000202   0x08000202   0x00000000   Code   RO         4130    .ARM.Collect$$libshutdown$$0000000C  c_w.l(libshutdown2.o)
    0x08000202   0x08000202   0x00000000   Code   RO         4133    .ARM.Collect$$libshutdown$$0000000F  c_w.l(libshutdown2.o)
    0x08000202   0x08000202   0x00000002   Code   RO         4134    .ARM.Collect$$libshutdown$$00000010  c_w.l(libshutdown2.o)
    0x08000204   0x08000204   0x00000000   Code   RO         3949    .ARM.Collect$$rtentry$$00000000  c_w.l(__rtentry.o)
    0x08000204   0x08000204   0x00000000   Code   RO         4041    .ARM.Collect$$rtentry$$00000002  c_w.l(__rtentry2.o)
    0x08000204   0x08000204   0x00000006   Code   RO         4053    .ARM.Collect$$rtentry$$00000004  c_w.l(__rtentry4.o)
    0x0800020a   0x0800020a   0x00000000   Code   RO         4043    .ARM.Collect$$rtentry$$00000009  c_w.l(__rtentry2.o)
    0x0800020a   0x0800020a   0x00000004   Code   RO         4044    .ARM.Collect$$rtentry$$0000000A  c_w.l(__rtentry2.o)
    0x0800020e   0x0800020e   0x00000000   Code   RO         4046    .ARM.Collect$$rtentry$$0000000C  c_w.l(__rtentry2.o)
    0x0800020e   0x0800020e   0x00000008   Code   RO         4047    .ARM.Collect$$rtentry$$0000000D  c_w.l(__rtentry2.o)
    0x08000216   0x08000216   0x00000002   Code   RO         4107    .ARM.Collect$$rtexit$$00000000  c_w.l(rtexit.o)
    0x08000218   0x08000218   0x00000000   Code   RO         4138    .ARM.Collect$$rtexit$$00000002  c_w.l(rtexit2.o)
    0x08000218   0x08000218   0x00000004   Code   RO         4139    .ARM.Collect$$rtexit$$00000003  c_w.l(rtexit2.o)
    0x0800021c   0x0800021c   0x00000006   Code   RO         4140    .ARM.Collect$$rtexit$$00000004  c_w.l(rtexit2.o)
    0x08000222   0x08000222   0x00000002   PAD
    0x08000224   0x08000224   0x00000034   Code   RO         1421    .text               cpu_a.o
    0x08000258   0x08000258   0x00000040   Code   RO         2568    .text               startup_stm32f405xx.o
    0x08000298   0x08000298   0x000000ee   Code   RO         3911    .text               c_w.l(lludivv7m.o)
    0x08000386   0x08000386   0x0000004e   Code   RO         3913    .text               c_w.l(rt_memclr_w.o)
    0x080003d4   0x080003d4   0x00000006   Code   RO         3915    .text               c_w.l(heapauxi.o)
    0x080003da   0x080003da   0x00000002   PAD
    0x080003dc   0x080003dc   0x00000008   Code   RO         4037    .text               c_w.l(libspace.o)
    0x080003e4   0x080003e4   0x00000002   Code   RO         4076    .text               c_w.l(use_no_semi.o)
    0x080003e6   0x080003e6   0x00000000   Code   RO         4078    .text               c_w.l(indicate_semi.o)
    0x080003e6   0x080003e6   0x0000004a   Code   RO         4079    .text               c_w.l(sys_stackheap_outer.o)
    0x08000430   0x08000430   0x00000012   Code   RO         4085    .text               c_w.l(exit.o)
    0x08000442   0x08000442   0x00000002   PAD
    0x08000444   0x08000444   0x0000000c   Code   RO         4105    .text               c_w.l(sys_exit.o)
    0x08000450   0x08000450   0x000000f8   Code   RO         2401    CODE                os_cpu_a.o
    0x08000548   0x08000548   0x00000004   Code   RO          493    i.BusFault_Handler  wit.o
    0x0800054c   0x0800054c   0x00000008   Code   RO         1260    i.CPU_Init          cpu_core.o
    0x08000554   0x08000554   0x00000014   Code   RO         1265    i.CPU_TS_Init       cpu_core.o
    0x08000568   0x08000568   0x0000000c   Code   RO         1267    i.CPU_TS_TmrFreqSet  cpu_core.o
    0x08000574   0x08000574   0x00000034   Code   RO         1220    i.CPU_TS_TmrInit    os_bsp.o
    0x080005a8   0x080005a8   0x0000000c   Code   RO         1221    i.CPU_TS_TmrRd      os_bsp.o
    0x080005b4   0x080005b4   0x00000028   Code   RO          770    i.DMA1_Stream0_IRQHandler  wdma.o
    0x080005dc   0x080005dc   0x00000028   Code   RO          771    i.DMA1_Stream1_IRQHandler  wdma.o
    0x08000604   0x08000604   0x00000028   Code   RO          772    i.DMA1_Stream2_IRQHandler  wdma.o
    0x0800062c   0x0800062c   0x00000028   Code   RO          773    i.DMA1_Stream3_IRQHandler  wdma.o
    0x08000654   0x08000654   0x00000028   Code   RO          774    i.DMA1_Stream4_IRQHandler  wdma.o
    0x0800067c   0x0800067c   0x00000028   Code   RO          775    i.DMA1_Stream5_IRQHandler  wdma.o
    0x080006a4   0x080006a4   0x00000028   Code   RO          776    i.DMA1_Stream6_IRQHandler  wdma.o
    0x080006cc   0x080006cc   0x00000028   Code   RO          777    i.DMA1_Stream7_IRQHandler  wdma.o
    0x080006f4   0x080006f4   0x00000028   Code   RO          778    i.DMA2_Stream0_IRQHandler  wdma.o
    0x0800071c   0x0800071c   0x00000028   Code   RO          779    i.DMA2_Stream1_IRQHandler  wdma.o
    0x08000744   0x08000744   0x00000028   Code   RO          780    i.DMA2_Stream2_IRQHandler  wdma.o
    0x0800076c   0x0800076c   0x00000028   Code   RO          781    i.DMA2_Stream3_IRQHandler  wdma.o
    0x08000794   0x08000794   0x00000028   Code   RO          782    i.DMA2_Stream4_IRQHandler  wdma.o
    0x080007bc   0x080007bc   0x00000028   Code   RO          783    i.DMA2_Stream5_IRQHandler  wdma.o
    0x080007e4   0x080007e4   0x00000028   Code   RO          784    i.DMA2_Stream6_IRQHandler  wdma.o
    0x0800080c   0x0800080c   0x00000028   Code   RO          785    i.DMA2_Stream7_IRQHandler  wdma.o
    0x08000834   0x08000834   0x00000034   Code   RO         3244    i.DMA_CalcBaseAndBitshift  stm32f4xx_hal_dma.o
    0x08000868   0x08000868   0x000000aa   Code   RO         3245    i.DMA_CheckFifoParam  stm32f4xx_hal_dma.o
    0x08000912   0x08000912   0x0000002c   Code   RO         3246    i.DMA_SetConfig     stm32f4xx_hal_dma.o
    0x0800093e   0x0800093e   0x00000002   Code   RO          494    i.DebugMon_Handler  wit.o
    0x08000940   0x08000940   0x00000018   Code   RO          389    i.EXTI0_IRQHandler  wgpio.o
    0x08000958   0x08000958   0x00000042   Code   RO          390    i.EXTI15_10_IRQHandler  wgpio.o
    0x0800099a   0x0800099a   0x00000018   Code   RO          391    i.EXTI1_IRQHandler  wgpio.o
    0x080009b2   0x080009b2   0x00000018   Code   RO          392    i.EXTI2_IRQHandler  wgpio.o
    0x080009ca   0x080009ca   0x00000018   Code   RO          393    i.EXTI3_IRQHandler  wgpio.o
    0x080009e2   0x080009e2   0x00000018   Code   RO          394    i.EXTI4_IRQHandler  wgpio.o
    0x080009fa   0x080009fa   0x00000034   Code   RO          395    i.EXTI9_5_IRQHandler  wgpio.o
    0x08000a2e   0x08000a2e   0x00000028   Code   RO         3248    i.HAL_DMA_Abort_IT  stm32f4xx_hal_dma.o
    0x08000a56   0x08000a56   0x00000002   PAD
    0x08000a58   0x08000a58   0x00000240   Code   RO         3252    i.HAL_DMA_IRQHandler  stm32f4xx_hal_dma.o
    0x08000c98   0x08000c98   0x000000ec   Code   RO         3253    i.HAL_DMA_Init      stm32f4xx_hal_dma.o
    0x08000d84   0x08000d84   0x0000009e   Code   RO         3257    i.HAL_DMA_Start_IT  stm32f4xx_hal_dma.o
    0x08000e22   0x08000e22   0x00000002   PAD
    0x08000e24   0x08000e24   0x000000bc   Code   RO          396    i.HAL_GPIO_EXTI_Callback  wgpio.o
    0x08000ee0   0x08000ee0   0x0000001c   Code   RO         2764    i.HAL_GPIO_EXTI_IRQHandler  stm32f4xx_hal_gpio.o
    0x08000efc   0x08000efc   0x00000200   Code   RO         2765    i.HAL_GPIO_Init     stm32f4xx_hal_gpio.o
    0x080010fc   0x080010fc   0x00000012   Code   RO         2768    i.HAL_GPIO_TogglePin  stm32f4xx_hal_gpio.o
    0x0800110e   0x0800110e   0x0000000c   Code   RO         2769    i.HAL_GPIO_WritePin  stm32f4xx_hal_gpio.o
    0x0800111a   0x0800111a   0x00000002   PAD
    0x0800111c   0x0800111c   0x0000000c   Code   RO         2587    i.HAL_GetREVID      stm32f4xx_hal.o
    0x08001128   0x08001128   0x0000000c   Code   RO         2588    i.HAL_GetTick       stm32f4xx_hal.o
    0x08001134   0x08001134   0x00000018   Code   RO         2594    i.HAL_IncTick       stm32f4xx_hal.o
    0x0800114c   0x0800114c   0x0000003c   Code   RO         2595    i.HAL_Init          stm32f4xx_hal.o
    0x08001188   0x08001188   0x0000004c   Code   RO         2596    i.HAL_InitTick      stm32f4xx_hal.o
    0x080011d4   0x080011d4   0x000000cc   Code   RO          559    i.HAL_MspInit       wsys.o
    0x080012a0   0x080012a0   0x00000024   Code   RO         3107    i.HAL_NVIC_ClearPendingIRQ  stm32f4xx_hal_cortex.o
    0x080012c4   0x080012c4   0x00000020   Code   RO         3109    i.HAL_NVIC_EnableIRQ  stm32f4xx_hal_cortex.o
    0x080012e4   0x080012e4   0x0000007c   Code   RO         3115    i.HAL_NVIC_SetPriority  stm32f4xx_hal_cortex.o
    0x08001360   0x08001360   0x00000028   Code   RO         3116    i.HAL_NVIC_SetPriorityGrouping  stm32f4xx_hal_cortex.o
    0x08001388   0x08001388   0x00000044   Code   RO         3117    i.HAL_NVIC_SystemReset  stm32f4xx_hal_cortex.o
    0x080013cc   0x080013cc   0x00000180   Code   RO         2949    i.HAL_RCC_ClockConfig  stm32f4xx_hal_rcc.o
    0x0800154c   0x0800154c   0x00000178   Code   RO         3055    i.HAL_RCC_DeInit    stm32f4xx_hal_rcc_ex.o
    0x080016c4   0x080016c4   0x0000000c   Code   RO         2952    i.HAL_RCC_EnableCSS  stm32f4xx_hal_rcc.o
    0x080016d0   0x080016d0   0x0000000c   Code   RO         2954    i.HAL_RCC_GetHCLKFreq  stm32f4xx_hal_rcc.o
    0x080016dc   0x080016dc   0x00000020   Code   RO         2956    i.HAL_RCC_GetPCLK1Freq  stm32f4xx_hal_rcc.o
    0x080016fc   0x080016fc   0x00000020   Code   RO         2957    i.HAL_RCC_GetPCLK2Freq  stm32f4xx_hal_rcc.o
    0x0800171c   0x0800171c   0x000000b0   Code   RO         2958    i.HAL_RCC_GetSysClockFreq  stm32f4xx_hal_rcc.o
    0x080017cc   0x080017cc   0x00000448   Code   RO         2961    i.HAL_RCC_OscConfig  stm32f4xx_hal_rcc.o
    0x08001c14   0x08001c14   0x00000028   Code   RO         3118    i.HAL_SYSTICK_CLKSourceConfig  stm32f4xx_hal_cortex.o
    0x08001c3c   0x08001c3c   0x00000034   Code   RO         3120    i.HAL_SYSTICK_Config  stm32f4xx_hal_cortex.o
    0x08001c70   0x08001c70   0x00000002   Code   RO         3530    i.HAL_UART_AbortReceiveCpltCallback  stm32f4xx_hal_uart.o
    0x08001c72   0x08001c72   0x00000002   PAD
    0x08001c74   0x08001c74   0x00000078   Code   RO         3531    i.HAL_UART_AbortReceive_IT  stm32f4xx_hal_uart.o
    0x08001cec   0x08001cec   0x00000002   Code   RO         3540    i.HAL_UART_ErrorCallback  stm32f4xx_hal_uart.o
    0x08001cee   0x08001cee   0x00000002   PAD
    0x08001cf0   0x08001cf0   0x0000014c   Code   RO         3543    i.HAL_UART_IRQHandler  stm32f4xx_hal_uart.o
    0x08001e3c   0x08001e3c   0x00000072   Code   RO         3544    i.HAL_UART_Init     stm32f4xx_hal_uart.o
    0x08001eae   0x08001eae   0x00000002   Code   RO         3546    i.HAL_UART_MspInit  stm32f4xx_hal_uart.o
    0x08001eb0   0x08001eb0   0x000000c4   Code   RO         3548    i.HAL_UART_Receive_DMA  stm32f4xx_hal_uart.o
    0x08001f74   0x08001f74   0x00000002   Code   RO         3550    i.HAL_UART_RxCpltCallback  stm32f4xx_hal_uart.o
    0x08001f76   0x08001f76   0x00000002   PAD
    0x08001f78   0x08001f78   0x0000004c   Code   RO          628    i.HAL_UART_RxCpltCallback_Idle  wuart.o
    0x08001fc4   0x08001fc4   0x00000002   Code   RO         3551    i.HAL_UART_RxHalfCpltCallback  stm32f4xx_hal_uart.o
    0x08001fc6   0x08001fc6   0x00000002   PAD
    0x08001fc8   0x08001fc8   0x0000009c   Code   RO         3553    i.HAL_UART_Transmit_DMA  stm32f4xx_hal_uart.o
    0x08002064   0x08002064   0x00000040   Code   RO          629    i.HAL_UART_TxCpltCallback  wuart.o
    0x080020a4   0x080020a4   0x00000002   Code   RO         3556    i.HAL_UART_TxHalfCpltCallback  stm32f4xx_hal_uart.o
    0x080020a6   0x080020a6   0x00000004   Code   RO          495    i.HardFault_Handler  wit.o
    0x080020aa   0x080020aa   0x00000002   PAD
    0x080020ac   0x080020ac   0x00000058   Code   RO            4    i.MainTask          main.o
    0x08002104   0x08002104   0x00000004   Code   RO          496    i.MemManage_Handler  wit.o
    0x08002108   0x08002108   0x00000002   Code   RO          497    i.NMI_Handler       wit.o
    0x0800210a   0x0800210a   0x00000002   Code   RO         1424    i.OSCfg_Init        os_cfg_app.o
    0x0800210c   0x0800210c   0x00000124   Code   RO         1444    i.OSInit            os_core.o
    0x08002230   0x08002230   0x00000034   Code   RO         2308    i.OSInitHook        os_cpu_c.o
    0x08002264   0x08002264   0x0000002c   Code   RO         1445    i.OSIntEnter        os_core.o
    0x08002290   0x08002290   0x000000d4   Code   RO         1446    i.OSIntExit         os_core.o
    0x08002364   0x08002364   0x00000084   Code   RO         1759    i.OSMutexCreate     os_mutex.o
    0x080023e8   0x080023e8   0x000001b8   Code   RO         1761    i.OSMutexPend       os_mutex.o
    0x080025a0   0x080025a0   0x00000150   Code   RO         1762    i.OSMutexPost       os_mutex.o
    0x080026f0   0x080026f0   0x0000009c   Code   RO         1447    i.OSSched           os_core.o
    0x0800278c   0x0800278c   0x00000080   Code   RO         1915    i.OSSemCreate       os_sem.o
    0x0800280c   0x0800280c   0x00000154   Code   RO         1917    i.OSSemPend         os_sem.o
    0x08002960   0x08002960   0x000000ba   Code   RO         1918    i.OSSemPost         os_sem.o
    0x08002a1a   0x08002a1a   0x0000004c   Code   RO         1919    i.OSSemSet          os_sem.o
    0x08002a66   0x08002a66   0x00000002   PAD
    0x08002a68   0x08002a68   0x00000098   Code   RO         1450    i.OSStart           os_core.o
    0x08002b00   0x08002b00   0x00000118   Code   RO         1969    i.OSStatReset       os_stat.o
    0x08002c18   0x08002c18   0x000000f4   Code   RO         1970    i.OSStatTaskCPUUsageInit  os_stat.o
    0x08002d0c   0x08002d0c   0x00000002   Code   RO         2309    i.OSStatTaskHook    os_cpu_c.o
    0x08002d0e   0x08002d0e   0x00000002   PAD
    0x08002d10   0x08002d10   0x00000144   Code   RO         2000    i.OSTaskCreate      os_task.o
    0x08002e54   0x08002e54   0x00000002   Code   RO         2310    i.OSTaskCreateHook  os_cpu_c.o
    0x08002e56   0x08002e56   0x00000002   PAD
    0x08002e58   0x08002e58   0x0000017c   Code   RO         2001    i.OSTaskDel         os_task.o
    0x08002fd4   0x08002fd4   0x00000002   Code   RO         2311    i.OSTaskDelHook     os_cpu_c.o
    0x08002fd6   0x08002fd6   0x00000100   Code   RO         2005    i.OSTaskResume      os_task.o
    0x080030d6   0x080030d6   0x00000002   Code   RO         2312    i.OSTaskReturnHook  os_cpu_c.o
    0x080030d8   0x080030d8   0x000000b4   Code   RO         2009    i.OSTaskStkChk      os_task.o
    0x0800318c   0x0800318c   0x000000d0   Code   RO         2313    i.OSTaskStkInit     os_cpu_c.o
    0x0800325c   0x0800325c   0x00000170   Code   RO         2010    i.OSTaskSuspend     os_task.o
    0x080033cc   0x080033cc   0x00000050   Code   RO         2314    i.OSTaskSwHook      os_cpu_c.o
    0x0800341c   0x0800341c   0x00000094   Code   RO         2154    i.OSTimeDly         os_time.o
    0x080034b0   0x080034b0   0x00000020   Code   RO         2157    i.OSTimeTick        os_time.o
    0x080034d0   0x080034d0   0x00000002   Code   RO         2315    i.OSTimeTickHook    os_cpu_c.o
    0x080034d2   0x080034d2   0x00000002   PAD
    0x080034d4   0x080034d4   0x000000ac   Code   RO         2184    i.OSTmrCreate       os_tmr.o
    0x08003580   0x08003580   0x0000003c   Code   RO         2186    i.OSTmrSet          os_tmr.o
    0x080035bc   0x080035bc   0x000000d8   Code   RO         2187    i.OSTmrStart        os_tmr.o
    0x08003694   0x08003694   0x0000002e   Code   RO         2316    i.OS_CPU_SysTickHandler  os_cpu_c.o
    0x080036c2   0x080036c2   0x00000002   PAD
    0x080036c4   0x080036c4   0x00000038   Code   RO         2317    i.OS_CPU_SysTickInit  os_cpu_c.o
    0x080036fc   0x080036fc   0x00000228   Code   RO         1606    i.OS_Dbg_Init       os_dbg.o
    0x08003924   0x08003924   0x0000003c   Code   RO         1452    i.OS_IdleTask       os_core.o
    0x08003960   0x08003960   0x00000070   Code   RO         1453    i.OS_IdleTaskInit   os_core.o
    0x080039d0   0x080039d0   0x00000018   Code   RO         1691    i.OS_MemInit        os_mem.o
    0x080039e8   0x080039e8   0x0000005c   Code   RO         1723    i.OS_MsgPoolInit    os_msg.o
    0x08003a44   0x08003a44   0x00000030   Code   RO         1764    i.OS_MutexDbgListAdd  os_mutex.o
    0x08003a74   0x08003a74   0x00000008   Code   RO         1766    i.OS_MutexGrpAdd    os_mutex.o
    0x08003a7c   0x08003a7c   0x0000005e   Code   RO         1767    i.OS_MutexGrpPostAll  os_mutex.o
    0x08003ada   0x08003ada   0x0000002a   Code   RO         1768    i.OS_MutexGrpPrioFindHighest  os_mutex.o
    0x08003b04   0x08003b04   0x0000001c   Code   RO         1769    i.OS_MutexGrpRemove  os_mutex.o
    0x08003b20   0x08003b20   0x00000040   Code   RO         1454    i.OS_Pend           os_core.o
    0x08003b60   0x08003b60   0x00000058   Code   RO         1456    i.OS_PendDbgNameAdd  os_core.o
    0x08003bb8   0x08003bb8   0x00000024   Code   RO         1457    i.OS_PendDbgNameRemove  os_core.o
    0x08003bdc   0x08003bdc   0x00000022   Code   RO         1458    i.OS_PendListChangePrio  os_core.o
    0x08003bfe   0x08003bfe   0x0000000a   Code   RO         1459    i.OS_PendListInit   os_core.o
    0x08003c08   0x08003c08   0x00000066   Code   RO         1460    i.OS_PendListInsertPrio  os_core.o
    0x08003c6e   0x08003c6e   0x0000004e   Code   RO         1461    i.OS_PendListRemove  os_core.o
    0x08003cbc   0x08003cbc   0x000000ac   Code   RO         1462    i.OS_Post           os_core.o
    0x08003d68   0x08003d68   0x00000028   Code   RO         1831    i.OS_PrioGetHighest  os_prio.o
    0x08003d90   0x08003d90   0x00000018   Code   RO         1832    i.OS_PrioInit       os_prio.o
    0x08003da8   0x08003da8   0x00000034   Code   RO         1833    i.OS_PrioInsert     os_prio.o
    0x08003ddc   0x08003ddc   0x00000034   Code   RO         1834    i.OS_PrioRemove     os_prio.o
    0x08003e10   0x08003e10   0x00000024   Code   RO         1463    i.OS_RdyListInit    os_core.o
    0x08003e34   0x08003e34   0x0000002c   Code   RO         1464    i.OS_RdyListInsert  os_core.o
    0x08003e60   0x08003e60   0x00000040   Code   RO         1465    i.OS_RdyListInsertHead  os_core.o
    0x08003ea0   0x08003ea0   0x0000003c   Code   RO         1466    i.OS_RdyListInsertTail  os_core.o
    0x08003edc   0x08003edc   0x0000005c   Code   RO         1468    i.OS_RdyListRemove  os_core.o
    0x08003f38   0x08003f38   0x00000030   Code   RO         1921    i.OS_SemDbgListAdd  os_sem.o
    0x08003f68   0x08003f68   0x00000340   Code   RO         1971    i.OS_StatTask       os_stat.o
    0x080042a8   0x080042a8   0x000000dc   Code   RO         1972    i.OS_StatTaskInit   os_stat.o
    0x08004384   0x08004384   0x00000030   Code   RO         1469    i.OS_TaskBlock      os_core.o
    0x080043b4   0x080043b4   0x000000e8   Code   RO         2011    i.OS_TaskChangePrio  os_task.o
    0x0800449c   0x0800449c   0x00000030   Code   RO         2012    i.OS_TaskDbgListAdd  os_task.o
    0x080044cc   0x080044cc   0x00000044   Code   RO         2013    i.OS_TaskDbgListRemove  os_task.o
    0x08004510   0x08004510   0x00000020   Code   RO         2014    i.OS_TaskInit       os_task.o
    0x08004530   0x08004530   0x000000a4   Code   RO         2015    i.OS_TaskInitTCB    os_task.o
    0x080045d4   0x080045d4   0x00000018   Code   RO         2016    i.OS_TaskReturn     os_task.o
    0x080045ec   0x080045ec   0x0000001c   Code   RO         2113    i.OS_TickInit       os_tick.o
    0x08004608   0x08004608   0x000000ac   Code   RO         2114    i.OS_TickListInsert  os_tick.o
    0x080046b4   0x080046b4   0x0000008c   Code   RO         2115    i.OS_TickListInsertDly  os_tick.o
    0x08004740   0x08004740   0x00000058   Code   RO         2116    i.OS_TickListRemove  os_tick.o
    0x08004798   0x08004798   0x0000013c   Code   RO         2117    i.OS_TickListUpdate  os_tick.o
    0x080048d4   0x080048d4   0x00000064   Code   RO         2118    i.OS_TickUpdate     os_tick.o
    0x08004938   0x08004938   0x00000040   Code   RO         2191    i.OS_TmrCondCreate  os_tmr.o
    0x08004978   0x08004978   0x00000060   Code   RO         2192    i.OS_TmrCondSignal  os_tmr.o
    0x080049d8   0x080049d8   0x0000012c   Code   RO         2193    i.OS_TmrCondWait    os_tmr.o
    0x08004b04   0x08004b04   0x00000028   Code   RO         2194    i.OS_TmrDbgListAdd  os_tmr.o
    0x08004b2c   0x08004b2c   0x00000120   Code   RO         2196    i.OS_TmrInit        os_tmr.o
    0x08004c4c   0x08004c4c   0x000000b8   Code   RO         2197    i.OS_TmrLink        os_tmr.o
    0x08004d04   0x08004d04   0x00000018   Code   RO         2198    i.OS_TmrLock        os_tmr.o
    0x08004d1c   0x08004d1c   0x00000114   Code   RO         2199    i.OS_TmrTask        os_tmr.o
    0x08004e30   0x08004e30   0x000000cc   Code   RO         2200    i.OS_TmrUnlink      os_tmr.o
    0x08004efc   0x08004efc   0x00000014   Code   RO         2201    i.OS_TmrUnlock      os_tmr.o
    0x08004f10   0x08004f10   0x00000002   Code   RO          498    i.SVC_Handler       wit.o
    0x08004f12   0x08004f12   0x0000000c   Code   RO          499    i.SysTick_Handler   wit.o
    0x08004f1e   0x08004f1e   0x00000002   PAD
    0x08004f20   0x08004f20   0x00000054   Code   RO         2408    i.SystemInit        system_stm32f4xx.o
    0x08004f74   0x08004f74   0x00000030   Code   RO          630    i.UART4_IRQHandler  wuart.o
    0x08004fa4   0x08004fa4   0x00000030   Code   RO          631    i.UART5_IRQHandler  wuart.o
    0x08004fd4   0x08004fd4   0x00000014   Code   RO         3557    i.UART_DMAAbortOnError  stm32f4xx_hal_uart.o
    0x08004fe8   0x08004fe8   0x00000050   Code   RO         3558    i.UART_DMAError     stm32f4xx_hal_uart.o
    0x08005038   0x08005038   0x00000046   Code   RO         3559    i.UART_DMAReceiveCplt  stm32f4xx_hal_uart.o
    0x0800507e   0x0800507e   0x0000000e   Code   RO         3561    i.UART_DMARxHalfCplt  stm32f4xx_hal_uart.o
    0x0800508c   0x0800508c   0x00000018   Code   RO         3562    i.UART_DMARxOnlyAbortCallback  stm32f4xx_hal_uart.o
    0x080050a4   0x080050a4   0x00000036   Code   RO         3563    i.UART_DMATransmitCplt  stm32f4xx_hal_uart.o
    0x080050da   0x080050da   0x0000000e   Code   RO         3565    i.UART_DMATxHalfCplt  stm32f4xx_hal_uart.o
    0x080050e8   0x080050e8   0x00000020   Code   RO         3567    i.UART_EndRxTransfer  stm32f4xx_hal_uart.o
    0x08005108   0x08005108   0x00000020   Code   RO         3568    i.UART_EndTransmit_IT  stm32f4xx_hal_uart.o
    0x08005128   0x08005128   0x00000014   Code   RO         3569    i.UART_EndTxTransfer  stm32f4xx_hal_uart.o
    0x0800513c   0x0800513c   0x000000a6   Code   RO         3570    i.UART_Receive_IT   stm32f4xx_hal_uart.o
    0x080051e2   0x080051e2   0x00000002   PAD
    0x080051e4   0x080051e4   0x00000368   Code   RO         3571    i.UART_SetConfig    stm32f4xx_hal_uart.o
    0x0800554c   0x0800554c   0x00000068   Code   RO         3572    i.UART_Transmit_IT  stm32f4xx_hal_uart.o
    0x080055b4   0x080055b4   0x00000030   Code   RO          632    i.USART1_IRQHandler  wuart.o
    0x080055e4   0x080055e4   0x00000030   Code   RO          633    i.USART2_IRQHandler  wuart.o
    0x08005614   0x08005614   0x00000030   Code   RO          634    i.USART3_IRQHandler  wuart.o
    0x08005644   0x08005644   0x00000030   Code   RO          635    i.USART6_IRQHandler  wuart.o
    0x08005674   0x08005674   0x00000004   Code   RO          500    i.UsageFault_Handler  wit.o
    0x08005678   0x08005678   0x00000010   Code   RO         3122    i.__NVIC_GetPriorityGrouping  stm32f4xx_hal_cortex.o
    0x08005688   0x08005688   0x00000028   Code   RO         3123    i.__NVIC_SetPriority  stm32f4xx_hal_cortex.o
    0x080056b0   0x080056b0   0x00000088   Code   RO            5    i.main              main.o
    0x08005738   0x08005738   0x000001d4   Code   RO          786    i.wDma_Init         wdma.o
    0x0800590c   0x0800590c   0x00000350   Code   RO          398    i.wGpio_Init        wgpio.o
    0x08005c5c   0x08005c5c   0x000000ac   Code   RO          399    i.wGpio_putInit     wgpio.o
    0x08005d08   0x08005d08   0x00000058   Code   RO          401    i.wGpio_putWrite    wgpio.o
    0x08005d60   0x08005d60   0x000000b4   Code   RO          234    i.wLed_IdInit       wled.o
    0x08005e14   0x08005e14   0x00000048   Code   RO          236    i.wLed_SetIdStatus  wled.o
    0x08005e5c   0x08005e5c   0x000000ec   Code   RO          238    i.wLed_TmrOff       wled.o
    0x08005f48   0x08005f48   0x00000094   Code   RO          239    i.wLed_TmrOn        wled.o
    0x08005fdc   0x08005fdc   0x00000098   Code   RO          298    i.wSerial_Init      wserial.o
    0x08006074   0x08006074   0x00000088   Code   RO          301    i.wSerial_Receive   wserial.o
    0x080060fc   0x080060fc   0x00000044   Code   RO          302    i.wSerial_RxIdleIRQHandler  wserial.o
    0x08006140   0x08006140   0x00000058   Code   RO          303    i.wSerial_Transmit  wserial.o
    0x08006198   0x08006198   0x0000003c   Code   RO          305    i.wSerial_TxIRQHandler  wserial.o
    0x080061d4   0x080061d4   0x0000011c   Code   RO          560    i.wSys_ClockConfig  wsys.o
    0x080062f0   0x080062f0   0x00000008   Code   RO          562    i.wSys_GetClkFreq   wsys.o
    0x080062f8   0x080062f8   0x00000012   Code   RO          565    i.wSys_TmrReset     wsys.o
    0x0800630a   0x0800630a   0x00000002   PAD
    0x0800630c   0x0800630c   0x00000038   Code   RO          636    i.wUart_AbortReceive  wuart.o
    0x08006344   0x08006344   0x00000048   Code   RO          637    i.wUart_CSSEnable   wuart.o
    0x0800638c   0x0800638c   0x000001c8   Code   RO          639    i.wUart_DMAInit     wuart.o
    0x08006554   0x08006554   0x00000054   Code   RO          640    i.wUart_DMAReceive  wuart.o
    0x080065a8   0x080065a8   0x0000001c   Code   RO          641    i.wUart_DMATransmit  wuart.o
    0x080065c4   0x080065c4   0x00000334   Code   RO          644    i.wUart_Init        wuart.o
    0x080068f8   0x080068f8   0x00000040   Code   RO          645    i.wUart_List        wuart.o
    0x08006938   0x08006938   0x0000000c   Code   RO          646    i.wUart_SetCallback  wuart.o
    0x08006944   0x08006944   0x00000064   Data   RO         1426    .constdata          os_cfg_app.o
    0x080069a8   0x080069a8   0x00000168   Data   RO         1607    .constdata          os_dbg.o
    0x08006b10   0x08006b10   0x00000018   Data   RO         2409    .constdata          system_stm32f4xx.o
    0x08006b28   0x08006b28   0x00000008   Data   RO         3259    .constdata          stm32f4xx_hal_dma.o
    0x08006b30   0x08006b30   0x00000020   Data   RO         4163    Region$$Table       anon$$obj.o


    Execution Region RW_IRAM1 (Exec base: 0x20000000, Load base: 0x08006b50, Size: 0x00003cf8, Max: 0x00020000, ABSOLUTE)

    Exec Addr    Load Addr    Size         Type   Attr      Idx    E Section Name        Object

    0x20000000   0x08006b50   0x00000004   Data   RW          648    .data               wuart.o
    0x20000004   0x08006b54   0x00000004   Data   RW         1270    .data               cpu_core.o
    0x20000008   0x08006b58   0x000000a4   Data   RW         2294    .data               os_var.o
    0x200000ac   0x08006bfc   0x00000008   Data   RW         2319    .data               os_cpu_c.o
    0x200000b4   0x08006c04   0x00000004   Data   RW         2410    .data               system_stm32f4xx.o
    0x200000b8   0x08006c08   0x00000009   Data   RW         2602    .data               stm32f4xx_hal.o
    0x200000c1   0x08006c11   0x00000007   PAD
    0x200000c8        -       0x0000069c   Zero   RW            6    .bss                main.o
    0x20000764        -       0x000000d8   Zero   RW          240    .bss                wled.o
    0x2000083c        -       0x00000438   Zero   RW          306    .bss                wserial.o
    0x20000c74        -       0x00000040   Zero   RW          402    .bss                wgpio.o
    0x20000cb4        -       0x00000030   Zero   RW          566    .bss                wsys.o
    0x20000ce4        -       0x0000001c   Zero   RW          647    .bss                wuart.o
    0x20000d00        -       0x00000040   Zero   RW          787    .bss                wdma.o
    0x20000d40        -       0x00001200   Zero   RW         1425    .bss                os_cfg_app.o
    0x20001f40        -       0x00000558   Zero   RW         2293    .bss                os_var.o
    0x20002498        -       0x00000060   Zero   RW         4038    .bss                c_w.l(libspace.o)
    0x200024f8        -       0x00000800   Zero   RW         2566    HEAP                startup_stm32f405xx.o
    0x20002cf8        -       0x00001000   Zero   RW         2565    STACK               startup_stm32f405xx.o


==============================================================================

Image component sizes


      Code (inc. data)   RO Data    RW Data    ZI Data      Debug   Object Name

        52          0          0          0          0        448   cpu_a.o
        40         12          0          4          0       4194   cpu_core.o
       224         36          0          0       1692     642458   main.o
         0          0          0          0          0      26140   os_app_hooks.o
        64         14          0          0          0       1188   os_bsp.o
         2          0        100          0       4608      17595   os_cfg_app.o
      1956        302          0          0          0      16099   os_core.o
       248          4          0          0          0        504   os_cpu_a.o
       452         38          0          8          0      25243   os_cpu_c.o
       552        268        360          0          0       5089   os_dbg.o
        24         10          0          0          0       1097   os_mem.o
        92         12          0          0          0       1265   os_msg.o
      1128         40          0          0          0       7272   os_mutex.o
       168         18          0          0          0       2466   os_prio.o
       778         28          0          0          0       5156   os_sem.o
      1576        222          0          0          0       4495   os_stat.o
      2076        138          0          0          0      10443   os_task.o
       844         52          0          0          0       5797   os_tick.o
       180         14          0          0          0       1917   os_time.o
      1944        260          0          0          0      11019   os_tmr.o
         0          0          0        164       1368      16310   os_var.o
        64         26        392          0       6144        984   startup_stm32f405xx.o
       184         36          0          9          0       4832   stm32f4xx_hal.o
       448         36          0          0          0      37071   stm32f4xx_hal_cortex.o
      1276         16          8          0          0     544434   stm32f4xx_hal_dma.o
       570         50          0          0          0       3816   stm32f4xx_hal_gpio.o
      1744         88          0          0          0       6436   stm32f4xx_hal_rcc.o
       376         20          0          0          0        901   stm32f4xx_hal_rcc_ex.o
      2432         44          0          0          0      17258   stm32f4xx_hal_uart.o
        84         16         24          4          0     586583   system_stm32f4xx.o
      1108        118          0          0         64      11046   wdma.o
      1534        118          0          0         64       8742   wgpio.o
        34          0          0          0          0       3981   wit.o
       636         74          0          0        216       4133   wled.o
       504         62          0          0       1080       7882   wserial.o
       514         36          0          0         48       3565   wsys.o
      2020        122          0          4         28      12266   wuart.o

    ----------------------------------------------------------------------
     25960       2330        916        196      15316    2060125   Object Totals
         0          0         32          0          0          0   (incl. Generated)
        32          0          0          3          4          0   (incl. Padding)

    ----------------------------------------------------------------------

      Code (inc. data)   RO Data    RW Data    ZI Data      Debug   Library Member Name

         8          0          0          0          0         68   __main.o
         0          0          0          0          0          0   __rtentry.o
        12          0          0          0          0          0   __rtentry2.o
         6          0          0          0          0          0   __rtentry4.o
        52          8          0          0          0          0   __scatter.o
        26          0          0          0          0          0   __scatter_copy.o
        28          0          0          0          0          0   __scatter_zi.o
        18          0          0          0          0         80   exit.o
         6          0          0          0          0        152   heapauxi.o
         0          0          0          0          0          0   indicate_semi.o
         2          0          0          0          0          0   libinit.o
         2          0          0          0          0          0   libinit2.o
         2          0          0          0          0          0   libshutdown.o
         2          0          0          0          0          0   libshutdown2.o
         8          4          0          0         96         68   libspace.o
       238          0          0          0          0        100   lludivv7m.o
        78          0          0          0          0         80   rt_memclr_w.o
         2          0          0          0          0          0   rtexit.o
        10          0          0          0          0          0   rtexit2.o
        12          4          0          0          0         68   sys_exit.o
        74          0          0          0          0         80   sys_stackheap_outer.o
         2          0          0          0          0         68   use_no_semi.o

    ----------------------------------------------------------------------
       596         16          0          0         96        764   Library Totals
         8          0          0          0          0          0   (incl. Padding)

    ----------------------------------------------------------------------

      Code (inc. data)   RO Data    RW Data    ZI Data      Debug   Library Name

       588         16          0          0         96        764   c_w.l

    ----------------------------------------------------------------------
       596         16          0          0         96        764   Library Totals

    ----------------------------------------------------------------------

==============================================================================


      Code (inc. data)   RO Data    RW Data    ZI Data      Debug   

     26556       2346        916        196      15412    2049549   Grand Totals
     26556       2346        916        196      15412    2049549   ELF Image Totals
     26556       2346        916        196          0          0   ROM Totals

==============================================================================

    Total RO  Size (Code + RO Data)                27472 (  26.83kB)
    Total RW  Size (RW Data + ZI Data)             15608 (  15.24kB)
    Total ROM Size (Code + RO Data + RW Data)      27668 (  27.02kB)

==============================================================================

