Component: ARM Compiler 5.06 update 6 (build 750) Tool: armlink [4d35ed]

==============================================================================

Section Cross References

    main.o(i.MainTask) refers to cpu_core.o(i.CPU_Init) for CPU_Init
    main.o(i.MainTask) refers to os_stat.o(i.OSStatTaskCPUUsageInit) for OSStatTaskCPUUsageInit
    main.o(i.MainTask) refers to wled.o(i.wLed_IdInit) for wLed_IdInit
    main.o(i.MainTask) refers to os_time.o(i.OSTimeDly) for OSTimeDly
    main.o(i.main) refers to wsys.o(i.wSys_ClockConfig) for wSys_ClockConfig
    main.o(i.main) refers to wsys.o(i.wSys_GetClkFreq) for wSys_GetClkFreq
    main.o(i.main) refers to os_cpu_c.o(i.OS_CPU_SysTickInit) for OS_CPU_SysTickInit
    main.o(i.main) refers to os_core.o(i.OSInit) for OSInit
    main.o(i.main) refers to os_task.o(i.OSTaskCreate) for OSTaskCreate
    main.o(i.main) refers to os_core.o(i.OSStart) for OSStart
    main.o(i.main) refers to startup_stm32f405xx.o(RESET) for __Vectors
    main.o(i.main) refers to main.o(.bss) for Main_TaskStk
    main.o(i.main) refers to main.o(i.MainTask) for MainTask
    wled.o(i.wLed_IdInit) refers to os_tmr.o(i.OSTmrCreate) for OSTmrCreate
    wled.o(i.wLed_IdInit) refers to wgpio.o(i.wGpio_putInit) for wGpio_putInit
    wled.o(i.wLed_IdInit) refers to wled.o(i.wLed_SetIdStatus) for wLed_SetIdStatus
    wled.o(i.wLed_IdInit) refers to wled.o(.bss) for led
    wled.o(i.wLed_IdInit) refers to wled.o(i.wLed_TmrOn) for wLed_TmrOn
    wled.o(i.wLed_IdInit) refers to wled.o(i.wLed_TmrOff) for wLed_TmrOff
    wled.o(i.wLed_Init) refers to os_tmr.o(i.OSTmrCreate) for OSTmrCreate
    wled.o(i.wLed_Init) refers to wgpio.o(i.wGpio_putInit) for wGpio_putInit
    wled.o(i.wLed_Init) refers to wled.o(i.wLed_SetStatus) for wLed_SetStatus
    wled.o(i.wLed_Init) refers to wled.o(i.wLed_TmrOn) for wLed_TmrOn
    wled.o(i.wLed_Init) refers to wled.o(i.wLed_TmrOff) for wLed_TmrOff
    wled.o(i.wLed_SetIdStatus) refers to wled.o(i.wLed_TmrOn) for wLed_TmrOn
    wled.o(i.wLed_SetIdStatus) refers to wled.o(.bss) for led
    wled.o(i.wLed_SetStatus) refers to wled.o(i.wLed_TmrOn) for wLed_TmrOn
    wled.o(i.wLed_TmrOff) refers to wgpio.o(i.wGpio_putWrite) for wGpio_putWrite
    wled.o(i.wLed_TmrOff) refers to os_tmr.o(i.OSTmrSet) for OSTmrSet
    wled.o(i.wLed_TmrOff) refers to os_tmr.o(i.OSTmrStart) for OSTmrStart
    wled.o(i.wLed_TmrOff) refers to wled.o(i.wLed_TmrOn) for wLed_TmrOn
    wled.o(i.wLed_TmrOn) refers to wgpio.o(i.wGpio_putWrite) for wGpio_putWrite
    wled.o(i.wLed_TmrOn) refers to os_tmr.o(i.OSTmrSet) for OSTmrSet
    wled.o(i.wLed_TmrOn) refers to os_tmr.o(i.OSTmrStart) for OSTmrStart
    wled.o(i.wLed_TmrOn) refers to wled.o(i.wLed_TmrOff) for wLed_TmrOff
    wgpio.o(i.EXTI0_IRQHandler) refers to os_core.o(i.OSIntEnter) for OSIntEnter
    wgpio.o(i.EXTI0_IRQHandler) refers to stm32f4xx_hal_gpio.o(i.HAL_GPIO_EXTI_IRQHandler) for HAL_GPIO_EXTI_IRQHandler
    wgpio.o(i.EXTI0_IRQHandler) refers to stm32f4xx_hal_cortex.o(i.HAL_NVIC_ClearPendingIRQ) for HAL_NVIC_ClearPendingIRQ
    wgpio.o(i.EXTI0_IRQHandler) refers to os_core.o(i.OSIntExit) for OSIntExit
    wgpio.o(i.EXTI15_10_IRQHandler) refers to os_core.o(i.OSIntEnter) for OSIntEnter
    wgpio.o(i.EXTI15_10_IRQHandler) refers to stm32f4xx_hal_gpio.o(i.HAL_GPIO_EXTI_IRQHandler) for HAL_GPIO_EXTI_IRQHandler
    wgpio.o(i.EXTI15_10_IRQHandler) refers to stm32f4xx_hal_cortex.o(i.HAL_NVIC_ClearPendingIRQ) for HAL_NVIC_ClearPendingIRQ
    wgpio.o(i.EXTI15_10_IRQHandler) refers to os_core.o(i.OSIntExit) for OSIntExit
    wgpio.o(i.EXTI1_IRQHandler) refers to os_core.o(i.OSIntEnter) for OSIntEnter
    wgpio.o(i.EXTI1_IRQHandler) refers to stm32f4xx_hal_gpio.o(i.HAL_GPIO_EXTI_IRQHandler) for HAL_GPIO_EXTI_IRQHandler
    wgpio.o(i.EXTI1_IRQHandler) refers to stm32f4xx_hal_cortex.o(i.HAL_NVIC_ClearPendingIRQ) for HAL_NVIC_ClearPendingIRQ
    wgpio.o(i.EXTI1_IRQHandler) refers to os_core.o(i.OSIntExit) for OSIntExit
    wgpio.o(i.EXTI2_IRQHandler) refers to os_core.o(i.OSIntEnter) for OSIntEnter
    wgpio.o(i.EXTI2_IRQHandler) refers to stm32f4xx_hal_gpio.o(i.HAL_GPIO_EXTI_IRQHandler) for HAL_GPIO_EXTI_IRQHandler
    wgpio.o(i.EXTI2_IRQHandler) refers to stm32f4xx_hal_cortex.o(i.HAL_NVIC_ClearPendingIRQ) for HAL_NVIC_ClearPendingIRQ
    wgpio.o(i.EXTI2_IRQHandler) refers to os_core.o(i.OSIntExit) for OSIntExit
    wgpio.o(i.EXTI3_IRQHandler) refers to os_core.o(i.OSIntEnter) for OSIntEnter
    wgpio.o(i.EXTI3_IRQHandler) refers to stm32f4xx_hal_gpio.o(i.HAL_GPIO_EXTI_IRQHandler) for HAL_GPIO_EXTI_IRQHandler
    wgpio.o(i.EXTI3_IRQHandler) refers to stm32f4xx_hal_cortex.o(i.HAL_NVIC_ClearPendingIRQ) for HAL_NVIC_ClearPendingIRQ
    wgpio.o(i.EXTI3_IRQHandler) refers to os_core.o(i.OSIntExit) for OSIntExit
    wgpio.o(i.EXTI4_IRQHandler) refers to os_core.o(i.OSIntEnter) for OSIntEnter
[...]
    i.HAL_RCC_OscConfig                      0x0800100c   Section        0  stm32f4xx_hal_rcc.o(i.HAL_RCC_OscConfig)
    i.HAL_SYSTICK_CLKSourceConfig            0x08001454   Section        0  stm32f4xx_hal_cortex.o(i.HAL_SYSTICK_CLKSourceConfig)
    i.HAL_SYSTICK_Config                     0x0800147c   Section        0  stm32f4xx_hal_cortex.o(i.HAL_SYSTICK_Config)
    i.HardFault_Handler                      0x080014b0   Section        0  wit.o(i.HardFault_Handler)
    i.MainTask                               0x080014b4   Section        0  main.o(i.MainTask)
    MainTask                                 0x080014b5   Thumb Code    58  main.o(i.MainTask)
    i.MemManage_Handler                      0x080014ee   Section        0  wit.o(i.MemManage_Handler)
    i.NMI_Handler                            0x080014f2   Section        0  wit.o(i.NMI_Handler)
    i.OSCfg_Init                             0x080014f4   Section        0  os_cfg_app.o(i.OSCfg_Init)
    i.OSInit                                 0x080014f8   Section        0  os_core.o(i.OSInit)
    i.OSInitHook                             0x0800161c   Section        0  os_cpu_c.o(i.OSInitHook)
    i.OSIntEnter                             0x08001650   Section        0  os_core.o(i.OSIntEnter)
    i.OSIntExit                              0x0800167c   Section        0  os_core.o(i.OSIntExit)
    i.OSMutexCreate                          0x08001750   Section        0  os_mutex.o(i.OSMutexCreate)
    i.OSMutexPend                            0x080017d4   Section        0  os_mutex.o(i.OSMutexPend)
    i.OSMutexPost                            0x0800198c   Section        0  os_mutex.o(i.OSMutexPost)
    i.OSSched                                0x08001adc   Section        0  os_core.o(i.OSSched)
    i.OSStart                                0x08001b78   Section        0  os_core.o(i.OSStart)
    i.OSStatReset                            0x08001c10   Section        0  os_stat.o(i.OSStatReset)
    i.OSStatTaskCPUUsageInit                 0x08001d28   Section        0  os_stat.o(i.OSStatTaskCPUUsageInit)
    i.OSStatTaskHook                         0x08001e1c   Section        0  os_cpu_c.o(i.OSStatTaskHook)
    i.OSTaskCreate                           0x08001e20   Section        0  os_task.o(i.OSTaskCreate)
    i.OSTaskCreateHook                       0x08001f64   Section        0  os_cpu_c.o(i.OSTaskCreateHook)
    i.OSTaskDel                              0x08001f68   Section        0  os_task.o(i.OSTaskDel)
    i.OSTaskDelHook                          0x080020e4   Section        0  os_cpu_c.o(i.OSTaskDelHook)
    i.OSTaskResume                           0x080020e6   Section        0  os_task.o(i.OSTaskResume)
    i.OSTaskReturnHook                       0x080021e6   Section        0  os_cpu_c.o(i.OSTaskReturnHook)
    i.OSTaskStkChk                           0x080021e8   Section        0  os_task.o(i.OSTaskStkChk)
    i.OSTaskStkInit                          0x0800229c   Section        0  os_cpu_c.o(i.OSTaskStkInit)
    i.OSTaskSuspend                          0x0800236c   Section        0  os_task.o(i.OSTaskSuspend)
    i.OSTaskSwHook                           0x080024dc   Section        0  os_cpu_c.o(i.OSTaskSwHook)
    i.OSTimeDly                              0x0800252c   Section        0  os_time.o(i.OSTimeDly)
    i.OSTimeTick                             0x080025c0   Section        0  os_time.o(i.OSTimeTick)
    i.OSTimeTickHook                         0x080025e0   Section        0  os_cpu_c.o(i.OSTimeTickHook)
    i.OSTmrCreate                            0x080025e4   Section        0  os_tmr.o(i.OSTmrCreate)
    i.OSTmrSet                               0x08002690   Section        0  os_tmr.o(i.OSTmrSet)
    i.OSTmrStart                             0x080026cc   Section        0  os_tmr.o(i.OSTmrStart)
    i.OS_CPU_SysTickHandler                  0x080027a4   Section        0  os_cpu_c.o(i.OS_CPU_SysTickHandler)
    i.OS_CPU_SysTickInit                     0x080027d4   Section        0  os_cpu_c.o(i.OS_CPU_SysTickInit)
    i.OS_Dbg_Init                            0x0800280c   Section        0  os_dbg.o(i.OS_Dbg_Init)
    i.OS_IdleTask                            0x08002a34   Section        0  os_core.o(i.OS_IdleTask)
    i.OS_IdleTaskInit                        0x08002a70   Section        0  os_core.o(i.OS_IdleTaskInit)
    i.OS_MemInit                             0x08002ae0   Section        0  os_mem.o(i.OS_MemInit)
    i.OS_MsgPoolInit                         0x08002af8   Section        0  os_msg.o(i.OS_MsgPoolInit)
    i.OS_MutexDbgListAdd                     0x08002b54   Section        0  os_mutex.o(i.OS_MutexDbgListAdd)
    i.OS_MutexGrpAdd                         0x08002b84   Section        0  os_mutex.o(i.OS_MutexGrpAdd)
    i.OS_MutexGrpPostAll                     0x08002b8c   Section        0  os_mutex.o(i.OS_MutexGrpPostAll)
    i.OS_MutexGrpPrioFindHighest             0x08002bea   Section        0  os_mutex.o(i.OS_MutexGrpPrioFindHighest)
    i.OS_MutexGrpRemove                      0x08002c14   Section        0  os_mutex.o(i.OS_MutexGrpRemove)
    i.OS_Pend                                0x08002c30   Section        0  os_core.o(i.OS_Pend)
    i.OS_PendDbgNameAdd                      0x08002c70   Section        0  os_core.o(i.OS_PendDbgNameAdd)
    i.OS_PendDbgNameRemove                   0x08002cc8   Section        0  os_core.o(i.OS_PendDbgNameRemove)
    i.OS_PendListChangePrio                  0x08002cec   Section        0  os_core.o(i.OS_PendListChangePrio)
    i.OS_PendListInit                        0x08002d0e   Section        0  os_core.o(i.OS_PendListInit)
    i.OS_PendListInsertPrio                  0x08002d18   Section        0  os_core.o(i.OS_PendListInsertPrio)
    i.OS_PendListRemove                      0x08002d7e   Section        0  os_core.o(i.OS_PendListRemove)
    i.OS_Post                                0x08002dcc   Section        0  os_core.o(i.OS_Post)
    i.OS_PrioGetHighest                      0x08002e78   Section        0  os_prio.o(i.OS_PrioGetHighest)
    i.OS_PrioInit                            0x08002ea0   Section        0  os_prio.o(i.OS_PrioInit)
    i.OS_PrioInsert                          0x08002eb8   Section        0  os_prio.o(i.OS_PrioInsert)
    i.OS_PrioRemove                          0x08002eec   Section        0  os_prio.o(i.OS_PrioRemove)
    i.OS_RdyListInit                         0x08002f20   Section        0  os_core.o(i.OS_RdyListInit)
    i.OS_RdyListInsert                       0x08002f44   Section        0  os_core.o(i.OS_RdyListInsert)
    i.OS_RdyListInsertHead                   0x08002f70   Section        0  os_core.o(i.OS_RdyListInsertHead)
    i.OS_RdyListInsertTail                   0x08002fb0   Section        0  os_core.o(i.OS_RdyListInsertTail)
    i.OS_RdyListRemove                       0x08002fec   Section        0  os_core.o(i.OS_RdyListRemove)
    i.OS_StatTask                            0x08003048   Section        0  os_stat.o(i.OS_StatTask)
    i.OS_StatTaskInit                        0x08003388   Section        0  os_stat.o(i.OS_StatTaskInit)
    i.OS_TaskBlock                           0x08003464   Section        0  os_core.o(i.OS_TaskBlock)
    i.OS_TaskChangePrio                      0x08003494   Section        0  os_task.o(i.OS_TaskChangePrio)
    i.OS_TaskDbgListAdd                      0x0800357c   Section        0  os_task.o(i.OS_TaskDbgListAdd)
    i.OS_TaskDbgListRemove                   0x080035ac   Section        0  os_task.o(i.OS_TaskDbgListRemove)
    i.OS_TaskInit                            0x080035f0   Section        0  os_task.o(i.OS_TaskInit)
    i.OS_TaskInitTCB                         0x08003610   Section        0  os_task.o(i.OS_TaskInitTCB)
    i.OS_TaskReturn                          0x080036b4   Section        0  os_task.o(i.OS_TaskReturn)
    i.OS_TickInit                            0x080036cc   Section        0  os_tick.o(i.OS_TickInit)
    i.OS_TickListInsert                      0x080036e8   Section        0  os_tick.o(i.OS_TickListInsert)
    i.OS_TickListInsertDly                   0x08003794   Section        0  os_tick.o(i.OS_TickListInsertDly)
    i.OS_TickListRemove                      0x08003820   Section        0  os_tick.o(i.OS_TickListRemove)
    i.OS_TickListUpdate                      0x08003878   Section        0  os_tick.o(i.OS_TickListUpdate)
    OS_TickListUpdate                        0x08003879   Thumb Code   310  os_tick.o(i.OS_TickListUpdate)
    i.OS_TickUpdate                          0x080039b4   Section        0  os_tick.o(i.OS_TickUpdate)
    i.OS_TmrCondCreate                       0x08003a18   Section        0  os_tmr.o(i.OS_TmrCondCreate)
    OS_TmrCondCreate                         0x08003a19   Thumb Code    52  os_tmr.o(i.OS_TmrCondCreate)
    i.OS_TmrCondSignal                       0x08003a58   Section        0  os_tmr.o(i.OS_TmrCondSignal)
    OS_TmrCondSignal                         0x08003a59   Thumb Code    84  os_tmr.o(i.OS_TmrCondSignal)
    i.OS_TmrCondWait                         0x08003ab8   Section        0  os_tmr.o(i.OS_TmrCondWait)
    OS_TmrCondWait                           0x08003ab9   Thumb Code   282  os_tmr.o(i.OS_TmrCondWait)
    i.OS_TmrDbgListAdd                       0x08003be4   Section        0  os_tmr.o(i.OS_TmrDbgListAdd)
    i.OS_TmrInit                             0x08003c0c   Section        0  os_tmr.o(i.OS_TmrInit)
    i.OS_TmrLink                             0x08003d2c   Section        0  os_tmr.o(i.OS_TmrLink)
    i.OS_TmrLock                             0x08003de4   Section        0  os_tmr.o(i.OS_TmrLock)
    OS_TmrLock                               0x08003de5   Thumb Code    20  os_tmr.o(i.OS_TmrLock)
    i.OS_TmrTask                             0x08003dfc   Section        0  os_tmr.o(i.OS_TmrTask)
    i.OS_TmrUnlink                           0x08003f10   Section        0  os_tmr.o(i.OS_TmrUnlink)
    i.OS_TmrUnlock                           0x08003fdc   Section        0  os_tmr.o(i.OS_TmrUnlock)
    OS_TmrUnlock                             0x08003fdd   Thumb Code    14  os_tmr.o(i.OS_TmrUnlock)
    i.SVC_Handler                            0x08003ff0   Section        0  wit.o(i.SVC_Handler)
    i.SysTick_Handler                        0x08003ff2   Section        0  wit.o(i.SysTick_Handler)
    i.SystemInit                             0x08004000   Section        0  system_stm32f4xx.o(i.SystemInit)
    i.UsageFault_Handler                     0x08004054   Section        0  wit.o(i.UsageFault_Handler)
    i.__NVIC_GetPriorityGrouping             0x08004058   Section        0  stm32f4xx_hal_cortex.o(i.__NVIC_GetPriorityGrouping)
    __NVIC_GetPriorityGrouping               0x08004059   Thumb Code    10  stm32f4xx_hal_cortex.o(i.__NVIC_GetPriorityGrouping)
    i.__NVIC_SetPriority                     0x08004068   Section        0  stm32f4xx_hal_cortex.o(i.__NVIC_SetPriority)
    __NVIC_SetPriority                       0x08004069   Thumb Code    32  stm32f4xx_hal_cortex.o(i.__NVIC_SetPriority)
    i.main                                   0x08004090   Section        0  main.o(i.main)
    i.wGpio_Init                             0x08004118   Section        0  wgpio.o(i.wGpio_Init)
    i.wGpio_putInit                          0x08004468   Section        0  wgpio.o(i.wGpio_putInit)
    i.wGpio_putWrite                         0x08004514   Section        0  wgpio.o(i.wGpio_putWrite)
    i.wLed_IdInit                            0x0800456c   Section        0  wled.o(i.wLed_IdInit)
    i.wLed_SetIdStatus                       0x08004620   Section        0  wled.o(i.wLed_SetIdStatus)
    i.wLed_TmrOff                            0x08004668   Section        0  wled.o(i.wLed_TmrOff)
    wLed_TmrOff                              0x08004669   Thumb Code   232  wled.o(i.wLed_TmrOff)
    i.wLed_TmrOn                             0x08004754   Section        0  wled.o(i.wLed_TmrOn)
    wLed_TmrOn                               0x08004755   Thumb Code   142  wled.o(i.wLed_TmrOn)
    i.wSys_ClockConfig                       0x080047e8   Section        0  wsys.o(i.wSys_ClockConfig)
    i.wSys_GetClkFreq                        0x08004904   Section        0  wsys.o(i.wSys_GetClkFreq)
    i.wSys_TmrReset                          0x0800490c   Section        0  wsys.o(i.wSys_TmrReset)
    wSys_TmrReset                            0x0800490d   Thumb Code    18  wsys.o(i.wSys_TmrReset)
    .constdata                               0x08004920   Section      100  os_cfg_app.o(.constdata)
    .constdata                               0x08004984   Section      360  os_dbg.o(.constdata)
    .constdata                               0x08004aec   Section       24  system_stm32f4xx.o(.constdata)
    .data                                    0x20000000   Section        4  cpu_core.o(.data)
    .data                                    0x20000004   Section      164  os_var.o(.data)
    .data                                    0x200000a8   Section        8  os_cpu_c.o(.data)
    .data                                    0x200000b0   Section        4  system_stm32f4xx.o(.data)
    .data                                    0x200000b4   Section        9  stm32f4xx_hal.o(.data)
    .bss                                     0x200000c0   Section     1192  main.o(.bss)
    Main_TaskTCB                             0x200000c0   Data         168  main.o(.bss)
    Main_TaskStk                             0x20000168   Data        1024  main.o(.bss)
    .bss                                     0x20000568   Section      216  wled.o(.bss)
    led                                      0x20000568   Data         216  wled.o(.bss)
    .bss                                     0x20000640   Section       64  wgpio.o(.bss)
    wExti                                    0x20000640   Data          64  wgpio.o(.bss)
    .bss                                     0x20000680   Section       48  wsys.o(.bss)
    .bss                                     0x200006b0   Section     4608  os_cfg_app.o(.bss)
    .bss                                     0x200018b0   Section     1368  os_var.o(.bss)
    .bss                                     0x20001e08   Section       96  libspace.o(.bss)
    HEAP                                     0x20001e68   Section     2048  startup_stm32f405xx.o(HEAP)
    Heap_Mem                                 0x20001e68   Data        2048  startup_stm32f405xx.o(HEAP)
    STACK                                    0x20002668   Section     4096  startup_stm32f405xx.o(STACK)
    Stack_Mem                                0x20002668   Data        4096  startup_stm32f405xx.o(STACK)
    __initial_sp                             0x20003668   Data           0  startup_stm32f405xx.o(STACK)

    Global Symbols

    Symbol Name                              Value     Ov Type        Size  Object(Section)

    BuildAttributes$$THM_ISAv4$E$P$D$K$B$S$7EM$PE$A:L22UL41UL21$X:L11$S22US41US21$IEEE1$IW$USESV6$~STKCKD$USESV7$~SHL$OSPACE$ROPI$EBA8$UX$STANDARDLIB$REQ8$PRES8$EABIv2 0x00000000   Number         0  anon$$obj.o ABSOLUTE
    __ARM_use_no_argv                        0x00000000   Number         0  main.o ABSOLUTE
    __ARM_exceptions_init                     - Undefined Weak Reference
    __alloca_initialize                       - Undefined Weak Reference
    __arm_preinit_                            - Undefined Weak Reference
    __cpp_initialize__aeabi_                  - Undefined Weak Reference
    __cxa_finalize                            - Undefined Weak Reference
    __rt_locale                               - Undefined Weak Reference
    __sigvec_lookup                           - Undefined Weak Reference
    _atexit_init                              - Undefined Weak Reference
    _call_atexit_fns                          - Undefined Weak Reference
    _clock_init                               - Undefined Weak Reference
    _fp_trap_init                             - Undefined Weak Reference
    _fp_trap_shutdown                         - Undefined Weak Reference
    _get_lc_collate                           - Undefined Weak Reference
    _get_lc_ctype                             - Undefined Weak Reference
    _get_lc_monetary                          - Undefined Weak Reference
    _get_lc_numeric                           - Undefined Weak Reference
    _get_lc_time                              - Undefined Weak Reference
    _getenv_init                              - Undefined Weak Reference
    _handle_redirection                       - Undefined Weak Reference
    _init_alloc                               - Undefined Weak Reference
    _init_user_alloc                          - Undefined Weak Reference
    _initio                                   - Undefined Weak Reference
    _rand_init                                - Undefined Weak Reference
    _signal_finish                            - Undefined Weak Reference
    _signal_init                              - Undefined Weak Reference
    _terminate_alloc                          - Undefined Weak Reference
    _terminate_user_alloc                     - Undefined Weak Reference
    _terminateio                              - Undefined Weak Reference
    __Vectors_Size                           0x00000188   Number         0  startup_stm32f405xx.o ABSOLUTE
    __Vectors                                0x08000000   Data           4  startup_stm32f405xx.o(RESET)
    __Vectors_End                            0x08000188   Data           0  startup_stm32f405xx.o(RESET)
    __main                                   0x08000189   Thumb Code     8  __main.o(!!!main)
    __scatterload                            0x08000191   Thumb Code     0  __scatter.o(!!!scatter)
    __scatterload_rt2                        0x08000191   Thumb Code    44  __scatter.o(!!!scatter)
    __scatterload_rt2_thumb_only             0x08000191   Thumb Code     0  __scatter.o(!!!scatter)
    __scatterload_null                       0x0800019f   Thumb Code     0  __scatter.o(!!!scatter)
    __scatterload_copy                       0x080001c5   Thumb Code    26  __scatter_copy.o(!!handler_copy)
    __scatterload_zeroinit                   0x080001e1   Thumb Code    28  __scatter_zi.o(!!handler_zi)
    __rt_lib_init                            0x080001fd   Thumb Code     0  libinit.o(.ARM.Collect$$libinit$$00000000)
    __rt_lib_init_alloca_1                   0x080001ff   Thumb Code     0  libinit2.o(.ARM.Collect$$libinit$$0000002E)
    __rt_lib_init_argv_1                     0x080001ff   Thumb Code     0  libinit2.o(.ARM.Collect$$libinit$$0000002C)
    __rt_lib_init_atexit_1                   0x080001ff   Thumb Code     0  libinit2.o(.ARM.Collect$$libinit$$0000001B)
    __rt_lib_init_clock_1                    0x080001ff   Thumb Code     0  libinit2.o(.ARM.Collect$$libinit$$00000021)
    __rt_lib_init_cpp_1                      0x080001ff   Thumb Code     0  libinit2.o(.ARM.Collect$$libinit$$00000032)
    __rt_lib_init_exceptions_1               0x080001ff   Thumb Code     0  libinit2.o(.ARM.Collect$$libinit$$00000030)
    __rt_lib_init_fp_1                       0x080001ff   Thumb Code     0  libinit2.o(.ARM.Collect$$libinit$$00000002)
    __rt_lib_init_fp_trap_1                  0x080001ff   Thumb Code     0  libinit2.o(.ARM.Collect$$libinit$$0000001F)
    __rt_lib_init_getenv_1                   0x080001ff   Thumb Code     0  libinit2.o(.ARM.Collect$$libinit$$00000023)
    __rt_lib_init_heap_1                     0x080001ff   Thumb Code     0  libinit2.o(.ARM.Collect$$libinit$$0000000A)
    __rt_lib_init_lc_collate_1               0x080001ff   Thumb Code     0  libinit2.o(.ARM.Collect$$libinit$$00000011)
    __rt_lib_init_lc_ctype_1                 0x080001ff   Thumb Code     0  libinit2.o(.ARM.Collect$$libinit$$00000013)
    __rt_lib_init_lc_monetary_1              0x080001ff   Thumb Code     0  libinit2.o(.ARM.Collect$$libinit$$00000015)
    __rt_lib_init_lc_numeric_1               0x080001ff   Thumb Code     0  libinit2.o(.ARM.Collect$$libinit$$00000017)
    __rt_lib_init_lc_time_1                  0x080001ff   Thumb Code     0  libinit2.o(.ARM.Collect$$libinit$$00000019)
    __rt_lib_init_preinit_1                  0x080001ff   Thumb Code     0  libinit2.o(.ARM.Collect$$libinit$$00000004)
    __rt_lib_init_rand_1                     0x080001ff   Thumb Code     0  libinit2.o(.ARM.Collect$$libinit$$0000000E)
    __rt_lib_init_return                     0x080001ff   Thumb Code     0  libinit2.o(.ARM.Collect$$libinit$$00000033)
    __rt_lib_init_signal_1                   0x080001ff   Thumb Code     0  libinit2.o(.ARM.Collect$$libinit$$0000001D)
    __rt_lib_init_stdio_1                    0x080001ff   Thumb Code     0  libinit2.o(.ARM.Collect$$libinit$$00000025)
    __rt_lib_init_user_alloc_1               0x080001ff   Thumb Code     0  libinit2.o(.ARM.Collect$$libinit$$0000000C)
    __rt_lib_shutdown                        0x08000201   Thumb Code     0  libshutdown.o(.ARM.Collect$$libshutdown$$00000000)
    __rt_lib_shutdown_cpp_1                  0x08000203   Thumb Code     0  libshutdown2.o(.ARM.Collect$$libshutdown$$00000002)
    __rt_lib_shutdown_fp_trap_1              0x08000203   Thumb Code     0  libshutdown2.o(.ARM.Collect$$libshutdown$$00000007)
    __rt_lib_shutdown_heap_1                 0x08000203   Thumb Code     0  libshutdown2.o(.ARM.Collect$$libshutdown$$0000000F)
    __rt_lib_shutdown_return                 0x08000203   Thumb Code     0  libshutdown2.o(.ARM.Collect$$libshutdown$$00000010)
    __rt_lib_shutdown_signal_1               0x08000203   Thumb Code     0  libshutdown2.o(.ARM.Collect$$libshutdown$$0000000A)
    __rt_lib_shutdown_stdio_1                0x08000203   Thumb Code     0  libshutdown2.o(.ARM.Collect$$libshutdown$$00000004)
    __rt_lib_shutdown_user_alloc_1           0x08000203   Thumb Code     0  libshutdown2.o(.ARM.Collect$$libshutdown$$0000000C)
    __rt_entry                               0x08000205   Thumb Code     0  __rtentry.o(.ARM.Collect$$rtentry$$00000000)
    __rt_entry_presh_1                       0x08000205   Thumb Code     0  __rtentry2.o(.ARM.Collect$$rtentry$$00000002)
    __rt_entry_sh                            0x08000205   Thumb Code     0  __rtentry4.o(.ARM.Collect$$rtentry$$00000004)
    __rt_entry_li                            0x0800020b   Thumb Code     0  __rtentry2.o(.ARM.Collect$$rtentry$$0000000A)
    __rt_entry_postsh_1                      0x0800020b   Thumb Code     0  __rtentry2.o(.ARM.Collect$$rtentry$$00000009)
    __rt_entry_main                          0x0800020f   Thumb Code     0  __rtentry2.o(.ARM.Collect$$rtentry$$0000000D)
    __rt_entry_postli_1                      0x0800020f   Thumb Code     0  __rtentry2.o(.ARM.Collect$$rtentry$$0000000C)
    __rt_exit                                0x08000217   Thumb Code     0  rtexit.o(.ARM.Collect$$rtexit$$00000000)
    __rt_exit_ls                             0x08000219   Thumb Code     0  rtexit2.o(.ARM.Collect$$rtexit$$00000003)
    __rt_exit_prels_1                        0x08000219   Thumb Code     0  rtexit2.o(.ARM.Collect$$rtexit$$00000002)
    __rt_exit_exit                           0x0800021d   Thumb Code     0  rtexit2.o(.ARM.Collect$$rtexit$$00000004)
    CPU_IntDis                               0x08000225   Thumb Code     0  cpu_a.o(.text)
    CPU_IntEn                                0x08000229   Thumb Code     0  cpu_a.o(.text)
    CPU_SR_Save                              0x0800022d   Thumb Code     0  cpu_a.o(.text)
    CPU_SR_Restore                           0x08000235   Thumb Code     0  cpu_a.o(.text)
    CPU_WaitForInt                           0x0800023b   Thumb Code     0  cpu_a.o(.text)
    CPU_WaitForExcept                        0x0800023f   Thumb Code     0  cpu_a.o(.text)
    CPU_CntLeadZeros                         0x08000243   Thumb Code     0  cpu_a.o(.text)
    CPU_CntTrailZeros                        0x08000249   Thumb Code     0  cpu_a.o(.text)
    CPU_RevBits                              0x08000253   Thumb Code     0  cpu_a.o(.text)
    Reset_Handler                            0x08000259   Thumb Code     8  startup_stm32f405xx.o(.text)
    ADC_IRQHandler                           0x08000273   Thumb Code     0  startup_stm32f405xx.o(.text)
    CAN1_RX0_IRQHandler                      0x08000273   Thumb Code     0  startup_stm32f405xx.o(.text)
    CAN1_RX1_IRQHandler                      0x08000273   Thumb Code     0  startup_stm32f405xx.o(.text)
    CAN1_SCE_IRQHandler                      0x08000273   Thumb Code     0  startup_stm32f405xx.o(.text)
    CAN1_TX_IRQHandler                       0x08000273   Thumb Code     0  startup_stm32f405xx.o(.text)
    CAN2_RX0_IRQHandler                      0x08000273   Thumb Code     0  startup_stm32f405xx.o(.text)
    CAN2_RX1_IRQHandler                      0x08000273   Thumb Code     0  startup_stm32f405xx.o(.text)
    CAN2_SCE_IRQHandler                      0x08000273   Thumb Code     0  startup_stm32f405xx.o(.text)
    CAN2_TX_IRQHandler                       0x08000273   Thumb Code     0  startup_stm32f405xx.o(.text)
    DMA1_Stream0_IRQHandler                  0x08000273   Thumb Code     0  startup_stm32f405xx.o(.text)
    DMA1_Stream1_IRQHandler                  0x08000273   Thumb Code     0  startup_stm32f405xx.o(.text)
    DMA1_Stream2_IRQHandler                  0x08000273   Thumb Code     0  startup_stm32f405xx.o(.text)
    DMA1_Stream3_IRQHandler                  0x08000273   Thumb Code     0  startup_stm32f405xx.o(.text)
    DMA1_Stream4_IRQHandler                  0x08000273   Thumb Code     0  startup_stm32f405xx.o(.text)
    DMA1_Stream5_IRQHandler                  0x08000273   Thumb Code     0  startup_stm32f405xx.o(.text)
    DMA1_Stream6_IRQHandler                  0x08000273   Thumb Code     0  startup_stm32f405xx.o(.text)
    DMA1_Stream7_IRQHandler                  0x08000273   Thumb Code     0  startup_stm32f405xx.o(.text)
    DMA2_Stream0_IRQHandler                  0x08000273   Thumb Code     0  startup_stm32f405xx.o(.text)
    DMA2_Stream1_IRQHandler                  0x08000273   Thumb Code     0  startup_stm32f405xx.o(.text)
    DMA2_Stream2_IRQHandler                  0x08000273   Thumb Code     0  startup_stm32f405xx.o(.text)
    DMA2_Stream3_IRQHandler                  0x08000273   Thumb Code     0  startup_stm32f405xx.o(.text)
    DMA2_Stream4_IRQHandler                  0x08000273   Thumb Code     0  startup_stm32f405xx.o(.text)
    DMA2_Stream5_IRQHandler                  0x08000273   Thumb Code     0  startup_stm32f405xx.o(.text)
    DMA2_Stream6_IRQHandler                  0x08000273   Thumb Code     0  startup_stm32f405xx.o(.text)
    DMA2_Stream7_IRQHandler                  0x08000273   Thumb Code     0  startup_stm32f405xx.o(.text)
    FLASH_IRQHandler                         0x08000273   Thumb Code     0  startup_stm32f405xx.o(.text)
    FMC_IRQHandler                           0x08000273   Thumb Code     0  startup_stm32f405xx.o(.text)
    FPU_IRQHandler                           0x08000273   Thumb Code     0  startup_stm32f405xx.o(.text)
    HASH_RNG_IRQHandler                      0x08000273   Thumb Code     0  startup_stm32f405xx.o(.text)
    I2C1_ER_IRQHandler                       0x08000273   Thumb Code     0  startup_stm32f405xx.o(.text)
    I2C1_EV_IRQHandler                       0x08000273   Thumb Code     0  startup_stm32f405xx.o(.text)
    I2C2_ER_IRQHandler                       0x08000273   Thumb Code     0  startup_stm32f405xx.o(.text)
    I2C2_EV_IRQHandler                       0x08000273   Thumb Code     0  startup_stm32f405xx.o(.text)
    I2C3_ER_IRQHandler                       0x08000273   Thumb Code     0  startup_stm32f405xx.o(.text)
    I2C3_EV_IRQHandler                       0x08000273   Thumb Code     0  startup_stm32f405xx.o(.text)
    OTG_FS_IRQHandler                        0x08000273   Thumb Code     0  startup_stm32f405xx.o(.text)
    OTG_FS_WKUP_IRQHandler                   0x08000273   Thumb Code     0  startup_stm32f405xx.o(.text)
    OTG_HS_EP1_IN_IRQHandler                 0x08000273   Thumb Code     0  startup_stm32f405xx.o(.text)
    OTG_HS_EP1_OUT_IRQHandler                0x08000273   Thumb Code     0  startup_stm32f405xx.o(.text)
    OTG_HS_IRQHandler                        0x08000273   Thumb Code     0  startup_stm32f405xx.o(.text)
    OTG_HS_WKUP_IRQHandler                   0x08000273   Thumb Code     0  startup_stm32f405xx.o(.text)
    PVD_IRQHandler                           0x08000273   Thumb Code     0  startup_stm32f405xx.o(.text)
    RCC_IRQHandler                           0x08000273   Thumb Code     0  startup_stm32f405xx.o(.text)
    RTC_Alarm_IRQHandler                     0x08000273   Thumb Code     0  startup_stm32f405xx.o(.text)
    RTC_WKUP_IRQHandler                      0x08000273   Thumb Code     0  startup_stm32f405xx.o(.text)
    SDIO_IRQHandler                          0x08000273   Thumb Code     0  startup_stm32f405xx.o(.text)
    SPI1_IRQHandler                          0x08000273   Thumb Code     0  startup_stm32f405xx.o(.text)
    SPI2_IRQHandler                          0x08000273   Thumb Code     0  startup_stm32f405xx.o(.text)
    SPI3_IRQHandler                          0x08000273   Thumb Code     0  startup_stm32f405xx.o(.text)
    TAMP_STAMP_IRQHandler                    0x08000273   Thumb Code     0  startup_stm32f405xx.o(.text)
    TIM1_BRK_TIM9_IRQHandler                 0x08000273   Thumb Code     0  startup_stm32f405xx.o(.text)
    TIM1_CC_IRQHandler                       0x08000273   Thumb Code     0  startup_stm32f405xx.o(.text)
    TIM1_TRG_COM_TIM11_IRQHandler            0x08000273   Thumb Code     0  startup_stm32f405xx.o(.text)
    TIM1_UP_TIM10_IRQHandler                 0x08000273   Thumb Code     0  startup_stm32f405xx.o(.text)
    TIM2_IRQHandler                          0x08000273   Thumb Code     0  startup_stm32f405xx.o(.text)
    TIM3_IRQHandler                          0x08000273   Thumb Code     0  startup_stm32f405xx.o(.text)
    TIM4_IRQHandler                          0x08000273   Thumb Code     0  startup_stm32f405xx.o(.text)
    TIM5_IRQHandler                          0x08000273   Thumb Code     0  startup_stm32f405xx.o(.text)
    TIM6_DAC_IRQHandler                      0x08000273   Thumb Code     0  startup_stm32f405xx.o(.text)
    TIM7_IRQHandler                          0x08000273   Thumb Code     0  startup_stm32f405xx.o(.text)
    TIM8_BRK_TIM12_IRQHandler                0x08000273   Thumb Code     0  startup_stm32f405xx.o(.text)
    TIM8_CC_IRQHandler                       0x08000273   Thumb Code     0  startup_stm32f405xx.o(.text)
    TIM8_TRG_COM_TIM14_IRQHandler            0x08000273   Thumb Code     0  startup_stm32f405xx.o(.text)
    TIM8_UP_TIM13_IRQHandler                 0x08000273   Thumb Code     0  startup_stm32f405xx.o(.text)
    UART4_IRQHandler                         0x08000273   Thumb Code     0  startup_stm32f405xx.o(.text)
    UART5_IRQHandler                         0x08000273   Thumb Code     0  startup_stm32f405xx.o(.text)
    USART1_IRQHandler                        0x08000273   Thumb Code     0  startup_stm32f405xx.o(.text)
    USART2_IRQHandler                        0x08000273   Thumb Code     0  startup_stm32f405xx.o(.text)
    USART3_IRQHandler                        0x08000273   Thumb Code     0  startup_stm32f405xx.o(.text)
    USART6_IRQHandler                        0x08000273   Thumb Code     0  startup_stm32f405xx.o(.text)
    WWDG_IRQHandler                          0x08000273   Thumb Code     0  startup_stm32f405xx.o(.text)
    __user_initial_stackheap                 0x08000275   Thumb Code     0  startup_stm32f405xx.o(.text)
    __aeabi_uldivmod                         0x08000299   Thumb Code     0  lludivv7m.o(.text)
    _ll_udiv                                 0x08000299   Thumb Code   238  lludivv7m.o(.text)
    __aeabi_memclr4                          0x08000387   Thumb Code     0  rt_memclr_w.o(.text)
    __aeabi_memclr8                          0x08000387   Thumb Code     0  rt_memclr_w.o(.text)
    __rt_memclr_w                            0x08000387   Thumb Code    78  rt_memclr_w.o(.text)
    _memset_w                                0x0800038b   Thumb Code     0  rt_memclr_w.o(.text)
    __use_two_region_memory                  0x080003d5   Thumb Code     2  heapauxi.o(.text)
    __rt_heap_escrow$2region                 0x080003d7   Thumb Code     2  heapauxi.o(.text)
    __rt_heap_expand$2region                 0x080003d9   Thumb Code     2  heapauxi.o(.text)
    __user_setup_stackheap                   0x080003db   Thumb Code    74  sys_stackheap_outer.o(.text)
    exit                                     0x08000425   Thumb Code    18  exit.o(.text)
    __user_libspace                          0x08000439   Thumb Code     8  libspace.o(.text)
    __user_perproc_libspace                  0x08000439   Thumb Code     0  libspace.o(.text)
    __user_perthread_libspace                0x08000439   Thumb Code     0  libspace.o(.text)
    _sys_exit                                0x08000441   Thumb Code     8  sys_exit.o(.text)
    __I$use$semihosting                      0x0800044d   Thumb Code     0  use_no_semi.o(.text)
    __use_no_semihosting_swi                 0x0800044d   Thumb Code     2  use_no_semi.o(.text)
    __semihosting_library_function           0x0800044f   Thumb Code     0  indicate_semi.o(.text)
    OSStartHighRdy                           0x08000451   Thumb Code     0  os_cpu_a.o(CODE)
    OSCtxSw                                  0x080004cb   Thumb Code     0  os_cpu_a.o(CODE)
    OSIntCtxSw                               0x080004cb   Thumb Code     0  os_cpu_a.o(CODE)
    PendSV_Handler                           0x080004d5   Thumb Code     0  os_cpu_a.o(CODE)
    BusFault_Handler                         0x08000549   Thumb Code     4  wit.o(i.BusFault_Handler)
    CPU_Init                                 0x0800054d   Thumb Code     8  cpu_core.o(i.CPU_Init)
    CPU_TS_TmrFreqSet                        0x08000569   Thumb Code     6  cpu_core.o(i.CPU_TS_TmrFreqSet)
    CPU_TS_TmrInit                           0x08000575   Thumb Code    44  os_bsp.o(i.CPU_TS_TmrInit)
    CPU_TS_TmrRd                             0x080005a9   Thumb Code     6  os_bsp.o(i.CPU_TS_TmrRd)
    DebugMon_Handler                         0x080005b5   Thumb Code     2  wit.o(i.DebugMon_Handler)
    EXTI0_IRQHandler                         0x080005b7   Thumb Code    24  wgpio.o(i.EXTI0_IRQHandler)
    EXTI15_10_IRQHandler                     0x080005cf   Thumb Code    66  wgpio.o(i.EXTI15_10_IRQHandler)
    EXTI1_IRQHandler                         0x08000611   Thumb Code    24  wgpio.o(i.EXTI1_IRQHandler)
    EXTI2_IRQHandler                         0x08000629   Thumb Code    24  wgpio.o(i.EXTI2_IRQHandler)
    EXTI3_IRQHandler                         0x08000641   Thumb Code    24  wgpio.o(i.EXTI3_IRQHandler)
    EXTI4_IRQHandler                         0x08000659   Thumb Code    24  wgpio.o(i.EXTI4_IRQHandler)
    EXTI9_5_IRQHandler                       0x08000671   Thumb Code    52  wgpio.o(i.EXTI9_5_IRQHandler)
    HAL_GPIO_EXTI_Callback                   0x080006a5   Thumb Code   184  wgpio.o(i.HAL_GPIO_EXTI_Callback)
    HAL_GPIO_EXTI_IRQHandler                 0x08000761   Thumb Code    24  stm32f4xx_hal_gpio.o(i.HAL_GPIO_EXTI_IRQHandler)
    HAL_GPIO_Init                            0x0800077d   Thumb Code   466  stm32f4xx_hal_gpio.o(i.HAL_GPIO_Init)
    HAL_GPIO_TogglePin                       0x0800097d   Thumb Code    18  stm32f4xx_hal_gpio.o(i.HAL_GPIO_TogglePin)
    HAL_GPIO_WritePin                        0x0800098f   Thumb Code    12  stm32f4xx_hal_gpio.o(i.HAL_GPIO_WritePin)
    HAL_GetREVID                             0x0800099d   Thumb Code     8  stm32f4xx_hal.o(i.HAL_GetREVID)
    HAL_GetTick                              0x080009a9   Thumb Code     6  stm32f4xx_hal.o(i.HAL_GetTick)
    HAL_IncTick                              0x080009b5   Thumb Code    16  stm32f4xx_hal.o(i.HAL_IncTick)
    HAL_Init                                 0x080009cd   Thumb Code    54  stm32f4xx_hal.o(i.HAL_Init)
    HAL_InitTick                             0x08000a09   Thumb Code    64  stm32f4xx_hal.o(i.HAL_InitTick)
    HAL_MspInit                              0x08000a55   Thumb Code   182  wsys.o(i.HAL_MspInit)
    HAL_NVIC_ClearPendingIRQ                 0x08000b21   Thumb Code    30  stm32f4xx_hal_cortex.o(i.HAL_NVIC_ClearPendingIRQ)
    HAL_NVIC_EnableIRQ                       0x08000b45   Thumb Code    32  stm32f4xx_hal_cortex.o(i.HAL_NVIC_EnableIRQ)
    HAL_NVIC_SetPriority                     0x08000b65   Thumb Code   124  stm32f4xx_hal_cortex.o(i.HAL_NVIC_SetPriority)
    HAL_NVIC_SetPriorityGrouping             0x08000be1   Thumb Code    32  stm32f4xx_hal_cortex.o(i.HAL_NVIC_SetPriorityGrouping)
    HAL_NVIC_SystemReset                     0x08000c09   Thumb Code    60  stm32f4xx_hal_cortex.o(i.HAL_NVIC_SystemReset)
    HAL_RCC_ClockConfig                      0x08000c4d   Thumb Code   366  stm32f4xx_hal_rcc.o(i.HAL_RCC_ClockConfig)
    HAL_RCC_DeInit                           0x08000dcd   Thumb Code   356  stm32f4xx_hal_rcc_ex.o(i.HAL_RCC_DeInit)
    HAL_RCC_EnableCSS                        0x08000f45   Thumb Code     8  stm32f4xx_hal_rcc.o(i.HAL_RCC_EnableCSS)
    HAL_RCC_GetHCLKFreq                      0x08000f51   Thumb Code     6  stm32f4xx_hal_rcc.o(i.HAL_RCC_GetHCLKFreq)
    HAL_RCC_GetSysClockFreq                  0x08000f5d   Thumb Code   162  stm32f4xx_hal_rcc.o(i.HAL_RCC_GetSysClockFreq)
    HAL_RCC_OscConfig                        0x0800100d   Thumb Code  1086  stm32f4xx_hal_rcc.o(i.HAL_RCC_OscConfig)
    HAL_SYSTICK_CLKSourceConfig              0x08001455   Thumb Code    40  stm32f4xx_hal_cortex.o(i.HAL_SYSTICK_CLKSourceConfig)
    HAL_SYSTICK_Config                       0x0800147d   Thumb Code    52  stm32f4xx_hal_cortex.o(i.HAL_SYSTICK_Config)
    HardFault_Handler                        0x080014b1   Thumb Code     4  wit.o(i.HardFault_Handler)
    MemManage_Handler                        0x080014ef   Thumb Code     4  wit.o(i.MemManage_Handler)
    NMI_Handler                              0x080014f3   Thumb Code     2  wit.o(i.NMI_Handler)
    OSCfg_Init                               0x080014f5   Thumb Code     2  os_cfg_app.o(i.OSCfg_Init)
    OSInit                                   0x080014f9   Thumb Code   214  os_core.o(i.OSInit)
    OSInitHook                               0x0800161d   Thumb Code    34  os_cpu_c.o(i.OSInitHook)
    OSIntEnter                               0x08001651   Thumb Code    34  os_core.o(i.OSIntEnter)
    OSIntExit                                0x0800167d   Thumb Code   180  os_core.o(i.OSIntExit)
    OSMutexCreate                            0x08001751   Thumb Code   122  os_mutex.o(i.OSMutexCreate)
    OSMutexPend                              0x080017d5   Thumb Code   430  os_mutex.o(i.OSMutexPend)
    OSMutexPost                              0x0800198d   Thumb Code   326  os_mutex.o(i.OSMutexPost)
    OSSched                                  0x08001add   Thumb Code   126  os_core.o(i.OSSched)
    OSStart                                  0x08001b79   Thumb Code   120  os_core.o(i.OSStart)
    OSStatReset                              0x08001c11   Thumb Code   244  os_stat.o(i.OSStatReset)
    OSStatTaskCPUUsageInit                   0x08001d29   Thumb Code   216  os_stat.o(i.OSStatTaskCPUUsageInit)
    OSStatTaskHook                           0x08001e1d   Thumb Code     2  os_cpu_c.o(i.OSStatTaskHook)
    OSTaskCreate                             0x08001e21   Thumb Code   312  os_task.o(i.OSTaskCreate)
    OSTaskCreateHook                         0x08001f65   Thumb Code     2  os_cpu_c.o(i.OSTaskCreateHook)
    OSTaskDel                                0x08001f69   Thumb Code   368  os_task.o(i.OSTaskDel)
    OSTaskDelHook                            0x080020e5   Thumb Code     2  os_cpu_c.o(i.OSTaskDelHook)
    OSTaskResume                             0x080020e7   Thumb Code   256  os_task.o(i.OSTaskResume)
    OSTaskReturnHook                         0x080021e7   Thumb Code     2  os_cpu_c.o(i.OSTaskReturnHook)
    OSTaskStkChk                             0x080021e9   Thumb Code   174  os_task.o(i.OSTaskStkChk)
    OSTaskStkInit                            0x0800229d   Thumb Code   204  os_cpu_c.o(i.OSTaskStkInit)
    OSTaskSuspend                            0x0800236d   Thumb Code   352  os_task.o(i.OSTaskSuspend)
    OSTaskSwHook                             0x080024dd   Thumb Code    70  os_cpu_c.o(i.OSTaskSwHook)
    OSTimeDly                                0x0800252d   Thumb Code   140  os_time.o(i.OSTimeDly)
    OSTimeTick                               0x080025c1   Thumb Code    26  os_time.o(i.OSTimeTick)
    OSTimeTickHook                           0x080025e1   Thumb Code     2  os_cpu_c.o(i.OSTimeTickHook)
    OSTmrCreate                              0x080025e5   Thumb Code   156  os_tmr.o(i.OSTmrCreate)
    OSTmrSet                                 0x08002691   Thumb Code    56  os_tmr.o(i.OSTmrSet)
    OSTmrStart                               0x080026cd   Thumb Code   198  os_tmr.o(i.OSTmrStart)
    OS_CPU_SysTickHandler                    0x080027a5   Thumb Code    46  os_cpu_c.o(i.OS_CPU_SysTickHandler)
    OS_CPU_SysTickInit                       0x080027d5   Thumb Code    50  os_cpu_c.o(i.OS_CPU_SysTickInit)
    OS_Dbg_Init                              0x0800280d   Thumb Code   284  os_dbg.o(i.OS_Dbg_Init)
    OS_IdleTask                              0x08002a35   Thumb Code    52  os_core.o(i.OS_IdleTask)
    OS_IdleTaskInit                          0x08002a71   Thumb Code    66  os_core.o(i.OS_IdleTaskInit)
    OS_MemInit                               0x08002ae1   Thumb Code    14  os_mem.o(i.OS_MemInit)
    OS_MsgPoolInit                           0x08002af9   Thumb Code    80  os_msg.o(i.OS_MsgPoolInit)
    OS_MutexDbgListAdd                       0x08002b55   Thumb Code    38  os_mutex.o(i.OS_MutexDbgListAdd)
    OS_MutexGrpAdd                           0x08002b85   Thumb Code     8  os_mutex.o(i.OS_MutexGrpAdd)
    OS_MutexGrpPostAll                       0x08002b8d   Thumb Code    94  os_mutex.o(i.OS_MutexGrpPostAll)
    OS_MutexGrpPrioFindHighest               0x08002beb   Thumb Code    42  os_mutex.o(i.OS_MutexGrpPrioFindHighest)
    OS_MutexGrpRemove                        0x08002c15   Thumb Code    28  os_mutex.o(i.OS_MutexGrpRemove)
    OS_Pend                                  0x08002c31   Thumb Code    64  os_core.o(i.OS_Pend)
    OS_PendDbgNameAdd                        0x08002c71   Thumb Code    64  os_core.o(i.OS_PendDbgNameAdd)
    OS_PendDbgNameRemove                     0x08002cc9   Thumb Code    32  os_core.o(i.OS_PendDbgNameRemove)
    OS_PendListChangePrio                    0x08002ced   Thumb Code    34  os_core.o(i.OS_PendListChangePrio)
    OS_PendListInit                          0x08002d0f   Thumb Code    10  os_core.o(i.OS_PendListInit)
    OS_PendListInsertPrio                    0x08002d19   Thumb Code   102  os_core.o(i.OS_PendListInsertPrio)
    OS_PendListRemove                        0x08002d7f   Thumb Code    78  os_core.o(i.OS_PendListRemove)
    OS_Post                                  0x08002dcd   Thumb Code   172  os_core.o(i.OS_Post)
    OS_PrioGetHighest                        0x08002e79   Thumb Code    34  os_prio.o(i.OS_PrioGetHighest)
    OS_PrioInit                              0x08002ea1   Thumb Code    20  os_prio.o(i.OS_PrioInit)
    OS_PrioInsert                            0x08002eb9   Thumb Code    48  os_prio.o(i.OS_PrioInsert)
    OS_PrioRemove                            0x08002eed   Thumb Code    48  os_prio.o(i.OS_PrioRemove)
    OS_RdyListInit                           0x08002f21   Thumb Code    30  os_core.o(i.OS_RdyListInit)
    OS_RdyListInsert                         0x08002f45   Thumb Code    40  os_core.o(i.OS_RdyListInsert)
    OS_RdyListInsertHead                     0x08002f71   Thumb Code    58  os_core.o(i.OS_RdyListInsertHead)
    OS_RdyListInsertTail                     0x08002fb1   Thumb Code    56  os_core.o(i.OS_RdyListInsertTail)
    OS_RdyListRemove                         0x08002fed   Thumb Code    86  os_core.o(i.OS_RdyListRemove)
    OS_StatTask                              0x08003049   Thumb Code   750  os_stat.o(i.OS_StatTask)
    OS_StatTaskInit                          0x08003389   Thumb Code   144  os_stat.o(i.OS_StatTaskInit)
    OS_TaskBlock                             0x08003465   Thumb Code    44  os_core.o(i.OS_TaskBlock)
    OS_TaskChangePrio                        0x08003495   Thumb Code   228  os_task.o(i.OS_TaskChangePrio)
    OS_TaskDbgListAdd                        0x0800357d   Thumb Code    42  os_task.o(i.OS_TaskDbgListAdd)
    OS_TaskDbgListRemove                     0x080035ad   Thumb Code    64  os_task.o(i.OS_TaskDbgListRemove)
    OS_TaskInit                              0x080035f1   Thumb Code    18  os_task.o(i.OS_TaskInit)
    OS_TaskInitTCB                           0x08003611   Thumb Code   152  os_task.o(i.OS_TaskInitTCB)
    OS_TaskReturn                            0x080036b5   Thumb Code    20  os_task.o(i.OS_TaskReturn)
    OS_TickInit                              0x080036cd   Thumb Code    18  os_tick.o(i.OS_TickInit)
    OS_TickListInsert                        0x080036e9   Thumb Code   162  os_tick.o(i.OS_TickListInsert)
    OS_TickListInsertDly                     0x08003795   Thumb Code   134  os_tick.o(i.OS_TickListInsertDly)
    OS_TickListRemove                        0x08003821   Thumb Code    82  os_tick.o(i.OS_TickListRemove)
    OS_TickUpdate                            0x080039b5   Thumb Code    86  os_tick.o(i.OS_TickUpdate)
    OS_TmrDbgListAdd                         0x08003be5   Thumb Code    34  os_tmr.o(i.OS_TmrDbgListAdd)
    OS_TmrInit                               0x08003c0d   Thumb Code   178  os_tmr.o(i.OS_TmrInit)
    OS_TmrLink                               0x08003d2d   Thumb Code   172  os_tmr.o(i.OS_TmrLink)
    OS_TmrTask                               0x08003dfd   Thumb Code   254  os_tmr.o(i.OS_TmrTask)
    OS_TmrUnlink                             0x08003f11   Thumb Code   190  os_tmr.o(i.OS_TmrUnlink)
    SVC_Handler                              0x08003ff1   Thumb Code     2  wit.o(i.SVC_Handler)
    SysTick_Handler                          0x08003ff3   Thumb Code    12  wit.o(i.SysTick_Handler)
    SystemInit                               0x08004001   Thumb Code    68  system_stm32f4xx.o(i.SystemInit)
    UsageFault_Handler                       0x08004055   Thumb Code     4  wit.o(i.UsageFault_Handler)
    main                                     0x08004091   Thumb Code   104  main.o(i.main)
    wGpio_Init                               0x08004119   Thumb Code   806  wgpio.o(i.wGpio_Init)
    wGpio_putInit                            0x08004469   Thumb Code   136  wgpio.o(i.wGpio_putInit)
    wGpio_putWrite                           0x08004515   Thumb Code    88  wgpio.o(i.wGpio_putWrite)
    wLed_IdInit                              0x0800456d   Thumb Code   142  wled.o(i.wLed_IdInit)
    wLed_SetIdStatus                         0x08004621   Thumb Code    66  wled.o(i.wLed_SetIdStatus)
    wSys_ClockConfig                         0x080047e9   Thumb Code   270  wsys.o(i.wSys_ClockConfig)
    wSys_GetClkFreq                          0x08004905   Thumb Code     8  wsys.o(i.wSys_GetClkFreq)
    OSCfg_IdleTaskStkBasePtr                 0x08004920   Data           4  os_cfg_app.o(.constdata)
    OSCfg_IdleTaskStkLimit                   0x08004924   Data           4  os_cfg_app.o(.constdata)
    OSCfg_IdleTaskStkSize                    0x08004928   Data           4  os_cfg_app.o(.constdata)
    OSCfg_IdleTaskStkSizeRAM                 0x0800492c   Data           4  os_cfg_app.o(.constdata)
    OSCfg_ISRStkBasePtr                      0x08004930   Data           4  os_cfg_app.o(.constdata)
    OSCfg_ISRStkSize                         0x08004934   Data           4  os_cfg_app.o(.constdata)
    OSCfg_ISRStkSizeRAM                      0x08004938   Data           4  os_cfg_app.o(.constdata)
    OSCfg_MsgPoolSize                        0x0800493c   Data           2  os_cfg_app.o(.constdata)
    OSCfg_MsgPoolSizeRAM                     0x08004940   Data           4  os_cfg_app.o(.constdata)
    OSCfg_MsgPoolBasePtr                     0x08004944   Data           4  os_cfg_app.o(.constdata)
    OSCfg_StatTaskPrio                       0x08004948   Data           1  os_cfg_app.o(.constdata)
    OSCfg_StatTaskRate_Hz                    0x0800494c   Data           4  os_cfg_app.o(.constdata)
    OSCfg_StatTaskStkBasePtr                 0x08004950   Data           4  os_cfg_app.o(.constdata)
    OSCfg_StatTaskStkLimit                   0x08004954   Data           4  os_cfg_app.o(.constdata)
    OSCfg_StatTaskStkSize                    0x08004958   Data           4  os_cfg_app.o(.constdata)
    OSCfg_StatTaskStkSizeRAM                 0x0800495c   Data           4  os_cfg_app.o(.constdata)
    OSCfg_StkSizeMin                         0x08004960   Data           4  os_cfg_app.o(.constdata)
    OSCfg_TickRate_Hz                        0x08004964   Data           4  os_cfg_app.o(.constdata)
    OSCfg_TmrTaskPrio                        0x08004968   Data           1  os_cfg_app.o(.constdata)
    OSCfg_TmrTaskRate_Hz                     0x0800496c   Data           4  os_cfg_app.o(.constdata)
    OSCfg_TmrTaskStkBasePtr                  0x08004970   Data           4  os_cfg_app.o(.constdata)
    OSCfg_TmrTaskStkLimit                    0x08004974   Data           4  os_cfg_app.o(.constdata)
    OSCfg_TmrTaskStkSize                     0x08004978   Data           4  os_cfg_app.o(.constdata)
    OSCfg_TmrTaskStkSizeRAM                  0x0800497c   Data           4  os_cfg_app.o(.constdata)
    OSCfg_DataSizeRAM                        0x08004980   Data           4  os_cfg_app.o(.constdata)
    OSDbg_DbgEn                              0x08004984   Data           1  os_dbg.o(.constdata)
    OSDbg_ArgChkEn                           0x08004985   Data           1  os_dbg.o(.constdata)
    OSDbg_AppHooksEn                         0x08004986   Data           1  os_dbg.o(.constdata)
    OSDbg_EndiannessTest                     0x08004988   Data           4  os_dbg.o(.constdata)
    OSDbg_CalledFromISRChkEn                 0x0800498c   Data           1  os_dbg.o(.constdata)
    OSDbg_FlagEn                             0x0800498d   Data           1  os_dbg.o(.constdata)
    OSDbg_FlagGrp                            0x08004990   Data          40  os_dbg.o(.constdata)
    OSDbg_FlagDelEn                          0x080049b8   Data           1  os_dbg.o(.constdata)
    OSDbg_FlagModeClrEn                      0x080049b9   Data           1  os_dbg.o(.constdata)
    OSDbg_FlagPendAbortEn                    0x080049ba   Data           1  os_dbg.o(.constdata)
    OSDbg_FlagGrpSize                        0x080049bc   Data           2  os_dbg.o(.constdata)
    OSDbg_FlagWidth                          0x080049be   Data           2  os_dbg.o(.constdata)
    OSDbg_Mem                                0x080049c0   Data          32  os_dbg.o(.constdata)
    OSDbg_MemEn                              0x080049e0   Data           1  os_dbg.o(.constdata)
    OSDbg_MemSize                            0x080049e2   Data           2  os_dbg.o(.constdata)
    OSDbg_MsgEn                              0x080049e4   Data           1  os_dbg.o(.constdata)
    OSDbg_MsgSize                            0x080049e6   Data           2  os_dbg.o(.constdata)
    OSDbg_MsgPoolSize                        0x080049e8   Data           2  os_dbg.o(.constdata)
    OSDbg_MsgQSize                           0x080049ea   Data           2  os_dbg.o(.constdata)
    OSDbg_Mutex                              0x080049ec   Data          48  os_dbg.o(.constdata)
    OSDbg_MutexEn                            0x08004a1c   Data           1  os_dbg.o(.constdata)
    OSDbg_MutexDelEn                         0x08004a1d   Data           1  os_dbg.o(.constdata)
    OSDbg_MutexPendAbortEn                   0x08004a1e   Data           1  os_dbg.o(.constdata)
    OSDbg_MutexSize                          0x08004a20   Data           2  os_dbg.o(.constdata)
    OSDbg_ObjTypeChkEn                       0x08004a22   Data           1  os_dbg.o(.constdata)
    OSDbg_PendListSize                       0x08004a24   Data           2  os_dbg.o(.constdata)
    OSDbg_PendObjSize                        0x08004a26   Data           2  os_dbg.o(.constdata)
    OSDbg_PrioMax                            0x08004a28   Data           2  os_dbg.o(.constdata)
    OSDbg_PrioTblSize                        0x08004a2a   Data           2  os_dbg.o(.constdata)
    OSDbg_PtrSize                            0x08004a2c   Data           2  os_dbg.o(.constdata)
    OSDbg_Q                                  0x08004a30   Data          48  os_dbg.o(.constdata)
    OSDbg_QEn                                0x08004a60   Data           1  os_dbg.o(.constdata)
    OSDbg_QDelEn                             0x08004a61   Data           1  os_dbg.o(.constdata)
    OSDbg_QFlushEn                           0x08004a62   Data           1  os_dbg.o(.constdata)
    OSDbg_QPendAbortEn                       0x08004a63   Data           1  os_dbg.o(.constdata)
    OSDbg_QSize                              0x08004a64   Data           2  os_dbg.o(.constdata)
    OSDbg_SchedRoundRobinEn                  0x08004a66   Data           1  os_dbg.o(.constdata)
    OSDbg_Sem                                0x08004a68   Data          40  os_dbg.o(.constdata)
    OSDbg_SemEn                              0x08004a90   Data           1  os_dbg.o(.constdata)
    OSDbg_SemDelEn                           0x08004a91   Data           1  os_dbg.o(.constdata)
    OSDbg_SemPendAbortEn                     0x08004a92   Data           1  os_dbg.o(.constdata)
    OSDbg_SemSetEn                           0x08004a93   Data           1  os_dbg.o(.constdata)
    OSDbg_SemSize                            0x08004a94   Data           2  os_dbg.o(.constdata)
    OSDbg_RdyList                            0x08004a96   Data           2  os_dbg.o(.constdata)
    OSDbg_RdyListSize                        0x08004a98   Data           4  os_dbg.o(.constdata)
    OSDbg_StkWidth                           0x08004a9c   Data           1  os_dbg.o(.constdata)
    OSDbg_StatTaskEn                         0x08004a9d   Data           1  os_dbg.o(.constdata)
    OSDbg_StatTaskStkChkEn                   0x08004a9e   Data           1  os_dbg.o(.constdata)
    OSDbg_TaskChangePrioEn                   0x08004a9f   Data           1  os_dbg.o(.constdata)
    OSDbg_TaskDelEn                          0x08004aa0   Data           1  os_dbg.o(.constdata)
    OSDbg_TaskQEn                            0x08004aa1   Data           1  os_dbg.o(.constdata)
    OSDbg_TaskQPendAbortEn                   0x08004aa2   Data           1  os_dbg.o(.constdata)
    OSDbg_TaskProfileEn                      0x08004aa3   Data           1  os_dbg.o(.constdata)
    OSDbg_TaskRegTblSize                     0x08004aa4   Data           2  os_dbg.o(.constdata)
    OSDbg_TaskSemPendAbortEn                 0x08004aa6   Data           1  os_dbg.o(.constdata)
    OSDbg_TaskSuspendEn                      0x08004aa7   Data           1  os_dbg.o(.constdata)
    OSDbg_TCBSize                            0x08004aa8   Data           2  os_dbg.o(.constdata)
    OSDbg_TickListSize                       0x08004aaa   Data           2  os_dbg.o(.constdata)
    OSDbg_TimeDlyHMSMEn                      0x08004aac   Data           1  os_dbg.o(.constdata)
    OSDbg_TimeDlyResumeEn                    0x08004aad   Data           1  os_dbg.o(.constdata)
    OSDbg_TLS_TblSize                        0x08004aae   Data           2  os_dbg.o(.constdata)
    OSDbg_Tmr                                0x08004ab0   Data          48  os_dbg.o(.constdata)
    OSDbg_TmrEn                              0x08004ae0   Data           1  os_dbg.o(.constdata)
    OSDbg_TmrDelEn                           0x08004ae1   Data           1  os_dbg.o(.constdata)
    OSDbg_TmrSize                            0x08004ae2   Data           2  os_dbg.o(.constdata)
    OSDbg_VersionNbr                         0x08004ae4   Data           2  os_dbg.o(.constdata)
    OSDbg_DataSize                           0x08004ae8   Data           4  os_dbg.o(.constdata)
    AHBPrescTable                            0x08004aec   Data          16  system_stm32f4xx.o(.constdata)
    APBPrescTable                            0x08004afc   Data           8  system_stm32f4xx.o(.constdata)
    Region$$Table$$Base                      0x08004b04   Number         0  anon$$obj.o(Region$$Table)
    Region$$Table$$Limit                     0x08004b24   Number         0  anon$$obj.o(Region$$Table)
    CPU_TS_TmrFreq_Hz                        0x20000000   Data           4  cpu_core.o(.data)
    OSIdleTaskCtr                            0x20000004   Data           4  os_var.o(.data)
    OSIntNestingCtr                          0x20000008   Data           1  os_var.o(.data)
    OSRunning                                0x20000009   Data           1  os_var.o(.data)
    OSInitialized                            0x2000000a   Data           1  os_var.o(.data)
    OSISRStkFree                             0x2000000c   Data           4  os_var.o(.data)
    OSISRStkUsed                             0x20000010   Data           4  os_var.o(.data)
    OSFlagDbgListPtr                         0x20000014   Data           4  os_var.o(.data)
    OSFlagQty                                0x20000018   Data           2  os_var.o(.data)
    OSMemDbgListPtr                          0x2000001c   Data           4  os_var.o(.data)
    OSMemQty                                 0x20000020   Data           2  os_var.o(.data)
    OSMutexDbgListPtr                        0x20000024   Data           4  os_var.o(.data)
    OSMutexQty                               0x20000028   Data           2  os_var.o(.data)
    OSPrioCur                                0x2000002a   Data           1  os_var.o(.data)
    OSPrioHighRdy                            0x2000002b   Data           1  os_var.o(.data)
    OSPrioTbl                                0x2000002c   Data           8  os_var.o(.data)
    OSQDbgListPtr                            0x20000034   Data           4  os_var.o(.data)
    OSQQty                                   0x20000038   Data           2  os_var.o(.data)
    OSSchedLockNestingCtr                    0x2000003a   Data           1  os_var.o(.data)
    OSSemDbgListPtr                          0x2000003c   Data           4  os_var.o(.data)
    OSSemQty                                 0x20000040   Data           2  os_var.o(.data)
    OSStatResetFlag                          0x20000042   Data           1  os_var.o(.data)
    OSStatTaskCPUUsage                       0x20000044   Data           2  os_var.o(.data)
    OSStatTaskCPUUsageMax                    0x20000046   Data           2  os_var.o(.data)
    OSStatTaskCtr                            0x20000048   Data           4  os_var.o(.data)
    OSStatTaskCtrMax                         0x2000004c   Data           4  os_var.o(.data)
    OSStatTaskCtrRun                         0x20000050   Data           4  os_var.o(.data)
    OSStatTaskRdy                            0x20000054   Data           1  os_var.o(.data)
    OSStatTaskTime                           0x20000058   Data           4  os_var.o(.data)
    OSStatTaskTimeMax                        0x2000005c   Data           4  os_var.o(.data)
    OSTaskCtxSwCtr                           0x20000060   Data           4  os_var.o(.data)
    OSTaskDbgListPtr                         0x20000064   Data           4  os_var.o(.data)
    OSTaskQty                                0x20000068   Data           2  os_var.o(.data)
    OSTaskRegNextAvailID                     0x2000006a   Data           1  os_var.o(.data)
    OSTickCtr                                0x2000006c   Data           4  os_var.o(.data)
    OSTickList                               0x20000070   Data           8  os_var.o(.data)
    OSTickTime                               0x20000078   Data           4  os_var.o(.data)
    OSTickTimeMax                            0x2000007c   Data           4  os_var.o(.data)
    OSTmrDbgListPtr                          0x20000080   Data           4  os_var.o(.data)
    OSTmrListEntries                         0x20000084   Data           2  os_var.o(.data)
    OSTmrListPtr                             0x20000088   Data           4  os_var.o(.data)
    OSTmrQty                                 0x2000008c   Data           2  os_var.o(.data)
    OSTmrTaskTime                            0x20000090   Data           4  os_var.o(.data)
    OSTmrTaskTimeMax                         0x20000094   Data           4  os_var.o(.data)
    OSTmrTaskTickBase                        0x20000098   Data           4  os_var.o(.data)
    OSTmrToTicksMult                         0x2000009c   Data           4  os_var.o(.data)
    OSTCBCurPtr                              0x200000a0   Data           4  os_var.o(.data)
    OSTCBHighRdyPtr                          0x200000a4   Data           4  os_var.o(.data)
    OS_CPU_ExceptStkBase                     0x200000a8   Data           4  os_cpu_c.o(.data)
    OS_KA_BASEPRI_Boundary                   0x200000ac   Data           4  os_cpu_c.o(.data)
    SystemCoreClock                          0x200000b0   Data           4  system_stm32f4xx.o(.data)
    uwTick                                   0x200000b4   Data           4  stm32f4xx_hal.o(.data)
    uwTickPrio                               0x200000b8   Data           4  stm32f4xx_hal.o(.data)
    uwTickFreq                               0x200000bc   Data           1  stm32f4xx_hal.o(.data)
    Tmr_Sys                                  0x20000680   Data          48  wsys.o(.bss)
    OSCfg_IdleTaskStk                        0x200006b0   Data        1024  os_cfg_app.o(.bss)
    OSCfg_ISRStk                             0x20000ab0   Data        1024  os_cfg_app.o(.bss)
    OSCfg_MsgPool                            0x20000eb0   Data         512  os_cfg_app.o(.bss)
    OSCfg_StatTaskStk                        0x200010b0   Data        1024  os_cfg_app.o(.bss)
    OSCfg_TmrTaskStk                         0x200014b0   Data        1024  os_cfg_app.o(.bss)
    OSIdleTaskTCB                            0x200018b0   Data         168  os_var.o(.bss)
    OSMsgPool                                0x20001958   Data          12  os_var.o(.bss)
    OSRdyList                                0x20001964   Data         768  os_var.o(.bss)
    OSStatTaskTCB                            0x20001c64   Data         168  os_var.o(.bss)
    OSTmrCond                                0x20001d0c   Data          36  os_var.o(.bss)
    OSTmrMutex                               0x20001d30   Data          48  os_var.o(.bss)
    OSTmrTaskTCB                             0x20001d60   Data         168  os_var.o(.bss)
    __libspace_start                         0x20001e08   Data          96  libspace.o(.bss)
    __temporary_stack_top$libspace           0x20001e68   Data           0  libspace.o(.bss)



==============================================================================

Memory Map of the image

  Image Entry point : 0x08000189

  Load Region LR_IROM1 (Base: 0x08000000, Size: 0x00004be4, Max: 0x00100000, ABSOLUTE)

    Execution Region ER_IROM1 (Exec base: 0x08000000, Load base: 0x08000000, Size: 0x00004b24, Max: 0x00100000, ABSOLUTE)

    Exec Addr    Load Addr    Size         Type   Attr      Idx    E Section Name        Object

    0x08000000   0x08000000   0x00000188   Data   RO         1818    RESET               startup_stm32f405xx.o
    0x08000188   0x08000188   0x00000008   Code   RO         2496  * !!!main             c_w.l(__main.o)
    0x08000190   0x08000190   0x00000034   Code   RO         2663    !!!scatter          c_w.l(__scatter.o)
    0x080001c4   0x080001c4   0x0000001a   Code   RO         2665    !!handler_copy      c_w.l(__scatter_copy.o)
    0x080001de   0x080001de   0x00000002   PAD
    0x080001e0   0x080001e0   0x0000001c   Code   RO         2667    !!handler_zi        c_w.l(__scatter_zi.o)
    0x080001fc   0x080001fc   0x00000002   Code   RO         2533    .ARM.Collect$$libinit$$00000000  c_w.l(libinit.o)
    0x080001fe   0x080001fe   0x00000000   Code   RO         2546    .ARM.Collect$$libinit$$00000002  c_w.l(libinit2.o)
    0x080001fe   0x080001fe   0x00000000   Code   RO         2548    .ARM.Collect$$libinit$$00000004  c_w.l(libinit2.o)
    0x080001fe   0x080001fe   0x00000000   Code   RO         2551    .ARM.Collect$$libinit$$0000000A  c_w.l(libinit2.o)
    0x080001fe   0x080001fe   0x00000000   Code   RO         2553    .ARM.Collect$$libinit$$0000000C  c_w.l(libinit2.o)
    0x080001fe   0x080001fe   0x00000000   Code   RO         2555    .ARM.Collect$$libinit$$0000000E  c_w.l(libinit2.o)
    0x080001fe   0x080001fe   0x00000000   Code   RO         2558    .ARM.Collect$$libinit$$00000011  c_w.l(libinit2.o)
    0x080001fe   0x080001fe   0x00000000   Code   RO         2560    .ARM.Collect$$libinit$$00000013  c_w.l(libinit2.o)
    0x080001fe   0x080001fe   0x00000000   Code   RO         2562    .ARM.Collect$$libinit$$00000015  c_w.l(libinit2.o)
    0x080001fe   0x080001fe   0x00000000   Code   RO         2564    .ARM.Collect$$libinit$$00000017  c_w.l(libinit2.o)
    0x080001fe   0x080001fe   0x00000000   Code   RO         2566    .ARM.Collect$$libinit$$00000019  c_w.l(libinit2.o)
    0x080001fe   0x080001fe   0x00000000   Code   RO         2568    .ARM.Collect$$libinit$$0000001B  c_w.l(libinit2.o)
    0x080001fe   0x080001fe   0x00000000   Code   RO         2570    .ARM.Collect$$libinit$$0000001D  c_w.l(libinit2.o)
    0x080001fe   0x080001fe   0x00000000   Code   RO         2572    .ARM.Collect$$libinit$$0000001F  c_w.l(libinit2.o)
    0x080001fe   0x080001fe   0x00000000   Code   RO         2574    .ARM.Collect$$libinit$$00000021  c_w.l(libinit2.o)
    0x080001fe   0x080001fe   0x00000000   Code   RO         2576    .ARM.Collect$$libinit$$00000023  c_w.l(libinit2.o)
    0x080001fe   0x080001fe   0x00000000   Code   RO         2578    .ARM.Collect$$libinit$$00000025  c_w.l(libinit2.o)
    0x080001fe   0x080001fe   0x00000000   Code   RO         2582    .ARM.Collect$$libinit$$0000002C  c_w.l(libinit2.o)
    0x080001fe   0x080001fe   0x00000000   Code   RO         2584    .ARM.Collect$$libinit$$0000002E  c_w.l(libinit2.o)
    0x080001fe   0x080001fe   0x00000000   Code   RO         2586    .ARM.Collect$$libinit$$00000030  c_w.l(libinit2.o)
    0x080001fe   0x080001fe   0x00000000   Code   RO         2588    .ARM.Collect$$libinit$$00000032  c_w.l(libinit2.o)
    0x080001fe   0x080001fe   0x00000002   Code   RO         2589    .ARM.Collect$$libinit$$00000033  c_w.l(libinit2.o)
    0x08000200   0x08000200   0x00000002   Code   RO         2620    .ARM.Collect$$libshutdown$$00000000  c_w.l(libshutdown.o)
    0x08000202   0x08000202   0x00000000   Code   RO         2646    .ARM.Collect$$libshutdown$$00000002  c_w.l(libshutdown2.o)
    0x08000202   0x08000202   0x00000000   Code   RO         2648    .ARM.Collect$$libshutdown$$00000004  c_w.l(libshutdown2.o)
    0x08000202   0x08000202   0x00000000   Code   RO         2651    .ARM.Collect$$libshutdown$$00000007  c_w.l(libshutdown2.o)
    0x08000202   0x08000202   0x00000000   Code   RO         2654    .ARM.Collect$$libshutdown$$0000000A  c_w.l(libshutdown2.o)
    0x08000202   0x08000202   0x00000000   Code   RO         2656    .ARM.Collect$$libshutdown$$0000000C  c_w.l(libshutdown2.o)
    0x08000202   0x08000202   0x00000000   Code   RO         2659    .ARM.Collect$$libshutdown$$0000000F  c_w.l(libshutdown2.o)
    0x08000202   0x08000202   0x00000002   Code   RO         2660    .ARM.Collect$$libshutdown$$00000010  c_w.l(libshutdown2.o)
    0x08000204   0x08000204   0x00000000   Code   RO         2498    .ARM.Collect$$rtentry$$00000000  c_w.l(__rtentry.o)
    0x08000204   0x08000204   0x00000000   Code   RO         2504    .ARM.Collect$$rtentry$$00000002  c_w.l(__rtentry2.o)
    0x08000204   0x08000204   0x00000006   Code   RO         2516    .ARM.Collect$$rtentry$$00000004  c_w.l(__rtentry4.o)
    0x0800020a   0x0800020a   0x00000000   Code   RO         2506    .ARM.Collect$$rtentry$$00000009  c_w.l(__rtentry2.o)
    0x0800020a   0x0800020a   0x00000004   Code   RO         2507    .ARM.Collect$$rtentry$$0000000A  c_w.l(__rtentry2.o)
    0x0800020e   0x0800020e   0x00000000   Code   RO         2509    .ARM.Collect$$rtentry$$0000000C  c_w.l(__rtentry2.o)
    0x0800020e   0x0800020e   0x00000008   Code   RO         2510    .ARM.Collect$$rtentry$$0000000D  c_w.l(__rtentry2.o)
    0x08000216   0x08000216   0x00000002   Code   RO         2537    .ARM.Collect$$rtexit$$00000000  c_w.l(rtexit.o)
    0x08000218   0x08000218   0x00000000   Code   RO         2593    .ARM.Collect$$rtexit$$00000002  c_w.l(rtexit2.o)
    0x08000218   0x08000218   0x00000004   Code   RO         2594    .ARM.Collect$$rtexit$$00000003  c_w.l(rtexit2.o)
    0x0800021c   0x0800021c   0x00000006   Code   RO         2595    .ARM.Collect$$rtexit$$00000004  c_w.l(rtexit2.o)
    0x08000222   0x08000222   0x00000002   PAD
    0x08000224   0x08000224   0x00000034   Code   RO          796    .text               cpu_a.o
    0x08000258   0x08000258   0x00000040   Code   RO         1819    .text               startup_stm32f405xx.o
    0x08000298   0x08000298   0x000000ee   Code   RO         2490    .text               c_w.l(lludivv7m.o)
    0x08000386   0x08000386   0x0000004e   Code   RO         2492    .text               c_w.l(rt_memclr_w.o)
    0x080003d4   0x080003d4   0x00000006   Code   RO         2494    .text               c_w.l(heapauxi.o)
    0x080003da   0x080003da   0x0000004a   Code   RO         2520    .text               c_w.l(sys_stackheap_outer.o)
    0x08000424   0x08000424   0x00000012   Code   RO         2522    .text               c_w.l(exit.o)
    0x08000436   0x08000436   0x00000002   PAD
    0x08000438   0x08000438   0x00000008   Code   RO         2534    .text               c_w.l(libspace.o)
    0x08000440   0x08000440   0x0000000c   Code   RO         2590    .text               c_w.l(sys_exit.o)
    0x0800044c   0x0800044c   0x00000002   Code   RO         2609    .text               c_w.l(use_no_semi.o)
    0x0800044e   0x0800044e   0x00000000   Code   RO         2611    .text               c_w.l(indicate_semi.o)
    0x0800044e   0x0800044e   0x00000002   PAD
    0x08000450   0x08000450   0x000000f8   Code   RO         1776    CODE                os_cpu_a.o
    0x08000548   0x08000548   0x00000004   Code   RO          391    i.BusFault_Handler  wit.o
    0x0800054c   0x0800054c   0x00000008   Code   RO          635    i.CPU_Init          cpu_core.o
    0x08000554   0x08000554   0x00000014   Code   RO          640    i.CPU_TS_Init       cpu_core.o
    0x08000568   0x08000568   0x0000000c   Code   RO          642    i.CPU_TS_TmrFreqSet  cpu_core.o
    0x08000574   0x08000574   0x00000034   Code   RO          595    i.CPU_TS_TmrInit    os_bsp.o
    0x080005a8   0x080005a8   0x0000000c   Code   RO          596    i.CPU_TS_TmrRd      os_bsp.o
    0x080005b4   0x080005b4   0x00000002   Code   RO          392    i.DebugMon_Handler  wit.o
    0x080005b6   0x080005b6   0x00000018   Code   RO          287    i.EXTI0_IRQHandler  wgpio.o
    0x080005ce   0x080005ce   0x00000042   Code   RO          288    i.EXTI15_10_IRQHandler  wgpio.o
    0x08000610   0x08000610   0x00000018   Code   RO          289    i.EXTI1_IRQHandler  wgpio.o
    0x08000628   0x08000628   0x00000018   Code   RO          290    i.EXTI2_IRQHandler  wgpio.o
    0x08000640   0x08000640   0x00000018   Code   RO          291    i.EXTI3_IRQHandler  wgpio.o
    0x08000658   0x08000658   0x00000018   Code   RO          292    i.EXTI4_IRQHandler  wgpio.o
    0x08000670   0x08000670   0x00000034   Code   RO          293    i.EXTI9_5_IRQHandler  wgpio.o
    0x080006a4   0x080006a4   0x000000bc   Code   RO          294    i.HAL_GPIO_EXTI_Callback  wgpio.o
    0x08000760   0x08000760   0x0000001c   Code   RO         2011    i.HAL_GPIO_EXTI_IRQHandler  stm32f4xx_hal_gpio.o
    0x0800077c   0x0800077c   0x00000200   Code   RO         2012    i.HAL_GPIO_Init     stm32f4xx_hal_gpio.o
    0x0800097c   0x0800097c   0x00000012   Code   RO         2015    i.HAL_GPIO_TogglePin  stm32f4xx_hal_gpio.o
    0x0800098e   0x0800098e   0x0000000c   Code   RO         2016    i.HAL_GPIO_WritePin  stm32f4xx_hal_gpio.o
    0x0800099a   0x0800099a   0x00000002   PAD
    0x0800099c   0x0800099c   0x0000000c   Code   RO         1838    i.HAL_GetREVID      stm32f4xx_hal.o
    0x080009a8   0x080009a8   0x0000000c   Code   RO         1839    i.HAL_GetTick       stm32f4xx_hal.o
    0x080009b4   0x080009b4   0x00000018   Code   RO         1845    i.HAL_IncTick       stm32f4xx_hal.o
    0x080009cc   0x080009cc   0x0000003c   Code   RO         1846    i.HAL_Init          stm32f4xx_hal.o
    0x08000a08   0x08000a08   0x0000004c   Code   RO         1847    i.HAL_InitTick      stm32f4xx_hal.o
    0x08000a54   0x08000a54   0x000000cc   Code   RO          463    i.HAL_MspInit       wsys.o
    0x08000b20   0x08000b20   0x00000024   Code   RO         2354    i.HAL_NVIC_ClearPendingIRQ  stm32f4xx_hal_cortex.o
    0x08000b44   0x08000b44   0x00000020   Code   RO         2356    i.HAL_NVIC_EnableIRQ  stm32f4xx_hal_cortex.o
    0x08000b64   0x08000b64   0x0000007c   Code   RO         2362    i.HAL_NVIC_SetPriority  stm32f4xx_hal_cortex.o
    0x08000be0   0x08000be0   0x00000028   Code   RO         2363    i.HAL_NVIC_SetPriorityGrouping  stm32f4xx_hal_cortex.o
    0x08000c08   0x08000c08   0x00000044   Code   RO         2364    i.HAL_NVIC_SystemReset  stm32f4xx_hal_cortex.o
    0x08000c4c   0x08000c4c   0x00000180   Code   RO         2196    i.HAL_RCC_ClockConfig  stm32f4xx_hal_rcc.o
    0x08000dcc   0x08000dcc   0x00000178   Code   RO         2302    i.HAL_RCC_DeInit    stm32f4xx_hal_rcc_ex.o
    0x08000f44   0x08000f44   0x0000000c   Code   RO         2199    i.HAL_RCC_EnableCSS  stm32f4xx_hal_rcc.o
    0x08000f50   0x08000f50   0x0000000c   Code   RO         2201    i.HAL_RCC_GetHCLKFreq  stm32f4xx_hal_rcc.o
    0x08000f5c   0x08000f5c   0x000000b0   Code   RO         2205    i.HAL_RCC_GetSysClockFreq  stm32f4xx_hal_rcc.o
    0x0800100c   0x0800100c   0x00000448   Code   RO         2208    i.HAL_RCC_OscConfig  stm32f4xx_hal_rcc.o
    0x08001454   0x08001454   0x00000028   Code   RO         2365    i.HAL_SYSTICK_CLKSourceConfig  stm32f4xx_hal_cortex.o
    0x0800147c   0x0800147c   0x00000034   Code   RO         2367    i.HAL_SYSTICK_Config  stm32f4xx_hal_cortex.o
    0x080014b0   0x080014b0   0x00000004   Code   RO          393    i.HardFault_Handler  wit.o
    0x080014b4   0x080014b4   0x0000003a   Code   RO            4    i.MainTask          main.o
    0x080014ee   0x080014ee   0x00000004   Code   RO          394    i.MemManage_Handler  wit.o
    0x080014f2   0x080014f2   0x00000002   Code   RO          395    i.NMI_Handler       wit.o
    0x080014f4   0x080014f4   0x00000002   Code   RO          799    i.OSCfg_Init        os_cfg_app.o
    0x080014f6   0x080014f6   0x00000002   PAD
    0x080014f8   0x080014f8   0x00000124   Code   RO          819    i.OSInit            os_core.o
    0x0800161c   0x0800161c   0x00000034   Code   RO         1683    i.OSInitHook        os_cpu_c.o
    0x08001650   0x08001650   0x0000002c   Code   RO          820    i.OSIntEnter        os_core.o
    0x0800167c   0x0800167c   0x000000d4   Code   RO          821    i.OSIntExit         os_core.o
    0x08001750   0x08001750   0x00000084   Code   RO         1134    i.OSMutexCreate     os_mutex.o
    0x080017d4   0x080017d4   0x000001b8   Code   RO         1136    i.OSMutexPend       os_mutex.o
    0x0800198c   0x0800198c   0x00000150   Code   RO         1137    i.OSMutexPost       os_mutex.o
    0x08001adc   0x08001adc   0x0000009c   Code   RO          822    i.OSSched           os_core.o
    0x08001b78   0x08001b78   0x00000098   Code   RO          825    i.OSStart           os_core.o
    0x08001c10   0x08001c10   0x00000118   Code   RO         1344    i.OSStatReset       os_stat.o
    0x08001d28   0x08001d28   0x000000f4   Code   RO         1345    i.OSStatTaskCPUUsageInit  os_stat.o
    0x08001e1c   0x08001e1c   0x00000002   Code   RO         1684    i.OSStatTaskHook    os_cpu_c.o
    0x08001e1e   0x08001e1e   0x00000002   PAD
    0x08001e20   0x08001e20   0x00000144   Code   RO         1375    i.OSTaskCreate      os_task.o
    0x08001f64   0x08001f64   0x00000002   Code   RO         1685    i.OSTaskCreateHook  os_cpu_c.o
    0x08001f66   0x08001f66   0x00000002   PAD
    0x08001f68   0x08001f68   0x0000017c   Code   RO         1376    i.OSTaskDel         os_task.o
    0x080020e4   0x080020e4   0x00000002   Code   RO         1686    i.OSTaskDelHook     os_cpu_c.o
    0x080020e6   0x080020e6   0x00000100   Code   RO         1380    i.OSTaskResume      os_task.o
    0x080021e6   0x080021e6   0x00000002   Code   RO         1687    i.OSTaskReturnHook  os_cpu_c.o
    0x080021e8   0x080021e8   0x000000b4   Code   RO         1384    i.OSTaskStkChk      os_task.o
    0x0800229c   0x0800229c   0x000000d0   Code   RO         1688    i.OSTaskStkInit     os_cpu_c.o
    0x0800236c   0x0800236c   0x00000170   Code   RO         1385    i.OSTaskSuspend     os_task.o
    0x080024dc   0x080024dc   0x00000050   Code   RO         1689    i.OSTaskSwHook      os_cpu_c.o
    0x0800252c   0x0800252c   0x00000094   Code   RO         1529    i.OSTimeDly         os_time.o
    0x080025c0   0x080025c0   0x00000020   Code   RO         1532    i.OSTimeTick        os_time.o
    0x080025e0   0x080025e0   0x00000002   Code   RO         1690    i.OSTimeTickHook    os_cpu_c.o
    0x080025e2   0x080025e2   0x00000002   PAD
    0x080025e4   0x080025e4   0x000000ac   Code   RO         1559    i.OSTmrCreate       os_tmr.o
    0x08002690   0x08002690   0x0000003c   Code   RO         1561    i.OSTmrSet          os_tmr.o
    0x080026cc   0x080026cc   0x000000d8   Code   RO         1562    i.OSTmrStart        os_tmr.o
    0x080027a4   0x080027a4   0x0000002e   Code   RO         1691    i.OS_CPU_SysTickHandler  os_cpu_c.o
    0x080027d2   0x080027d2   0x00000002   PAD
    0x080027d4   0x080027d4   0x00000038   Code   RO         1692    i.OS_CPU_SysTickInit  os_cpu_c.o
    0x0800280c   0x0800280c   0x00000228   Code   RO          981    i.OS_Dbg_Init       os_dbg.o
    0x08002a34   0x08002a34   0x0000003c   Code   RO          827    i.OS_IdleTask       os_core.o
    0x08002a70   0x08002a70   0x00000070   Code   RO          828    i.OS_IdleTaskInit   os_core.o
    0x08002ae0   0x08002ae0   0x00000018   Code   RO         1066    i.OS_MemInit        os_mem.o
    0x08002af8   0x08002af8   0x0000005c   Code   RO         1098    i.OS_MsgPoolInit    os_msg.o
    0x08002b54   0x08002b54   0x00000030   Code   RO         1139    i.OS_MutexDbgListAdd  os_mutex.o
    0x08002b84   0x08002b84   0x00000008   Code   RO         1141    i.OS_MutexGrpAdd    os_mutex.o
    0x08002b8c   0x08002b8c   0x0000005e   Code   RO         1142    i.OS_MutexGrpPostAll  os_mutex.o
    0x08002bea   0x08002bea   0x0000002a   Code   RO         1143    i.OS_MutexGrpPrioFindHighest  os_mutex.o
    0x08002c14   0x08002c14   0x0000001c   Code   RO         1144    i.OS_MutexGrpRemove  os_mutex.o
    0x08002c30   0x08002c30   0x00000040   Code   RO          829    i.OS_Pend           os_core.o
    0x08002c70   0x08002c70   0x00000058   Code   RO          831    i.OS_PendDbgNameAdd  os_core.o
    0x08002cc8   0x08002cc8   0x00000024   Code   RO          832    i.OS_PendDbgNameRemove  os_core.o
    0x08002cec   0x08002cec   0x00000022   Code   RO          833    i.OS_PendListChangePrio  os_core.o
    0x08002d0e   0x08002d0e   0x0000000a   Code   RO          834    i.OS_PendListInit   os_core.o
    0x08002d18   0x08002d18   0x00000066   Code   RO          835    i.OS_PendListInsertPrio  os_core.o
    0x08002d7e   0x08002d7e   0x0000004e   Code   RO          836    i.OS_PendListRemove  os_core.o
    0x08002dcc   0x08002dcc   0x000000ac   Code   RO          837    i.OS_Post           os_core.o
    0x08002e78   0x08002e78   0x00000028   Code   RO         1206    i.OS_PrioGetHighest  os_prio.o
    0x08002ea0   0x08002ea0   0x00000018   Code   RO         1207    i.OS_PrioInit       os_prio.o
    0x08002eb8   0x08002eb8   0x00000034   Code   RO         1208    i.OS_PrioInsert     os_prio.o
    0x08002eec   0x08002eec   0x00000034   Code   RO         1209    i.OS_PrioRemove     os_prio.o
    0x08002f20   0x08002f20   0x00000024   Code   RO          838    i.OS_RdyListInit    os_core.o
    0x08002f44   0x08002f44   0x0000002c   Code   RO          839    i.OS_RdyListInsert  os_core.o
    0x08002f70   0x08002f70   0x00000040   Code   RO          840    i.OS_RdyListInsertHead  os_core.o
    0x08002fb0   0x08002fb0   0x0000003c   Code   RO          841    i.OS_RdyListInsertTail  os_core.o
    0x08002fec   0x08002fec   0x0000005c   Code   RO          843    i.OS_RdyListRemove  os_core.o
    0x08003048   0x08003048   0x00000340   Code   RO         1346    i.OS_StatTask       os_stat.o
    0x08003388   0x08003388   0x000000dc   Code   RO         1347    i.OS_StatTaskInit   os_stat.o
    0x08003464   0x08003464   0x00000030   Code   RO          844    i.OS_TaskBlock      os_core.o
    0x08003494   0x08003494   0x000000e8   Code   RO         1386    i.OS_TaskChangePrio  os_task.o
    0x0800357c   0x0800357c   0x00000030   Code   RO         1387    i.OS_TaskDbgListAdd  os_task.o
    0x080035ac   0x080035ac   0x00000044   Code   RO         1388    i.OS_TaskDbgListRemove  os_task.o
    0x080035f0   0x080035f0   0x00000020   Code   RO         1389    i.OS_TaskInit       os_task.o
    0x08003610   0x08003610   0x000000a4   Code   RO         1390    i.OS_TaskInitTCB    os_task.o
    0x080036b4   0x080036b4   0x00000018   Code   RO         1391    i.OS_TaskReturn     os_task.o
    0x080036cc   0x080036cc   0x0000001c   Code   RO         1488    i.OS_TickInit       os_tick.o
    0x080036e8   0x080036e8   0x000000ac   Code   RO         1489    i.OS_TickListInsert  os_tick.o
    0x08003794   0x08003794   0x0000008c   Code   RO         1490    i.OS_TickListInsertDly  os_tick.o
    0x08003820   0x08003820   0x00000058   Code   RO         1491    i.OS_TickListRemove  os_tick.o
    0x08003878   0x08003878   0x0000013c   Code   RO         1492    i.OS_TickListUpdate  os_tick.o
    0x080039b4   0x080039b4   0x00000064   Code   RO         1493    i.OS_TickUpdate     os_tick.o
    0x08003a18   0x08003a18   0x00000040   Code   RO         1566    i.OS_TmrCondCreate  os_tmr.o
    0x08003a58   0x08003a58   0x00000060   Code   RO         1567    i.OS_TmrCondSignal  os_tmr.o
    0x08003ab8   0x08003ab8   0x0000012c   Code   RO         1568    i.OS_TmrCondWait    os_tmr.o
    0x08003be4   0x08003be4   0x00000028   Code   RO         1569    i.OS_TmrDbgListAdd  os_tmr.o
    0x08003c0c   0x08003c0c   0x00000120   Code   RO         1571    i.OS_TmrInit        os_tmr.o
    0x08003d2c   0x08003d2c   0x000000b8   Code   RO         1572    i.OS_TmrLink        os_tmr.o
    0x08003de4   0x08003de4   0x00000018   Code   RO         1573    i.OS_TmrLock        os_tmr.o
    0x08003dfc   0x08003dfc   0x00000114   Code   RO         1574    i.OS_TmrTask        os_tmr.o
    0x08003f10   0x08003f10   0x000000cc   Code   RO         1575    i.OS_TmrUnlink      os_tmr.o
    0x08003fdc   0x08003fdc   0x00000014   Code   RO         1576    i.OS_TmrUnlock      os_tmr.o
    0x08003ff0   0x08003ff0   0x00000002   Code   RO          396    i.SVC_Handler       wit.o
    0x08003ff2   0x08003ff2   0x0000000c   Code   RO          397    i.SysTick_Handler   wit.o
    0x08003ffe   0x08003ffe   0x00000002   PAD
    0x08004000   0x08004000   0x00000054   Code   RO         1783    i.SystemInit        system_stm32f4xx.o
    0x08004054   0x08004054   0x00000004   Code   RO          398    i.UsageFault_Handler  wit.o
    0x08004058   0x08004058   0x00000010   Code   RO         2369    i.__NVIC_GetPriorityGrouping  stm32f4xx_hal_cortex.o
    0x08004068   0x08004068   0x00000028   Code   RO         2370    i.__NVIC_SetPriority  stm32f4xx_hal_cortex.o
    0x08004090   0x08004090   0x00000088   Code   RO            5    i.main              main.o
    0x08004118   0x08004118   0x00000350   Code   RO          296    i.wGpio_Init        wgpio.o
    0x08004468   0x08004468   0x000000ac   Code   RO          297    i.wGpio_putInit     wgpio.o
    0x08004514   0x08004514   0x00000058   Code   RO          299    i.wGpio_putWrite    wgpio.o
    0x0800456c   0x0800456c   0x000000b4   Code   RO          227    i.wLed_IdInit       wled.o
    0x08004620   0x08004620   0x00000048   Code   RO          229    i.wLed_SetIdStatus  wled.o
    0x08004668   0x08004668   0x000000ec   Code   RO          231    i.wLed_TmrOff       wled.o
    0x08004754   0x08004754   0x00000094   Code   RO          232    i.wLed_TmrOn        wled.o
    0x080047e8   0x080047e8   0x0000011c   Code   RO          464    i.wSys_ClockConfig  wsys.o
    0x08004904   0x08004904   0x00000008   Code   RO          466    i.wSys_GetClkFreq   wsys.o
    0x0800490c   0x0800490c   0x00000012   Code   RO          469    i.wSys_TmrReset     wsys.o
    0x0800491e   0x0800491e   0x00000002   PAD
    0x08004920   0x08004920   0x00000064   Data   RO          801    .constdata          os_cfg_app.o
    0x08004984   0x08004984   0x00000168   Data   RO          982    .constdata          os_dbg.o
    0x08004aec   0x08004aec   0x00000018   Data   RO         1784    .constdata          system_stm32f4xx.o
    0x08004b04   0x08004b04   0x00000020   Data   RO         2661    Region$$Table       anon$$obj.o


    Execution Region RW_IRAM1 (Exec base: 0x20000000, Load base: 0x08004b24, Size: 0x00003668, Max: 0x00020000, ABSOLUTE)

    Exec Addr    Load Addr    Size         Type   Attr      Idx    E Section Name        Object

    0x20000000   0x08004b24   0x00000004   Data   RW          645    .data               cpu_core.o
    0x20000004   0x08004b28   0x000000a4   Data   RW         1669    .data               os_var.o
    0x200000a8   0x08004bcc   0x00000008   Data   RW         1694    .data               os_cpu_c.o
    0x200000b0   0x08004bd4   0x00000004   Data   RW         1785    .data               system_stm32f4xx.o
    0x200000b4   0x08004bd8   0x00000009   Data   RW         1853    .data               stm32f4xx_hal.o
    0x200000bd   0x08004be1   0x00000003   PAD
    0x200000c0        -       0x000004a8   Zero   RW            6    .bss                main.o
    0x20000568        -       0x000000d8   Zero   RW          233    .bss                wled.o
    0x20000640        -       0x00000040   Zero   RW          300    .bss                wgpio.o
    0x20000680        -       0x00000030   Zero   RW          470    .bss                wsys.o
    0x200006b0        -       0x00001200   Zero   RW          800    .bss                os_cfg_app.o
    0x200018b0        -       0x00000558   Zero   RW         1668    .bss                os_var.o
    0x20001e08        -       0x00000060   Zero   RW         2535    .bss                c_w.l(libspace.o)
    0x20001e68        -       0x00000800   Zero   RW         1817    HEAP                startup_stm32f405xx.o
    0x20002668        -       0x00001000   Zero   RW         1816    STACK               startup_stm32f405xx.o


==============================================================================

Image component sizes


      Code (inc. data)   RO Data    RW Data    ZI Data      Debug   Object Name

        52          0          0          0          0        476   cpu_a.o
        40         12          0          4          0       4434   cpu_core.o
       194         32          0          0       1192     626987   main.o
        64         14          0          0          0       1268   os_bsp.o
         2          0        100          0       4608      17755   os_cfg_app.o
      1956        302          0          0          0      16979   os_core.o
       248          4          0          0          0        532   os_cpu_a.o
       452         38          0          8          0      25843   os_cpu_c.o
       552        268        360          0          0       5209   os_dbg.o
        24         10          0          0          0       1177   os_mem.o
        92         12          0          0          0       1345   os_msg.o
      1128         40          0          0          0       7632   os_mutex.o
       168         18          0          0          0       2626   os_prio.o
      1576        222          0          0          0       4695   os_stat.o
      2076        138          0          0          0      10923   os_task.o
       844         52          0          0          0       6077   os_tick.o
       180         14          0          0          0       2037   os_time.o
      1944        260          0          0          0      11579   os_tmr.o
         0          0          0        164       1368      16390   os_var.o
        64         26        392          0       6144       1012   startup_stm32f405xx.o
       184         36          0          9          0       5112   stm32f4xx_hal.o
       448         36          0          0          0      37471   stm32f4xx_hal_cortex.o
       570         50          0          0          0       4016   stm32f4xx_hal_gpio.o
      1680         68          0          0          0       5430   stm32f4xx_hal_rcc.o
       376         20          0          0          0        941   stm32f4xx_hal_rcc_ex.o
        84         16         24          4          0       1803   system_stm32f4xx.o
      1534        118          0          0         64       9262   wgpio.o
        34          0          0          0          0       4301   wit.o
       636         74          0          0        216       4357   wled.o
       514         36          0          0         48       3857   wsys.o

    ----------------------------------------------------------------------
     17732       1916        908        192      13640     841526   Object Totals
         0          0         32          0          0          0   (incl. Generated)
        16          0          0          3          0          0   (incl. Padding)

    ----------------------------------------------------------------------

      Code (inc. data)   RO Data    RW Data    ZI Data      Debug   Library Member Name

         8          0          0          0          0         68   __main.o
         0          0          0          0          0          0   __rtentry.o
        12          0          0          0          0          0   __rtentry2.o
         6          0          0          0          0          0   __rtentry4.o
        52          8          0          0          0          0   __scatter.o
        26          0          0          0          0          0   __scatter_copy.o
        28          0          0          0          0          0   __scatter_zi.o
        18          0          0          0          0         80   exit.o
         6          0          0          0          0        152   heapauxi.o
         0          0          0          0          0          0   indicate_semi.o
         2          0          0          0          0          0   libinit.o
         2          0          0          0          0          0   libinit2.o
         2          0          0          0          0          0   libshutdown.o
         2          0          0          0          0          0   libshutdown2.o
         8          4          0          0         96         68   libspace.o
       238          0          0          0          0        100   lludivv7m.o
        78          0          0          0          0         80   rt_memclr_w.o
         2          0          0          0          0          0   rtexit.o
        10          0          0          0          0          0   rtexit2.o
        12          4          0          0          0         68   sys_exit.o
        74          0          0          0          0         80   sys_stackheap_outer.o
         2          0          0          0          0         68   use_no_semi.o

    ----------------------------------------------------------------------
       596         16          0          0         96        764   Library Totals
         8          0          0          0          0          0   (incl. Padding)

    ----------------------------------------------------------------------

      Code (inc. data)   RO Data    RW Data    ZI Data      Debug   Library Name

       588         16          0          0         96        764   c_w.l

    ----------------------------------------------------------------------
       596         16          0          0         96        764   Library Totals

    ----------------------------------------------------------------------

==============================================================================


      Code (inc. data)   RO Data    RW Data    ZI Data      Debug   

     18328       1932        908        192      13736     834902   Grand Totals
     18328       1932        908        192      13736     834902   ELF Image Totals
     18328       1932        908        192          0          0   ROM Totals

==============================================================================

    Total RO  Size (Code + RO Data)                19236 (  18.79kB)
    Total RW  Size (RW Data + ZI Data)             13928 (  13.60kB)
    Total ROM Size (Code + RO Data + RW Data)      19428 (  18.97kB)

==============================================================================

